Archive member included to satisfy reference by file (symbol)

/usr/lib/gcc/arm-none-eabi/12.2.1/thumb/v6-m/nofp/libgcc.a(_dvmd_tls.o)
                              CMakeFiles/pico_time_test.dir/__/__/src/rp2_common/pico_divider/divider.S.obj (__aeabi_idiv0)
/usr/lib/gcc/arm-none-eabi/12.2.1/../../../arm-none-eabi/lib/thumb/v6-m/nofp/libc.a(lib_a-atexit.o)
                              /usr/lib/gcc/arm-none-eabi/12.2.1/../../../arm-none-eabi/lib/thumb/v6-m/nofp/crt0.o (atexit)
/usr/lib/gcc/arm-none-eabi/12.2.1/../../../arm-none-eabi/lib/thumb/v6-m/nofp/libc.a(lib_a-calloc.o)
                              CMakeFiles/pico_time_test.dir/__/__/src/rp2_common/pico_malloc/pico_malloc.c.obj (calloc)
/usr/lib/gcc/arm-none-eabi/12.2.1/../../../arm-none-eabi/lib/thumb/v6-m/nofp/libc.a(lib_a-callocr.o)
                              /usr/lib/gcc/arm-none-eabi/12.2.1/../../../arm-none-eabi/lib/thumb/v6-m/nofp/libc.a(lib_a-calloc.o) (_calloc_r)
/usr/lib/gcc/arm-none-eabi/12.2.1/../../../arm-none-eabi/lib/thumb/v6-m/nofp/libc.a(lib_a-fini.o)
                              /usr/lib/gcc/arm-none-eabi/12.2.1/../../../arm-none-eabi/lib/thumb/v6-m/nofp/crt0.o (__libc_fini_array)
/usr/lib/gcc/arm-none-eabi/12.2.1/../../../arm-none-eabi/lib/thumb/v6-m/nofp/libc.a(lib_a-impure.o)
                              /usr/lib/gcc/arm-none-eabi/12.2.1/../../../arm-none-eabi/lib/thumb/v6-m/nofp/libc.a(lib_a-calloc.o) (_impure_ptr)
/usr/lib/gcc/arm-none-eabi/12.2.1/../../../arm-none-eabi/lib/thumb/v6-m/nofp/libc.a(lib_a-init.o)
                              /usr/lib/gcc/arm-none-eabi/12.2.1/../../../arm-none-eabi/lib/thumb/v6-m/nofp/crt0.o (__libc_init_array)
/usr/lib/gcc/arm-none-eabi/12.2.1/../../../arm-none-eabi/lib/thumb/v6-m/nofp/libc.a(lib_a-malloc.o)
                              CMakeFiles/pico_time_test.dir/__/__/src/rp2_common/pico_malloc/pico_malloc.c.obj (malloc)
/usr/lib/gcc/arm-none-eabi/12.2.1/../../../arm-none-eabi/lib/thumb/v6-m/nofp/libc.a(lib_a-mallocr.o)
                              /usr/lib/gcc/arm-none-eabi/12.2.1/../../../arm-none-eabi/lib/thumb/v6-m/nofp/libc.a(lib_a-callocr.o) (_malloc_r)
/usr/lib/gcc/arm-none-eabi/12.2.1/../../../arm-none-eabi/lib/thumb/v6-m/nofp/libc.a(lib_a-mlock.o)
                              /usr/lib/gcc/arm-none-eabi/12.2.1/../../../arm-none-eabi/lib/thumb/v6-m/nofp/libc.a(lib_a-mallocr.o) (__malloc_lock)
/usr/lib/gcc/arm-none-eabi/12.2.1/../../../arm-none-eabi/lib/thumb/v6-m/nofp/libc.a(lib_a-qsort.o)
                              CMakeFiles/pico_time_test.dir/pico_time_test.c.obj (qsort)
/usr/lib/gcc/arm-none-eabi/12.2.1/../../../arm-none-eabi/lib/thumb/v6-m/nofp/libc.a(lib_a-rand.o)
                              CMakeFiles/pico_time_test.dir/pico_time_test.c.obj (rand)
/usr/lib/gcc/arm-none-eabi/12.2.1/../../../arm-none-eabi/lib/thumb/v6-m/nofp/libc.a(lib_a-realloc.o)
                              CMakeFiles/pico_time_test.dir/__/__/src/rp2_common/pico_malloc/pico_malloc.c.obj (realloc)
/usr/lib/gcc/arm-none-eabi/12.2.1/../../../arm-none-eabi/lib/thumb/v6-m/nofp/libc.a(lib_a-reallocr.o)
                              /usr/lib/gcc/arm-none-eabi/12.2.1/../../../arm-none-eabi/lib/thumb/v6-m/nofp/libc.a(lib_a-realloc.o) (_realloc_r)
/usr/lib/gcc/arm-none-eabi/12.2.1/../../../arm-none-eabi/lib/thumb/v6-m/nofp/libc.a(lib_a-sbrkr.o)
                              /usr/lib/gcc/arm-none-eabi/12.2.1/../../../arm-none-eabi/lib/thumb/v6-m/nofp/libc.a(lib_a-mallocr.o) (_sbrk_r)
/usr/lib/gcc/arm-none-eabi/12.2.1/../../../arm-none-eabi/lib/thumb/v6-m/nofp/libc.a(lib_a-strlen-stub.o)
                              CMakeFiles/pico_time_test.dir/__/__/src/rp2_common/pico_stdio/stdio.c.obj (strlen)
/usr/lib/gcc/arm-none-eabi/12.2.1/../../../arm-none-eabi/lib/thumb/v6-m/nofp/libc.a(lib_a-__atexit.o)
                              /usr/lib/gcc/arm-none-eabi/12.2.1/../../../arm-none-eabi/lib/thumb/v6-m/nofp/libc.a(lib_a-atexit.o) (__register_exitproc)
/usr/lib/gcc/arm-none-eabi/12.2.1/../../../arm-none-eabi/lib/thumb/v6-m/nofp/libc.a(lib_a-freer.o)
                              /usr/lib/gcc/arm-none-eabi/12.2.1/../../../arm-none-eabi/lib/thumb/v6-m/nofp/libc.a(lib_a-malloc.o) (_free_r)
/usr/lib/gcc/arm-none-eabi/12.2.1/../../../arm-none-eabi/lib/thumb/v6-m/nofp/libc.a(lib_a-memmove.o)
                              /usr/lib/gcc/arm-none-eabi/12.2.1/../../../arm-none-eabi/lib/thumb/v6-m/nofp/libc.a(lib_a-reallocr.o) (memmove)
/usr/lib/gcc/arm-none-eabi/12.2.1/../../../arm-none-eabi/lib/thumb/v6-m/nofp/libc.a(lib_a-reent.o)
                              /usr/lib/gcc/arm-none-eabi/12.2.1/../../../arm-none-eabi/lib/thumb/v6-m/nofp/libc.a(lib_a-sbrkr.o) (errno)

Discarded input sections

 .text          0x0000000000000000        0x0 /usr/lib/gcc/arm-none-eabi/12.2.1/thumb/v6-m/nofp/crti.o
 .data          0x0000000000000000        0x0 /usr/lib/gcc/arm-none-eabi/12.2.1/thumb/v6-m/nofp/crti.o
 .bss           0x0000000000000000        0x0 /usr/lib/gcc/arm-none-eabi/12.2.1/thumb/v6-m/nofp/crti.o
[...]
Memory Configuration

Name             Origin             Length             Attributes
FLASH            0x0000000010000000 0x0000000000200000 xr
RAM              0x0000000020000000 0x0000000000040000 xrw
SCRATCH_X        0x0000000020040000 0x0000000000001000 xrw
SCRATCH_Y        0x0000000020041000 0x0000000000001000 xrw
*default*        0x0000000000000000 0xffffffffffffffff

Linker script and memory map

LOAD /usr/lib/gcc/arm-none-eabi/12.2.1/thumb/v6-m/nofp/crti.o
LOAD /usr/lib/gcc/arm-none-eabi/12.2.1/thumb/v6-m/nofp/crtbegin.o
LOAD /usr/lib/gcc/arm-none-eabi/12.2.1/../../../arm-none-eabi/lib/thumb/v6-m/nofp/crt0.o

.flash_begin    0x0000000010000000        0x0
                0x0000000010000000                __flash_binary_start = .

.boot2          0x0000000010000000      0x100
                0x0000000010000000                __boot2_start__ = .
 *(.boot2)
 .boot2         0x0000000010000000      0x100 /tmp/cc1BZ0At.o
                0x0000000010000100                __boot2_end__ = .
                0x0000000000000001                ASSERT (((__boot2_end__ - __boot2_start__) == 0x100), ERROR: Pico second stage bootloader must be 256 bytes in size)

.text           0x0000000010000100     0x6308
                0x0000000010000100                __logical_binary_start = .
 *(.vectors)
 .vectors       0x0000000010000100       0xd4 CMakeFiles/pico_time_test.dir/__/__/src/rp2_common/pico_standard_link/crt0.S.obj
                0x0000000010000100                __vectors
                0x0000000010000100                __VECTOR_TABLE
                0x00000000100001c0                isr_invalid
                0x00000000100001c0                __default_isrs_start
                0x00000000100001c2                isr_nmi
                0x00000000100001c4                isr_hardfault
                0x00000000100001c6                isr_svcall
                0x00000000100001c8                isr_pendsv
                0x00000000100001ca                isr_systick
                0x00000000100001cc                isr_irq30
                0x00000000100001cc                __unhandled_user_irq
                0x00000000100001cc                isr_irq13
                0x00000000100001cc                isr_irq27
                0x00000000100001cc                isr_irq31
                0x00000000100001cc                isr_irq5
                0x00000000100001cc                isr_irq11
                0x00000000100001cc                isr_irq23
                0x00000000100001cc                isr_irq18
                0x00000000100001cc                isr_irq28
                0x00000000100001cc                isr_irq19
                0x00000000100001cc                isr_irq0
                0x00000000100001cc                isr_irq6
                0x00000000100001cc                isr_irq22
                0x00000000100001cc                isr_irq17
                0x00000000100001cc                isr_irq14
                0x00000000100001cc                isr_irq2
                0x00000000100001cc                isr_irq10
                0x00000000100001cc                isr_irq8
                0x00000000100001cc                isr_irq24
                0x00000000100001cc                isr_irq1
                0x00000000100001cc                isr_irq7
                0x00000000100001cc                isr_irq21
                0x00000000100001cc                isr_irq20
                0x00000000100001cc                isr_irq15
                0x00000000100001cc                isr_irq25
                0x00000000100001cc                isr_irq4
                0x00000000100001cc                isr_irq16
                0x00000000100001cc                isr_irq29
                0x00000000100001cc                isr_irq26
                0x00000000100001cc                __default_isrs_end
                0x00000000100001cc                isr_irq3
                0x00000000100001cc                isr_irq12
                0x00000000100001cc                isr_irq9
                0x00000000100001d2                unhandled_user_irq_num_in_r0
 *(.binary_info_header)
 .binary_info_header
                0x00000000100001d4       0x14 CMakeFiles/pico_time_test.dir/__/__/src/rp2_common/pico_standard_link/crt0.S.obj
                0x00000000100001e8                __binary_info_header_end = .
 *(.reset)
 .reset         0x00000000100001e8       0xa0 CMakeFiles/pico_time_test.dir/__/__/src/rp2_common/pico_standard_link/crt0.S.obj
                0x00000000100001e8                _entry_point
 .reset         0x0000000010000288       0x30 CMakeFiles/pico_time_test.dir/__/__/src/rp2_common/pico_standard_link/binary_info.c.obj
 *(.init)
 .init          0x00000000100002b8        0x4 /usr/lib/gcc/arm-none-eabi/12.2.1/thumb/v6-m/nofp/crti.o
                0x00000000100002b8                _init
 *(EXCLUDE_FILE(*libm.a: *libc.a:*lib_a-mem*.o *libgcc.a:) .text*)
 .text          0x00000000100002bc       0x98 /usr/lib/gcc/arm-none-eabi/12.2.1/thumb/v6-m/nofp/crtbegin.o
 .text.sort_by_target
                0x0000000010000354       0x20 CMakeFiles/pico_time_test.dir/pico_time_test.c.obj
                0x0000000010000354                sort_by_target
 .text.issue_195_callback
                0x0000000010000374       0x14 CMakeFiles/pico_time_test.dir/pico_time_test.c.obj
                0x0000000010000374                issue_195_callback
 .text.timer_callback1
                0x0000000010000388       0x18 CMakeFiles/pico_time_test.dir/pico_time_test.c.obj
                0x0000000010000388                timer_callback1
 .text.repeating_timer_callback
                0x00000000100003a0       0x40 CMakeFiles/pico_time_test.dir/pico_time_test.c.obj
 .text.issue_195_test
                0x00000000100003e0       0xe8 CMakeFiles/pico_time_test.dir/pico_time_test.c.obj
                0x00000000100003e0                issue_195_test
 .text.startup.main
                0x00000000100004c8      0x874 CMakeFiles/pico_time_test.dir/pico_time_test.c.obj
                0x00000000100004c8                main
 .text.setup_default_uart
                0x0000000010000d3c        0x8 CMakeFiles/pico_time_test.dir/__/__/src/rp2_common/pico_stdlib/stdlib.c.obj
                0x0000000010000d3c                setup_default_uart
 .text.gpio_set_function
                0x0000000010000d44       0x30 CMakeFiles/pico_time_test.dir/__/__/src/rp2_common/hardware_gpio/gpio.c.obj
                0x0000000010000d44                gpio_set_function
 .text.running_on_fpga
                0x0000000010000d74       0x10 CMakeFiles/pico_time_test.dir/__/__/src/rp2_common/pico_platform/platform.c.obj
                0x0000000010000d74                running_on_fpga
 .text.hw_claim_or_assert
                0x0000000010000d84       0x44 CMakeFiles/pico_time_test.dir/__/__/src/rp2_common/hardware_claim/claim.c.obj
                0x0000000010000d84                hw_claim_or_assert
 .text.spin_locks_reset
                0x0000000010000dc8       0x1c CMakeFiles/pico_time_test.dir/__/__/src/rp2_common/hardware_sync/sync.c.obj
                0x0000000010000dc8                spin_locks_reset
 .text.next_striped_spin_lock_num
                0x0000000010000de4       0x18 CMakeFiles/pico_time_test.dir/__/__/src/rp2_common/hardware_sync/sync.c.obj
                0x0000000010000de4                next_striped_spin_lock_num
 .text.irq_set_enabled
                0x0000000010000dfc       0x24 CMakeFiles/pico_time_test.dir/__/__/src/rp2_common/hardware_irq/irq.c.obj
                0x0000000010000dfc                irq_set_enabled
 .text.irq_get_vtable_handler
                0x0000000010000e20       0x10 CMakeFiles/pico_time_test.dir/__/__/src/rp2_common/hardware_irq/irq.c.obj
                0x0000000010000e20                irq_get_vtable_handler
 .text.irq_set_exclusive_handler
                0x0000000010000e30       0x54 CMakeFiles/pico_time_test.dir/__/__/src/rp2_common/hardware_irq/irq.c.obj
                0x0000000010000e30                irq_set_exclusive_handler
 .text.irq_remove_handler
                0x0000000010000e84      0x1c4 CMakeFiles/pico_time_test.dir/__/__/src/rp2_common/hardware_irq/irq.c.obj
                0x0000000010000e84                irq_remove_handler
 .text.irq_add_tail_to_free_list
                0x0000000010001048       0xb4 CMakeFiles/pico_time_test.dir/__/__/src/rp2_common/hardware_irq/irq.c.obj
                0x0000000010001048                irq_add_tail_to_free_list
 .text.irq_init_priorities
                0x00000000100010fc       0x24 CMakeFiles/pico_time_test.dir/__/__/src/rp2_common/hardware_irq/irq.c.obj
                0x00000000100010fc                irq_init_priorities
 .text.lock_init
                0x0000000010001120       0x10 CMakeFiles/pico_time_test.dir/__/__/src/common/pico_sync/lock_core.c.obj
                0x0000000010001120                lock_init
 .text.mutex_init
                0x0000000010001130       0x1c CMakeFiles/pico_time_test.dir/__/__/src/common/pico_sync/mutex.c.obj
                0x0000000010001130                mutex_init
 .text.recursive_mutex_init
                0x000000001000114c       0x1c CMakeFiles/pico_time_test.dir/__/__/src/common/pico_sync/mutex.c.obj
                0x000000001000114c                recursive_mutex_init
 .text.timer_pool_entry_comparator
                0x0000000010001168       0x34 CMakeFiles/pico_time_test.dir/__/__/src/common/pico_time/time.c.obj
                0x0000000010001168                timer_pool_entry_comparator
 .text.repeating_timer_callback
                0x000000001000119c       0x1c CMakeFiles/pico_time_test.dir/__/__/src/common/pico_time/time.c.obj
 .text.sleep_until_callback
                0x00000000100011b8       0x30 CMakeFiles/pico_time_test.dir/__/__/src/common/pico_time/time.c.obj
 .text.add_alarm_under_lock.isra.0
                0x00000000100011e8      0x100 CMakeFiles/pico_time_test.dir/__/__/src/common/pico_time/time.c.obj
 .text.alarm_pool_alarm_callback
                0x00000000100012e8      0x1c0 CMakeFiles/pico_time_test.dir/__/__/src/common/pico_time/time.c.obj
 .text.alarm_pool_init_default
                0x00000000100014a8       0x6c CMakeFiles/pico_time_test.dir/__/__/src/common/pico_time/time.c.obj
                0x00000000100014a8                alarm_pool_init_default
 .text.alarm_pool_get_default
                0x0000000010001514        0x8 CMakeFiles/pico_time_test.dir/__/__/src/common/pico_time/time.c.obj
                0x0000000010001514                alarm_pool_get_default
 .text.alarm_pool_create
                0x000000001000151c       0x74 CMakeFiles/pico_time_test.dir/__/__/src/common/pico_time/time.c.obj
                0x000000001000151c                alarm_pool_create
 .text.alarm_pool_add_alarm_at
                0x0000000010001590      0x188 CMakeFiles/pico_time_test.dir/__/__/src/common/pico_time/time.c.obj
                0x0000000010001590                alarm_pool_add_alarm_at
 .text.alarm_pool_cancel_alarm
                0x0000000010001718       0x74 CMakeFiles/pico_time_test.dir/__/__/src/common/pico_time/time.c.obj
                0x0000000010001718                alarm_pool_cancel_alarm
 .text.alarm_pool_hardware_alarm_num
                0x000000001000178c        0x4 CMakeFiles/pico_time_test.dir/__/__/src/common/pico_time/time.c.obj
                0x000000001000178c                alarm_pool_hardware_alarm_num
 .text.alarm_pool_add_repeating_timer_us
                0x0000000010001790      0x218 CMakeFiles/pico_time_test.dir/__/__/src/common/pico_time/time.c.obj
                0x0000000010001790                alarm_pool_add_repeating_timer_us
 .text.cancel_repeating_timer
                0x00000000100019a8       0x98 CMakeFiles/pico_time_test.dir/__/__/src/common/pico_time/time.c.obj
                0x00000000100019a8                cancel_repeating_timer
 .text.sleep_until
                0x0000000010001a40       0xc4 CMakeFiles/pico_time_test.dir/__/__/src/common/pico_time/time.c.obj
                0x0000000010001a40                sleep_until
 .text.sleep_us
                0x0000000010001b04       0x28 CMakeFiles/pico_time_test.dir/__/__/src/common/pico_time/time.c.obj
                0x0000000010001b04                sleep_us
 .text.sleep_ms
                0x0000000010001b2c       0x38 CMakeFiles/pico_time_test.dir/__/__/src/common/pico_time/time.c.obj
                0x0000000010001b2c                sleep_ms
 .text.best_effort_wfe_or_timeout
                0x0000000010001b64       0xec CMakeFiles/pico_time_test.dir/__/__/src/common/pico_time/time.c.obj
                0x0000000010001b64                best_effort_wfe_or_timeout
 .text.hardware_alarm_irq_handler
                0x0000000010001c50       0xbc CMakeFiles/pico_time_test.dir/__/__/src/rp2_common/hardware_timer/timer.c.obj
 .text.hardware_alarm_claim
                0x0000000010001d0c       0x18 CMakeFiles/pico_time_test.dir/__/__/src/rp2_common/hardware_timer/timer.c.obj
                0x0000000010001d0c                hardware_alarm_claim
 .text.time_us_64
                0x0000000010001d24       0x14 CMakeFiles/pico_time_test.dir/__/__/src/rp2_common/hardware_timer/timer.c.obj
                0x0000000010001d24                time_us_64
 .text.busy_wait_us_32
                0x0000000010001d38       0x7c CMakeFiles/pico_time_test.dir/__/__/src/rp2_common/hardware_timer/timer.c.obj
                0x0000000010001d38                busy_wait_us_32
 .text.busy_wait_us
                0x0000000010001db4       0x68 CMakeFiles/pico_time_test.dir/__/__/src/rp2_common/hardware_timer/timer.c.obj
                0x0000000010001db4                busy_wait_us
 .text.busy_wait_until
                0x0000000010001e1c       0x20 CMakeFiles/pico_time_test.dir/__/__/src/rp2_common/hardware_timer/timer.c.obj
                0x0000000010001e1c                busy_wait_until
 .text.hardware_alarm_set_callback
                0x0000000010001e3c       0x8c CMakeFiles/pico_time_test.dir/__/__/src/rp2_common/hardware_timer/timer.c.obj
                0x0000000010001e3c                hardware_alarm_set_callback
 .text.hardware_alarm_set_target
                0x0000000010001ec8       0xd0 CMakeFiles/pico_time_test.dir/__/__/src/rp2_common/hardware_timer/timer.c.obj
                0x0000000010001ec8                hardware_alarm_set_target
 .text.hardware_alarm_cancel
                0x0000000010001f98       0x3c CMakeFiles/pico_time_test.dir/__/__/src/rp2_common/hardware_timer/timer.c.obj
                0x0000000010001f98                hardware_alarm_cancel
 .text.ph_merge_nodes
                0x0000000010001fd4       0x64 CMakeFiles/pico_time_test.dir/__/__/src/common/pico_util/pheap.c.obj
 .text.ph_create
                0x0000000010002038       0x60 CMakeFiles/pico_time_test.dir/__/__/src/common/pico_util/pheap.c.obj
                0x0000000010002038                ph_create
 .text.ph_post_alloc_init
                0x0000000010002098       0x3c CMakeFiles/pico_time_test.dir/__/__/src/common/pico_util/pheap.c.obj
                0x0000000010002098                ph_post_alloc_init
 .text.ph_merge_two_pass
                0x00000000100020d4       0x98 CMakeFiles/pico_time_test.dir/__/__/src/common/pico_util/pheap.c.obj
                0x00000000100020d4                ph_merge_two_pass
 .text.ph_remove_any_head
                0x000000001000216c      0x100 CMakeFiles/pico_time_test.dir/__/__/src/common/pico_util/pheap.c.obj
 .text.ph_remove_head
                0x000000001000226c      0x104 CMakeFiles/pico_time_test.dir/__/__/src/common/pico_util/pheap.c.obj
                0x000000001000226c                ph_remove_head
 .text.ph_remove_and_free_node
                0x0000000010002370       0x78 CMakeFiles/pico_time_test.dir/__/__/src/common/pico_util/pheap.c.obj
                0x0000000010002370                ph_remove_and_free_node
 .text.uart_init
                0x00000000100023e8      0x188 CMakeFiles/pico_time_test.dir/__/__/src/rp2_common/hardware_uart/uart.c.obj
                0x00000000100023e8                uart_init
 .text.clocks_init
                0x0000000010002570      0x2c8 CMakeFiles/pico_time_test.dir/__/__/src/rp2_common/hardware_clocks/clocks.c.obj
                0x0000000010002570                clocks_init
 .text.clock_get_hz
                0x0000000010002838        0xc CMakeFiles/pico_time_test.dir/__/__/src/rp2_common/hardware_clocks/clocks.c.obj
                0x0000000010002838                clock_get_hz
 .text.pll_init
                0x0000000010002844       0xa0 CMakeFiles/pico_time_test.dir/__/__/src/rp2_common/hardware_pll/pll.c.obj
                0x0000000010002844                pll_init
 .text.watchdog_start_tick
                0x00000000100028e4       0x10 CMakeFiles/pico_time_test.dir/__/__/src/rp2_common/hardware_watchdog/watchdog.c.obj
                0x00000000100028e4                watchdog_start_tick
 .text.xosc_init
                0x00000000100028f4       0x28 CMakeFiles/pico_time_test.dir/__/__/src/rp2_common/hardware_xosc/xosc.c.obj
                0x00000000100028f4                xosc_init
 .text.runtime_init
                0x000000001000291c       0xf0 CMakeFiles/pico_time_test.dir/__/__/src/rp2_common/pico_runtime/runtime.c.obj
                0x000000001000291c                runtime_init
 .text._exit    0x0000000010002a0c        0x4 CMakeFiles/pico_time_test.dir/__/__/src/rp2_common/pico_runtime/runtime.c.obj
                0x0000000010002a0c                _exit
 .text._sbrk    0x0000000010002a10       0x34 CMakeFiles/pico_time_test.dir/__/__/src/rp2_common/pico_runtime/runtime.c.obj
                0x0000000010002a10                _sbrk
 .text.exit     0x0000000010002a44        0x8 CMakeFiles/pico_time_test.dir/__/__/src/rp2_common/pico_runtime/runtime.c.obj
                0x0000000010002a44                exit
 .text.panic    0x0000000010002a4c       0x30 CMakeFiles/pico_time_test.dir/__/__/src/rp2_common/pico_runtime/runtime.c.obj
                0x0000000010002a4c                panic
 .text.hard_assertion_failure
                0x0000000010002a7c        0xc CMakeFiles/pico_time_test.dir/__/__/src/rp2_common/pico_runtime/runtime.c.obj
                0x0000000010002a7c                hard_assertion_failure
 .text._out_null
                0x0000000010002a88        0x4 CMakeFiles/pico_time_test.dir/__/__/src/rp2_common/pico_printf/printf.c.obj
 .text._out_rev
                0x0000000010002a8c       0x90 CMakeFiles/pico_time_test.dir/__/__/src/rp2_common/pico_printf/printf.c.obj
 .text._ntoa_format
                0x0000000010002b1c      0x1f4 CMakeFiles/pico_time_test.dir/__/__/src/rp2_common/pico_printf/printf.c.obj
 .text._out_char
                0x0000000010002d10       0x10 CMakeFiles/pico_time_test.dir/__/__/src/rp2_common/pico_printf/printf.c.obj
 .text._out_fct
                0x0000000010002d20       0x10 CMakeFiles/pico_time_test.dir/__/__/src/rp2_common/pico_printf/printf.c.obj
 .text._etoa    0x0000000010002d30      0x454 CMakeFiles/pico_time_test.dir/__/__/src/rp2_common/pico_printf/printf.c.obj
 .text._ftoa    0x0000000010003184      0x3c4 CMakeFiles/pico_time_test.dir/__/__/src/rp2_common/pico_printf/printf.c.obj
 .text._vsnprintf
                0x0000000010003548      0xb24 CMakeFiles/pico_time_test.dir/__/__/src/rp2_common/pico_printf/printf.c.obj
 .text.vfctprintf
                0x000000001000406c       0x20 CMakeFiles/pico_time_test.dir/__/__/src/rp2_common/pico_printf/printf.c.obj
                0x000000001000406c                vfctprintf
 .text.weak_raw_vprintf
                0x000000001000408c       0x30 CMakeFiles/pico_time_test.dir/__/__/src/rp2_common/pico_printf/printf.c.obj
                0x000000001000408c                weak_raw_vprintf
 .text          0x00000000100040bc       0x10 CMakeFiles/pico_time_test.dir/__/__/src/rp2_common/pico_bit_ops/bit_ops_aeabi.S.obj
 .text.rom_func_lookup
                0x00000000100040cc       0x10 CMakeFiles/pico_time_test.dir/__/__/src/rp2_common/pico_bootrom/bootrom.c.obj
                0x00000000100040cc                rom_func_lookup
 .text.rom_data_lookup
                0x00000000100040dc       0x10 CMakeFiles/pico_time_test.dir/__/__/src/rp2_common/pico_bootrom/bootrom.c.obj
                0x00000000100040dc                rom_data_lookup
 .text.rom_funcs_lookup
                0x00000000100040ec       0x44 CMakeFiles/pico_time_test.dir/__/__/src/rp2_common/pico_bootrom/bootrom.c.obj
                0x00000000100040ec                rom_funcs_lookup
 .text.__wrap___aeabi_idiv
                0x0000000010004130       0x50 CMakeFiles/pico_time_test.dir/__/__/src/rp2_common/pico_divider/divider.S.obj
                0x0000000010004130                __wrap___aeabi_idivmod
                0x0000000010004130                divmod_s32s32
                0x0000000010004130                div_s32s32
                0x0000000010004130                __wrap___aeabi_idiv
                0x0000000010004138                divmod_s32s32_unsafe
                0x0000000010004164                divmod_s32s32_savestate
 .text.__wrap___aeabi_uidiv
                0x0000000010004180       0x4c CMakeFiles/pico_time_test.dir/__/__/src/rp2_common/pico_divider/divider.S.obj
                0x0000000010004180                __wrap___aeabi_uidiv
                0x0000000010004180                __wrap___aeabi_uidivmod
                0x0000000010004180                div_u32u32
                0x0000000010004180                divmod_u32u32
                0x0000000010004188                divmod_u32u32_unsafe
                0x00000000100041b0                divmod_u32u32_savestate
 .text.__wrap___aeabi_ldiv
                0x00000000100041cc      0x424 CMakeFiles/pico_time_test.dir/__/__/src/rp2_common/pico_divider/divider.S.obj
                0x00000000100041cc                div_s64s64
                0x00000000100041cc                divmod_s64s64
                0x00000000100041cc                __wrap___aeabi_ldivmod
                0x00000000100041fc                div_u64u64
                0x00000000100041fc                divmod_u64u64
                0x00000000100041fc                __wrap___aeabi_uldivmod
                0x000000001000420c                divmod_u64u64_savestate
                0x000000001000422c                divmod_s64s64_unsafe
                0x00000000100042b4                divmod_u64u64_unsafe
 .text.__wrap___aeabi_darithmetic
                0x00000000100045f0       0x80 CMakeFiles/pico_time_test.dir/__/__/src/rp2_common/pico_double/double_aeabi.S.obj
                0x00000000100045f0                __wrap___aeabi_drsub
                0x00000000100045f6                __wrap___aeabi_dsub
                0x0000000010004608                __wrap___aeabi_dadd
                0x000000001000461a                __wrap___aeabi_ddiv
                0x0000000010004656                __wrap___aeabi_dmul
 .text.__wrap___aeabi_cdcmple
                0x0000000010004670       0x6c CMakeFiles/pico_time_test.dir/__/__/src/rp2_common/pico_double/double_aeabi.S.obj
                0x0000000010004670                __wrap___aeabi_cdrcmple
                0x0000000010004680                __wrap___aeabi_cdcmple
                0x0000000010004680                __wrap___aeabi_cdcmpeq
 .text.__wrap___aeabi_dcmplt
                0x00000000100046dc        0xc CMakeFiles/pico_time_test.dir/__/__/src/rp2_common/pico_double/double_aeabi.S.obj
                0x00000000100046dc                __wrap___aeabi_dcmplt
 .text.__wrap___aeabi_dcmpge
                0x00000000100046e8       0x10 CMakeFiles/pico_time_test.dir/__/__/src/rp2_common/pico_double/double_aeabi.S.obj
                0x00000000100046e8                __wrap___aeabi_dcmpge
 .text.__wrap___aeabi_dcmpgt
                0x00000000100046f8        0xa CMakeFiles/pico_time_test.dir/__/__/src/rp2_common/pico_double/double_aeabi.S.obj
                0x00000000100046f8                __wrap___aeabi_dcmpgt
 .text.__wrap___aeabi_dcmpun
                0x0000000010004702       0x1c CMakeFiles/pico_time_test.dir/__/__/src/rp2_common/pico_double/double_aeabi.S.obj
                0x0000000010004702                __wrap___aeabi_dcmpun
 *fill*         0x000000001000471e        0x2 
 .text.__wrap___aeabi_i2d
                0x0000000010004720       0x38 CMakeFiles/pico_time_test.dir/__/__/src/rp2_common/pico_double/double_aeabi.S.obj
                0x0000000010004720                __wrap___aeabi_ui2d
                0x0000000010004728                __wrap___aeabi_i2d
 .text.__wrap___aeabi_d2iz
                0x0000000010004758       0x48 CMakeFiles/pico_time_test.dir/__/__/src/rp2_common/pico_double/double_aeabi.S.obj
                0x0000000010004758                __wrap___aeabi_d2iz
                0x0000000010004758                double2int_z
 .text.__wrap___aeabi_d2uiz
                0x00000000100047a0       0x18 CMakeFiles/pico_time_test.dir/__/__/src/rp2_common/pico_double/double_aeabi.S.obj
                0x00000000100047a0                double2uint
                0x00000000100047a0                __wrap___aeabi_d2uiz
 .text.__aeabi_double_init
                0x00000000100047b8       0x98 CMakeFiles/pico_time_test.dir/__/__/src/rp2_common/pico_double/double_init_rom.c.obj
                0x00000000100047b8                __aeabi_double_init
 .text.double_table_shim_on_use_helper
                0x0000000010004850       0x2c CMakeFiles/pico_time_test.dir/__/__/src/rp2_common/pico_double/double_v1_rom_shim.S.obj
                0x0000000010004850                double_table_shim_on_use_helper
 .text.__wrap___aeabi_dsub
                0x000000001000487c       0x10 CMakeFiles/pico_time_test.dir/__/__/src/rp2_common/pico_double/double_v1_rom_shim.S.obj
                0x000000001000487c                drsub_shim
                0x0000000010004882                dsub_shim
 .text.dadd_shim
                0x000000001000488c      0x15c CMakeFiles/pico_time_test.dir/__/__/src/rp2_common/pico_double/double_v1_rom_shim.S.obj
                0x000000001000488c                dadd_shim
 .text.dmul_shim
                0x00000000100049e8      0x15c CMakeFiles/pico_time_test.dir/__/__/src/rp2_common/pico_double/double_v1_rom_shim.S.obj
                0x00000000100049e8                dmul_shim
 .text.ddiv_shim
                0x0000000010004b44      0x1b0 CMakeFiles/pico_time_test.dir/__/__/src/rp2_common/pico_double/double_v1_rom_shim.S.obj
                0x0000000010004b44                ddiv_shim
 .text.double2uint_shim
                0x0000000010004cf4        0xe CMakeFiles/pico_time_test.dir/__/__/src/rp2_common/pico_double/double_v1_rom_shim.S.obj
                0x0000000010004cf4                double2uint_shim
                0x0000000010004cf6                double2ufix_shim
 *fill*         0x0000000010004d02        0x2 
 .text.double2uint64_shim
                0x0000000010004d04       0x70 CMakeFiles/pico_time_test.dir/__/__/src/rp2_common/pico_double/double_v1_rom_shim.S.obj
                0x0000000010004d04                double2uint64_shim
                0x0000000010004d06                double2ufix64_shim
                0x0000000010004d26                d2fix_a
 .text.dunpacks
                0x0000000010004d74       0x3c CMakeFiles/pico_time_test.dir/__/__/src/rp2_common/pico_double/double_v1_rom_shim.S.obj
                0x0000000010004d74                dunpacks
 .text.__aeabi_lmul
                0x0000000010004db0       0x32 CMakeFiles/pico_time_test.dir/__/__/src/rp2_common/pico_int64_ops/pico_int64_ops_aeabi.S.obj
                0x0000000010004db0                __wrap___aeabi_lmul
 *fill*         0x0000000010004de2        0x2 
 .text.__aeabi_float_init
                0x0000000010004de4       0x64 CMakeFiles/pico_time_test.dir/__/__/src/rp2_common/pico_float/float_init_rom.c.obj
                0x0000000010004de4                __aeabi_float_init
 .text.float_table_shim_on_use_helper
                0x0000000010004e48       0x2c CMakeFiles/pico_time_test.dir/__/__/src/rp2_common/pico_float/float_v1_rom_shim.S.obj
                0x0000000010004e48                float_table_shim_on_use_helper
 .text.__wrap_malloc
                0x0000000010004e74       0x24 CMakeFiles/pico_time_test.dir/__/__/src/rp2_common/pico_malloc/pico_malloc.c.obj
                0x0000000010004e74                __wrap_malloc
 .text.__wrap_calloc
                0x0000000010004e98       0x24 CMakeFiles/pico_time_test.dir/__/__/src/rp2_common/pico_malloc/pico_malloc.c.obj
                0x0000000010004e98                __wrap_calloc
 .text          0x0000000010004ebc       0x10 CMakeFiles/pico_time_test.dir/__/__/src/rp2_common/pico_mem_ops/mem_ops_aeabi.S.obj
                0x0000000010004ebc                __aeabi_mem_init
 .text.memset   0x0000000010004ecc        0xc CMakeFiles/pico_time_test.dir/__/__/src/rp2_common/pico_mem_ops/mem_ops_aeabi.S.obj
                0x0000000010004ecc                __wrap_memset
 .text.memcpy   0x0000000010004ed8        0xc CMakeFiles/pico_time_test.dir/__/__/src/rp2_common/pico_mem_ops/mem_ops_aeabi.S.obj
                0x0000000010004ed8                __wrap___aeabi_memcpy
                0x0000000010004ed8                __wrap_memcpy
 .text.stdio_out_chars_crlf
                0x0000000010004ee4       0xbc CMakeFiles/pico_time_test.dir/__/__/src/rp2_common/pico_stdio/stdio.c.obj
 .text.stdio_buffered_printer
                0x0000000010004fa0       0x64 CMakeFiles/pico_time_test.dir/__/__/src/rp2_common/pico_stdio/stdio.c.obj
 .text.__wrap_putchar
                0x0000000010005004       0x98 CMakeFiles/pico_time_test.dir/__/__/src/rp2_common/pico_stdio/stdio.c.obj
                0x0000000010005004                __wrap_putchar
 .text.__wrap_puts
                0x000000001000509c       0xe0 CMakeFiles/pico_time_test.dir/__/__/src/rp2_common/pico_stdio/stdio.c.obj
                0x000000001000509c                __wrap_puts
 .text.stdio_set_driver_enabled
                0x000000001000517c       0x30 CMakeFiles/pico_time_test.dir/__/__/src/rp2_common/pico_stdio/stdio.c.obj
                0x000000001000517c                stdio_set_driver_enabled
 .text.__wrap_vprintf
                0x00000000100051ac       0xd4 CMakeFiles/pico_time_test.dir/__/__/src/rp2_common/pico_stdio/stdio.c.obj
                0x00000000100051ac                __wrap_vprintf
 .text.__wrap_printf
                0x0000000010005280       0x18 CMakeFiles/pico_time_test.dir/__/__/src/rp2_common/pico_stdio/stdio.c.obj
                0x0000000010005280                __wrap_printf
 .text.stdio_uart_out_chars
                0x0000000010005298       0x4c CMakeFiles/pico_time_test.dir/__/__/src/rp2_common/pico_stdio_uart/stdio_uart.c.obj
 .text.stdio_uart_in_chars
                0x00000000100052e4       0x98 CMakeFiles/pico_time_test.dir/__/__/src/rp2_common/pico_stdio_uart/stdio_uart.c.obj
                0x00000000100052e4                stdio_uart_in_chars
 .text.on_uart_rx
                0x000000001000537c       0x28 CMakeFiles/pico_time_test.dir/__/__/src/rp2_common/pico_stdio_uart/stdio_uart.c.obj
 .text.stdio_uart_set_chars_available_callback
                0x00000000100053a4       0x8c CMakeFiles/pico_time_test.dir/__/__/src/rp2_common/pico_stdio_uart/stdio_uart.c.obj
 .text.stdio_uart_init
                0x0000000010005430       0x48 CMakeFiles/pico_time_test.dir/__/__/src/rp2_common/pico_stdio_uart/stdio_uart.c.obj
                0x0000000010005430                stdio_uart_init
 .text          0x0000000010005478       0x18 /usr/lib/gcc/arm-none-eabi/12.2.1/../../../arm-none-eabi/lib/thumb/v6-m/nofp/libc.a(lib_a-calloc.o)
                0x0000000010005478                calloc
 .text          0x0000000010005490       0x5c /usr/lib/gcc/arm-none-eabi/12.2.1/../../../arm-none-eabi/lib/thumb/v6-m/nofp/libc.a(lib_a-callocr.o)
                0x0000000010005490                _calloc_r
 .text          0x00000000100054ec       0x28 /usr/lib/gcc/arm-none-eabi/12.2.1/../../../arm-none-eabi/lib/thumb/v6-m/nofp/libc.a(lib_a-malloc.o)
                0x00000000100054ec                malloc
                0x0000000010005500                free
 .text          0x0000000010005514      0x574 /usr/lib/gcc/arm-none-eabi/12.2.1/../../../arm-none-eabi/lib/thumb/v6-m/nofp/libc.a(lib_a-mallocr.o)
                0x0000000010005514                _malloc_r
 .text          0x0000000010005a88        0x8 /usr/lib/gcc/arm-none-eabi/12.2.1/../../../arm-none-eabi/lib/thumb/v6-m/nofp/libc.a(lib_a-mlock.o)
                0x0000000010005a88                __malloc_lock
                0x0000000010005a8c                __malloc_unlock
 .text          0x0000000010005a90      0x60c /usr/lib/gcc/arm-none-eabi/12.2.1/../../../arm-none-eabi/lib/thumb/v6-m/nofp/libc.a(lib_a-qsort.o)
                0x0000000010005a90                qsort
 .text          0x000000001000609c       0x48 /usr/lib/gcc/arm-none-eabi/12.2.1/../../../arm-none-eabi/lib/thumb/v6-m/nofp/libc.a(lib_a-rand.o)
                0x000000001000609c                srand
                0x00000000100060b0                rand
 .text          0x00000000100060e4       0x24 /usr/lib/gcc/arm-none-eabi/12.2.1/../../../arm-none-eabi/lib/thumb/v6-m/nofp/libc.a(lib_a-sbrkr.o)
                0x00000000100060e4                _sbrk_r
 .text          0x0000000010006108       0x5c /usr/lib/gcc/arm-none-eabi/12.2.1/../../../arm-none-eabi/lib/thumb/v6-m/nofp/libc.a(lib_a-strlen-stub.o)
                0x0000000010006108                strlen
 .text          0x0000000010006164      0x260 /usr/lib/gcc/arm-none-eabi/12.2.1/../../../arm-none-eabi/lib/thumb/v6-m/nofp/libc.a(lib_a-freer.o)
                0x0000000010006164                _malloc_trim_r
                0x0000000010006200                _free_r
 *(.fini)
 .fini          0x00000000100063c4        0x4 /usr/lib/gcc/arm-none-eabi/12.2.1/thumb/v6-m/nofp/crti.o
                0x00000000100063c4                _fini
 .fini.__stub   0x00000000100063c8       0x40 linker stubs
 *crtbegin.o(.ctors)
 *crtbegin?.o(.ctors)
 *(EXCLUDE_FILE(*crtend.o *crtend?.o) .ctors)
 *(SORT_BY_NAME(.ctors.*))
 *(.ctors)
 *crtbegin.o(.dtors)
 *crtbegin?.o(.dtors)
 *(EXCLUDE_FILE(*crtend.o *crtend?.o) .dtors)
 *(SORT_BY_NAME(.dtors.*))
 *(.dtors)
 *(.eh_frame*)
 .eh_frame      0x0000000010006408        0x0 /usr/lib/gcc/arm-none-eabi/12.2.1/thumb/v6-m/nofp/crtbegin.o
                0x0000000010006408                . = ALIGN (0x4)

.glue_7         0x0000000010006408        0x0
 .glue_7        0x0000000010006408        0x0 linker stubs

.glue_7t        0x0000000010006408        0x0
 .glue_7t       0x0000000010006408        0x0 linker stubs

.vfp11_veneer   0x0000000010006408        0x0
 .vfp11_veneer  0x0000000010006408        0x0 linker stubs

.v4_bx          0x0000000010006408        0x0
 .v4_bx         0x0000000010006408        0x0 linker stubs

.iplt           0x0000000010006408        0x0
 .iplt          0x0000000010006408        0x0 /usr/lib/gcc/arm-none-eabi/12.2.1/thumb/v6-m/nofp/crtbegin.o

.rodata         0x0000000010006408      0x77c
 *(EXCLUDE_FILE(*libm.a: *libc.a:*lib_a-mem*.o *libgcc.a:) .rodata*)
 .rodata.issue_195_test.str1.4
                0x0000000010006408       0xc4 CMakeFiles/pico_time_test.dir/pico_time_test.c.obj
 .rodata.main.str1.4
                0x00000000100064cc      0x38d CMakeFiles/pico_time_test.dir/pico_time_test.c.obj
 *fill*         0x0000000010006859        0x3 
 .rodata.str1.4
                0x000000001000685c       0x27 CMakeFiles/pico_time_test.dir/pico_time_test.c.obj
 *fill*         0x0000000010006883        0x5 
 .rodata.at_the_end_of_time
                0x0000000010006888        0x8 CMakeFiles/pico_time_test.dir/__/__/src/common/pico_time/time.c.obj
                0x0000000010006888                at_the_end_of_time
 .rodata.hardware_alarm_claim.str1.4
                0x0000000010006890       0x22 CMakeFiles/pico_time_test.dir/__/__/src/rp2_common/hardware_timer/timer.c.obj
 *fill*         0x00000000100068b2        0x2 
 .rodata.panic.str1.4
                0x00000000100068b4       0x10 CMakeFiles/pico_time_test.dir/__/__/src/rp2_common/pico_runtime/runtime.c.obj
                                         0x12 (size before relaxing)
 .rodata.hard_assertion_failure.str1.4
                0x00000000100068c4        0xc CMakeFiles/pico_time_test.dir/__/__/src/rp2_common/pico_runtime/runtime.c.obj
 .rodata._ftoa.str1.4
                0x00000000100068d0       0x15 CMakeFiles/pico_time_test.dir/__/__/src/rp2_common/pico_printf/printf.c.obj
 *fill*         0x00000000100068e5        0x3 
 .rodata._vsnprintf
                0x00000000100068e8      0x19c CMakeFiles/pico_time_test.dir/__/__/src/rp2_common/pico_printf/printf.c.obj
 *fill*         0x0000000010006a84        0x4 
 .rodata.pow10.0
                0x0000000010006a88       0x50 CMakeFiles/pico_time_test.dir/__/__/src/rp2_common/pico_printf/printf.c.obj
 .rodata.__wrap_malloc.str1.4
                0x0000000010006ad8        0xe CMakeFiles/pico_time_test.dir/__/__/src/rp2_common/pico_malloc/pico_malloc.c.obj
 *fill*         0x0000000010006ae6        0x2 
 .rodata.str1.4
                0x0000000010006ae8       0x34 CMakeFiles/pico_time_test.dir/__/__/src/rp2_common/pico_standard_link/binary_info.c.obj
                                         0x44 (size before relaxing)
 .rodata.__bi_81
                0x0000000010006b1c        0xc CMakeFiles/pico_time_test.dir/__/__/src/rp2_common/pico_standard_link/binary_info.c.obj
 .rodata.__bi_75
                0x0000000010006b28        0xc CMakeFiles/pico_time_test.dir/__/__/src/rp2_common/pico_standard_link/binary_info.c.obj
 .rodata.__bi_44
                0x0000000010006b34        0xc CMakeFiles/pico_time_test.dir/__/__/src/rp2_common/pico_standard_link/binary_info.c.obj
 .rodata.crlf_str.0
                0x0000000010006b40        0x2 CMakeFiles/pico_time_test.dir/__/__/src/rp2_common/pico_stdio/stdio.c.obj
 *fill*         0x0000000010006b42        0x2 
 .rodata.str1.4
                0x0000000010006b44       0x2c CMakeFiles/pico_time_test.dir/__/__/src/rp2_common/pico_stdio_uart/stdio_uart.c.obj
 .rodata.__bi_33.4
                0x0000000010006b70        0xc CMakeFiles/pico_time_test.dir/__/__/src/rp2_common/pico_stdio_uart/stdio_uart.c.obj
 .rodata.__bi_34.5
                0x0000000010006b7c        0x8 CMakeFiles/pico_time_test.dir/__/__/src/rp2_common/pico_stdio_uart/stdio_uart.c.obj
                0x0000000010006b84                . = ALIGN (0x4)
 *(SORT_BY_ALIGNMENT(SORT_BY_NAME(.flashdata*)))
                0x0000000010006b84                . = ALIGN (0x4)

.ARM.extab
 *(.ARM.extab* .gnu.linkonce.armextab.*)
                0x0000000010006b84                __exidx_start = .

.ARM.exidx
 *(.ARM.exidx* .gnu.linkonce.armexidx.*)
                0x0000000010006b84                __exidx_end = .
                0x0000000010006b84                . = ALIGN (0x4)
                0x0000000010006b84                __binary_info_start = .

.binary_info    0x0000000010006b84       0x24
 *(.binary_info.keep.*)
 .binary_info.keep.__bi_ptr81
                0x0000000010006b84        0x4 CMakeFiles/pico_time_test.dir/__/__/src/rp2_common/pico_standard_link/binary_info.c.obj
 .binary_info.keep.__bi_ptr75
                0x0000000010006b88        0x4 CMakeFiles/pico_time_test.dir/__/__/src/rp2_common/pico_standard_link/binary_info.c.obj
 .binary_info.keep.__bi_ptr50
                0x0000000010006b8c        0x4 CMakeFiles/pico_time_test.dir/__/__/src/rp2_common/pico_standard_link/binary_info.c.obj
 .binary_info.keep.__bi_ptr44
                0x0000000010006b90        0x4 CMakeFiles/pico_time_test.dir/__/__/src/rp2_common/pico_standard_link/binary_info.c.obj
 .binary_info.keep.__bi_ptr38
                0x0000000010006b94        0x4 CMakeFiles/pico_time_test.dir/__/__/src/rp2_common/pico_standard_link/binary_info.c.obj
 .binary_info.keep.__bi_ptr30
                0x0000000010006b98        0x4 CMakeFiles/pico_time_test.dir/__/__/src/rp2_common/pico_standard_link/binary_info.c.obj
 .binary_info.keep.__bi_ptr22
                0x0000000010006b9c        0x4 CMakeFiles/pico_time_test.dir/__/__/src/rp2_common/pico_standard_link/binary_info.c.obj
 *(.binary_info.*)
 .binary_info.__bi_ptr34
                0x0000000010006ba0        0x4 CMakeFiles/pico_time_test.dir/__/__/src/rp2_common/pico_stdio_uart/stdio_uart.c.obj
 .binary_info.__bi_ptr33
                0x0000000010006ba4        0x4 CMakeFiles/pico_time_test.dir/__/__/src/rp2_common/pico_stdio_uart/stdio_uart.c.obj
                0x0000000010006ba8                __binary_info_end = .

.rel.dyn        0x0000000010006ba8        0x0
 .rel.iplt      0x0000000010006ba8        0x0 /usr/lib/gcc/arm-none-eabi/12.2.1/thumb/v6-m/nofp/crtbegin.o
                0x0000000010006ba8                . = ALIGN (0x4)

.ram_vector_table
                0x0000000020000000       0xc0
 *(.ram_vector_table)
 .ram_vector_table
                0x0000000020000000       0xc0 CMakeFiles/pico_time_test.dir/__/__/src/rp2_common/pico_runtime/runtime.c.obj
                0x0000000020000000                ram_vector_table

.data           0x00000000200000c0      0x9f4 load address 0x0000000010006ba8
                0x00000000200000c0                __data_start__ = .
 *(vtable)
 *(.time_critical*)
 .time_critical.mutex_try_enter_block_until
                0x00000000200000c0       0x9c CMakeFiles/pico_time_test.dir/__/__/src/common/pico_sync/mutex.c.obj
                0x00000000200000c0                mutex_try_enter_block_until
 .time_critical.mutex_exit
                0x000000002000015c       0x28 CMakeFiles/pico_time_test.dir/__/__/src/common/pico_sync/mutex.c.obj
                0x000000002000015c                mutex_exit
 *(.text*)
 .text          0x0000000020000184        0x4 /usr/lib/gcc/arm-none-eabi/12.2.1/thumb/v6-m/nofp/libgcc.a(_dvmd_tls.o)
                0x0000000020000184                __aeabi_ldiv0
                0x0000000020000184                __aeabi_idiv0
 .text.__stub   0x0000000020000188       0x10 linker stubs
                0x0000000020000198                . = ALIGN (0x4)
 *(.rodata*)
                0x0000000020000198                . = ALIGN (0x4)
 *(.data*)
 .data.picotest_description
                0x0000000020000198        0x4 CMakeFiles/pico_time_test.dir/pico_time_test.c.obj
                0x0000000020000198                picotest_description
 .data.picotest_module
                0x000000002000019c        0x4 CMakeFiles/pico_time_test.dir/pico_time_test.c.obj
                0x000000002000019c                picotest_module
 .data.striped_spin_lock_num
                0x00000000200001a0        0x1 CMakeFiles/pico_time_test.dir/__/__/src/rp2_common/hardware_sync/sync.c.obj
 *fill*         0x00000000200001a1        0x3 
 .data          0x00000000200001a4       0x48 CMakeFiles/pico_time_test.dir/__/__/src/rp2_common/hardware_irq/irq_handler_chain.S.obj
                0x00000000200001a4                irq_handler_chain_slots
                0x00000000200001d4                irq_handler_chain_first_slot
                0x00000000200001de                irq_handler_chain_remove_tail
 .data.default_alarm_pool
                0x00000000200001ec       0x18 CMakeFiles/pico_time_test.dir/__/__/src/common/pico_time/time.c.obj
 .data.default_alarm_pool_heap
                0x0000000020000204       0x10 CMakeFiles/pico_time_test.dir/__/__/src/common/pico_time/time.c.obj
 *fill*         0x0000000020000214        0xc 
 .data.aeabi_bits_funcs
                0x0000000020000220       0x10 CMakeFiles/pico_time_test.dir/__/__/src/rp2_common/pico_bit_ops/bit_ops_aeabi.S.obj
                0x0000000020000220                aeabi_bits_funcs
                0x0000000020000230                aeabi_bits_funcs_end
 .data.aeabi_mem_funcs
                0x0000000020000230       0x10 CMakeFiles/pico_time_test.dir/__/__/src/rp2_common/pico_mem_ops/mem_ops_aeabi.S.obj
                0x0000000020000230                aeabi_mem_funcs
                0x0000000020000240                aeabi_mem_funcs_end
 .data.stdio_uart
                0x0000000020000240       0x18 CMakeFiles/pico_time_test.dir/__/__/src/rp2_common/pico_stdio_uart/stdio_uart.c.obj
                0x0000000020000240                stdio_uart
 .data          0x0000000020000258      0x430 /usr/lib/gcc/arm-none-eabi/12.2.1/../../../arm-none-eabi/lib/thumb/v6-m/nofp/libc.a(lib_a-impure.o)
                0x0000000020000258                _impure_ptr
 .data          0x0000000020000688      0x410 /usr/lib/gcc/arm-none-eabi/12.2.1/../../../arm-none-eabi/lib/thumb/v6-m/nofp/libc.a(lib_a-mallocr.o)
                0x0000000020000688                __malloc_sbrk_base
                0x000000002000068c                __malloc_trim_threshold
                0x0000000020000690                __malloc_av_
                0x0000000020000a98                . = ALIGN (0x4)
 *(.after_data.*)
                0x0000000020000a98                . = ALIGN (0x4)
                0x0000000020000a98                PROVIDE (__mutex_array_start = .)
 *(SORT_BY_NAME(.mutex_array.*))
 *(.mutex_array)
 .mutex_array   0x0000000020000a98        0x8 CMakeFiles/pico_time_test.dir/__/__/src/rp2_common/pico_stdio/stdio.c.obj
                0x0000000020000aa0                PROVIDE (__mutex_array_end = .)
                0x0000000020000aa0                . = ALIGN (0x4)
                0x0000000020000aa0                PROVIDE (__preinit_array_start = .)
 *(SORT_BY_NAME(.preinit_array.*))
 .preinit_array.00001
                0x0000000020000aa0        0x4 CMakeFiles/pico_time_test.dir/__/__/src/rp2_common/pico_mem_ops/mem_ops_aeabi.S.obj
 .preinit_array.00010
                0x0000000020000aa4        0x4 CMakeFiles/pico_time_test.dir/__/__/src/rp2_common/pico_bit_ops/bit_ops_aeabi.S.obj
 .preinit_array.00020
                0x0000000020000aa8        0x4 CMakeFiles/pico_time_test.dir/__/__/src/rp2_common/pico_double/double_aeabi.S.obj
 .preinit_array.00020
                0x0000000020000aac        0x4 CMakeFiles/pico_time_test.dir/__/__/src/rp2_common/pico_float/float_aeabi.S.obj
 *(.preinit_array)
                0x0000000020000ab0                PROVIDE (__preinit_array_end = .)
                0x0000000020000ab0                . = ALIGN (0x4)
                0x0000000020000ab0                PROVIDE (__init_array_start = .)
 *(SORT_BY_NAME(.init_array.*))
 *(.init_array)
 .init_array    0x0000000020000ab0        0x4 /usr/lib/gcc/arm-none-eabi/12.2.1/thumb/v6-m/nofp/crtbegin.o
                0x0000000020000ab4                PROVIDE (__init_array_end = .)
                0x0000000020000ab4                . = ALIGN (0x4)
                0x0000000020000ab4                PROVIDE (__fini_array_start = .)
 *(SORT_BY_NAME(.fini_array.*))
 *(.fini_array)
                0x0000000020000ab4                PROVIDE (__fini_array_end = .)
 *(.jcr)
                0x0000000020000ab4                . = ALIGN (0x4)
                0x0000000020000ab4                __data_end__ = .
                0x0000000010006ba8                __etext = LOADADDR (.data)

.tm_clone_table
                0x0000000020000ab4        0x0 load address 0x000000001000759c
 .tm_clone_table
                0x0000000020000ab4        0x0 /usr/lib/gcc/arm-none-eabi/12.2.1/thumb/v6-m/nofp/crtbegin.o
 .tm_clone_table
                0x0000000020000ab4        0x0 /usr/lib/gcc/arm-none-eabi/12.2.1/thumb/v6-m/nofp/crtend.o

.igot.plt       0x0000000020000ab4        0x0 load address 0x000000001000759c
 .igot.plt      0x0000000020000ab4        0x0 /usr/lib/gcc/arm-none-eabi/12.2.1/thumb/v6-m/nofp/crtbegin.o

.uninitialized_data
                0x0000000020000ab4        0x0 load address 0x000000001000759c
                0x0000000020000ab4                . = ALIGN (0x4)
 *(.uninitialized_data*)

.scratch_x      0x0000000020040000        0x0 load address 0x000000001000759c
                0x0000000020040000                __scratch_x_start__ = .
 *(.scratch_x.*)
                0x0000000020040000                . = ALIGN (0x4)
                0x0000000020040000                __scratch_x_end__ = .
                0x000000001000759c                __scratch_x_source__ = LOADADDR (.scratch_x)

.scratch_y      0x0000000020041000        0x0 load address 0x000000001000759c
                0x0000000020041000                __scratch_y_start__ = .
 *(.scratch_y.*)
                0x0000000020041000                . = ALIGN (0x4)
                0x0000000020041000                __scratch_y_end__ = .
                0x000000001000759c                __scratch_y_source__ = LOADADDR (.scratch_y)

.bss            0x0000000020000ab8     0x6a04
                0x0000000020000ab8                . = ALIGN (0x4)
                0x0000000020000ab8                __bss_start__ = .
 *(SORT_BY_ALIGNMENT(SORT_BY_NAME(.bss*)))
 .bss.configured_freq
                0x0000000020000ab8       0x28 CMakeFiles/pico_time_test.dir/__/__/src/rp2_common/hardware_clocks/clocks.c.obj
 .bss.default_alarm_pool_entries
                0x0000000020000ae0      0xfa0 CMakeFiles/pico_time_test.dir/__/__/src/common/pico_time/time.c.obj
 .bss.repeating_timers
                0x0000000020001a80      0x4b0 CMakeFiles/pico_time_test.dir/pico_time_test.c.obj
 .bss.sd_table  0x0000000020001f30      0x100 CMakeFiles/pico_time_test.dir/__/__/src/rp2_common/pico_double/double_init_rom.c.obj
                0x0000000020001f30                sd_table
 .bss.sf_table  0x0000000020002030      0x100 CMakeFiles/pico_time_test.dir/__/__/src/rp2_common/pico_float/float_init_rom.c.obj
                0x0000000020002030                sf_table
 .bss.timeouts  0x0000000020002130     0x4e20 CMakeFiles/pico_time_test.dir/pico_time_test.c.obj
 .bss           0x0000000020006f50       0x1c /usr/lib/gcc/arm-none-eabi/12.2.1/thumb/v6-m/nofp/crtbegin.o
 .bss           0x0000000020006f6c       0x34 /usr/lib/gcc/arm-none-eabi/12.2.1/../../../arm-none-eabi/lib/thumb/v6-m/nofp/libc.a(lib_a-mallocr.o)
                0x0000000020006f6c                __malloc_top_pad
                0x0000000020006f70                __malloc_current_mallinfo
                0x0000000020006f98                __malloc_max_sbrked_mem
                0x0000000020006f9c                __malloc_max_total_mem
 .bss           0x0000000020006fa0        0x4 /usr/lib/gcc/arm-none-eabi/12.2.1/../../../arm-none-eabi/lib/thumb/v6-m/nofp/libc.a(lib_a-reent.o)
                0x0000000020006fa0                errno
 .bss.alarm_callbacks
                0x0000000020006fa4       0x10 CMakeFiles/pico_time_test.dir/__/__/src/rp2_common/hardware_timer/timer.c.obj
 .bss.chars_available_callback
                0x0000000020006fb4        0x4 CMakeFiles/pico_time_test.dir/__/__/src/rp2_common/pico_stdio_uart/stdio_uart.c.obj
 .bss.chars_available_param
                0x0000000020006fb8        0x4 CMakeFiles/pico_time_test.dir/__/__/src/rp2_common/pico_stdio_uart/stdio_uart.c.obj
 .bss.default_alarm_pool_entry_ids_high
                0x0000000020006fbc       0xfa CMakeFiles/pico_time_test.dir/__/__/src/common/pico_time/time.c.obj
 *fill*         0x00000000200070b6        0x2 
 .bss.default_alarm_pool_heap_nodes
                0x00000000200070b8      0x2ee CMakeFiles/pico_time_test.dir/__/__/src/common/pico_time/time.c.obj
 *fill*         0x00000000200073a6        0x2 
 .bss.drivers   0x00000000200073a8        0x4 CMakeFiles/pico_time_test.dir/__/__/src/rp2_common/pico_stdio/stdio.c.obj
 .bss.filter    0x00000000200073ac        0x4 CMakeFiles/pico_time_test.dir/__/__/src/rp2_common/pico_stdio/stdio.c.obj
 .bss.heap_end.0
                0x00000000200073b0        0x4 CMakeFiles/pico_time_test.dir/__/__/src/rp2_common/pico_runtime/runtime.c.obj
 .bss.issue_195_counter
                0x00000000200073b4        0x4 CMakeFiles/pico_time_test.dir/pico_time_test.c.obj
                0x00000000200073b4                issue_195_counter
 .bss.lazy_vsnprintf
                0x00000000200073b8        0x4 CMakeFiles/pico_time_test.dir/__/__/src/rp2_common/pico_printf/printf.c.obj
 .bss.picotest_error_code
                0x00000000200073bc        0x4 CMakeFiles/pico_time_test.dir/pico_time_test.c.obj
                0x00000000200073bc                picotest_error_code
 .bss.pools     0x00000000200073c0       0x10 CMakeFiles/pico_time_test.dir/__/__/src/common/pico_time/time.c.obj
 .bss.repeating_timer_callback_count
                0x00000000200073d0       0xc8 CMakeFiles/pico_time_test.dir/pico_time_test.c.obj
 .bss.sf_clz_func
                0x0000000020007498        0x4 CMakeFiles/pico_time_test.dir/__/__/src/rp2_common/pico_double/double_init_rom.c.obj
                0x0000000020007498                sf_clz_func
 .bss.sleep_notifier
                0x000000002000749c        0x4 CMakeFiles/pico_time_test.dir/__/__/src/common/pico_time/time.c.obj
 .bss.target_hi
                0x00000000200074a0       0x10 CMakeFiles/pico_time_test.dir/__/__/src/rp2_common/hardware_timer/timer.c.obj
 .bss.uart_char_to_line_feed
                0x00000000200074b0        0x4 CMakeFiles/pico_time_test.dir/__/__/src/rp2_common/hardware_uart/uart.c.obj
                0x00000000200074b0                uart_char_to_line_feed
 .bss.uart_instance
                0x00000000200074b4        0x4 CMakeFiles/pico_time_test.dir/__/__/src/rp2_common/pico_stdio_uart/stdio_uart.c.obj
 .bss.claimed   0x00000000200074b8        0x1 CMakeFiles/pico_time_test.dir/__/__/src/rp2_common/hardware_timer/timer.c.obj
 .bss.irq_hander_chain_free_slot_head
                0x00000000200074b9        0x1 CMakeFiles/pico_time_test.dir/__/__/src/rp2_common/hardware_irq/irq.c.obj
 .bss.timer_callbacks_pending
                0x00000000200074ba        0x1 CMakeFiles/pico_time_test.dir/__/__/src/rp2_common/hardware_timer/timer.c.obj
 *(COMMON)
                0x00000000200074bc                . = ALIGN (0x4)
 *fill*         0x00000000200074bb        0x1 
                0x00000000200074bc                __bss_end__ = .

.heap           0x00000000200074bc      0x800
                0x00000000200074bc                __end__ = .
                0x00000000200074bc                end = __end__
 *(.heap*)
 .heap          0x00000000200074bc      0x800 CMakeFiles/pico_time_test.dir/__/__/src/rp2_common/pico_standard_link/crt0.S.obj
                0x0000000020007cbc                __HeapLimit = .

.stack1_dummy
 *(.stack1*)

.stack_dummy    0x0000000020041000      0x800
 *(.stack*)
 .stack         0x0000000020041000      0x800 CMakeFiles/pico_time_test.dir/__/__/src/rp2_common/pico_standard_link/crt0.S.obj

.flash_end      0x000000001000759c        0x0
                0x000000001000759c                PROVIDE (__flash_binary_end = .)
                0x0000000020040000                __StackLimit = (ORIGIN (RAM) + LENGTH (RAM))
                0x0000000020041000                __StackOneTop = (ORIGIN (SCRATCH_X) + LENGTH (SCRATCH_X))
                0x0000000020042000                __StackTop = (ORIGIN (SCRATCH_Y) + LENGTH (SCRATCH_Y))
                0x0000000020041000                __StackOneBottom = (__StackOneTop - SIZEOF (.stack1_dummy))
                0x0000000020041800                __StackBottom = (__StackTop - SIZEOF (.stack_dummy))
                0x0000000020042000                PROVIDE (__stack = __StackTop)
                0x0000000000000001                ASSERT ((__StackLimit >= __HeapLimit), region RAM overflowed)
                0x0000000000000001                ASSERT (((__binary_info_header_end - __logical_binary_start) <= 0x100), Binary info must be in first 256 bytes of the binary)
LOAD CMakeFiles/pico_time_test.dir/pico_time_test.c.obj
LOAD CMakeFiles/pico_time_test.dir/__/__/src/rp2_common/pico_stdlib/stdlib.c.obj
LOAD CMakeFiles/pico_time_test.dir/__/__/src/rp2_common/hardware_gpio/gpio.c.obj
LOAD CMakeFiles/pico_time_test.dir/__/__/src/rp2_common/pico_platform/platform.c.obj
LOAD CMakeFiles/pico_time_test.dir/__/__/src/rp2_common/hardware_claim/claim.c.obj
LOAD CMakeFiles/pico_time_test.dir/__/__/src/rp2_common/hardware_sync/sync.c.obj
LOAD CMakeFiles/pico_time_test.dir/__/__/src/rp2_common/hardware_irq/irq.c.obj
LOAD CMakeFiles/pico_time_test.dir/__/__/src/rp2_common/hardware_irq/irq_handler_chain.S.obj
LOAD CMakeFiles/pico_time_test.dir/__/__/src/common/pico_sync/sem.c.obj
LOAD CMakeFiles/pico_time_test.dir/__/__/src/common/pico_sync/lock_core.c.obj
LOAD CMakeFiles/pico_time_test.dir/__/__/src/common/pico_sync/mutex.c.obj
LOAD CMakeFiles/pico_time_test.dir/__/__/src/common/pico_sync/critical_section.c.obj
LOAD CMakeFiles/pico_time_test.dir/__/__/src/common/pico_time/time.c.obj
LOAD CMakeFiles/pico_time_test.dir/__/__/src/common/pico_time/timeout_helper.c.obj
LOAD CMakeFiles/pico_time_test.dir/__/__/src/rp2_common/hardware_timer/timer.c.obj
LOAD CMakeFiles/pico_time_test.dir/__/__/src/common/pico_util/datetime.c.obj
LOAD CMakeFiles/pico_time_test.dir/__/__/src/common/pico_util/pheap.c.obj
LOAD CMakeFiles/pico_time_test.dir/__/__/src/common/pico_util/queue.c.obj
LOAD CMakeFiles/pico_time_test.dir/__/__/src/rp2_common/hardware_uart/uart.c.obj
LOAD CMakeFiles/pico_time_test.dir/__/__/src/rp2_common/hardware_clocks/clocks.c.obj
LOAD CMakeFiles/pico_time_test.dir/__/__/src/rp2_common/hardware_pll/pll.c.obj
LOAD CMakeFiles/pico_time_test.dir/__/__/src/rp2_common/hardware_vreg/vreg.c.obj
LOAD CMakeFiles/pico_time_test.dir/__/__/src/rp2_common/hardware_watchdog/watchdog.c.obj
LOAD CMakeFiles/pico_time_test.dir/__/__/src/rp2_common/hardware_xosc/xosc.c.obj
LOAD CMakeFiles/pico_time_test.dir/__/__/src/rp2_common/hardware_divider/divider.S.obj
LOAD CMakeFiles/pico_time_test.dir/__/__/src/rp2_common/pico_runtime/runtime.c.obj
LOAD CMakeFiles/pico_time_test.dir/__/__/src/rp2_common/pico_printf/printf.c.obj
LOAD CMakeFiles/pico_time_test.dir/__/__/src/rp2_common/pico_bit_ops/bit_ops_aeabi.S.obj
LOAD CMakeFiles/pico_time_test.dir/__/__/src/rp2_common/pico_bootrom/bootrom.c.obj
LOAD CMakeFiles/pico_time_test.dir/__/__/src/rp2_common/pico_divider/divider.S.obj
LOAD CMakeFiles/pico_time_test.dir/__/__/src/rp2_common/pico_double/double_aeabi.S.obj
LOAD CMakeFiles/pico_time_test.dir/__/__/src/rp2_common/pico_double/double_init_rom.c.obj
LOAD CMakeFiles/pico_time_test.dir/__/__/src/rp2_common/pico_double/double_math.c.obj
LOAD CMakeFiles/pico_time_test.dir/__/__/src/rp2_common/pico_double/double_v1_rom_shim.S.obj
LOAD CMakeFiles/pico_time_test.dir/__/__/src/rp2_common/pico_int64_ops/pico_int64_ops_aeabi.S.obj
LOAD CMakeFiles/pico_time_test.dir/__/__/src/rp2_common/pico_float/float_aeabi.S.obj
LOAD CMakeFiles/pico_time_test.dir/__/__/src/rp2_common/pico_float/float_init_rom.c.obj
LOAD CMakeFiles/pico_time_test.dir/__/__/src/rp2_common/pico_float/float_math.c.obj
LOAD CMakeFiles/pico_time_test.dir/__/__/src/rp2_common/pico_float/float_v1_rom_shim.S.obj
LOAD CMakeFiles/pico_time_test.dir/__/__/src/rp2_common/pico_malloc/pico_malloc.c.obj
LOAD CMakeFiles/pico_time_test.dir/__/__/src/rp2_common/pico_mem_ops/mem_ops_aeabi.S.obj
LOAD CMakeFiles/pico_time_test.dir/__/__/src/rp2_common/pico_standard_link/crt0.S.obj
LOAD CMakeFiles/pico_time_test.dir/__/__/src/rp2_common/pico_standard_link/new_delete.cpp.obj
LOAD CMakeFiles/pico_time_test.dir/__/__/src/rp2_common/pico_standard_link/binary_info.c.obj
LOAD CMakeFiles/pico_time_test.dir/__/__/src/rp2_common/pico_stdio/stdio.c.obj
LOAD CMakeFiles/pico_time_test.dir/__/__/src/rp2_common/pico_stdio_uart/stdio_uart.c.obj
LOAD /tmp/cc1BZ0At.o
LOAD /usr/lib/gcc/arm-none-eabi/12.2.1/../../../arm-none-eabi/lib/thumb/v6-m/nofp/libstdc++.a
LOAD /usr/lib/gcc/arm-none-eabi/12.2.1/../../../arm-none-eabi/lib/thumb/v6-m/nofp/libm.a
START GROUP
LOAD /usr/lib/gcc/arm-none-eabi/12.2.1/thumb/v6-m/nofp/libgcc.a
LOAD /usr/lib/gcc/arm-none-eabi/12.2.1/../../../arm-none-eabi/lib/thumb/v6-m/nofp/libc.a
END GROUP
START GROUP
LOAD /usr/lib/gcc/arm-none-eabi/12.2.1/thumb/v6-m/nofp/libgcc.a
LOAD /usr/lib/gcc/arm-none-eabi/12.2.1/../../../arm-none-eabi/lib/thumb/v6-m/nofp/libc.a
LOAD /usr/lib/gcc/arm-none-eabi/12.2.1/../../../arm-none-eabi/lib/thumb/v6-m/nofp/libnosys.a
END GROUP
LOAD /usr/lib/gcc/arm-none-eabi/12.2.1/thumb/v6-m/nofp/crtend.o
LOAD /usr/lib/gcc/arm-none-eabi/12.2.1/thumb/v6-m/nofp/crtn.o
OUTPUT(pico_time_test.elf elf32-littlearm)
LOAD linker stubs

.ARM.attributes
                0x0000000000000000       0x28
 .ARM.attributes
                0x0000000000000000       0x1e /usr/lib/gcc/arm-none-eabi/12.2.1/thumb/v6-m/nofp/crti.o
 .ARM.attributes
                0x000000000000001e       0x2c /usr/lib/gcc/arm-none-eabi/12.2.1/thumb/v6-m/nofp/crtbegin.o
 .ARM.attributes
                0x000000000000004a       0x2c CMakeFiles/pico_time_test.dir/pico_time_test.c.obj
 .ARM.attributes
                0x0000000000000076       0x2c CMakeFiles/pico_time_test.dir/__/__/src/rp2_common/pico_stdlib/stdlib.c.obj
 .ARM.attributes
                0x00000000000000a2       0x2c CMakeFiles/pico_time_test.dir/__/__/src/rp2_common/hardware_gpio/gpio.c.obj
 .ARM.attributes
                0x00000000000000ce       0x2c CMakeFiles/pico_time_test.dir/__/__/src/rp2_common/pico_platform/platform.c.obj
 .ARM.attributes
                0x00000000000000fa       0x2c CMakeFiles/pico_time_test.dir/__/__/src/rp2_common/hardware_claim/claim.c.obj
 .ARM.attributes
                0x0000000000000126       0x2c CMakeFiles/pico_time_test.dir/__/__/src/rp2_common/hardware_sync/sync.c.obj
 .ARM.attributes
                0x0000000000000152       0x2c CMakeFiles/pico_time_test.dir/__/__/src/rp2_common/hardware_irq/irq.c.obj
 .ARM.attributes
                0x000000000000017e       0x22 CMakeFiles/pico_time_test.dir/__/__/src/rp2_common/hardware_irq/irq_handler_chain.S.obj
 .ARM.attributes
                0x00000000000001a0       0x2c CMakeFiles/pico_time_test.dir/__/__/src/common/pico_sync/lock_core.c.obj
 .ARM.attributes
                0x00000000000001cc       0x2c CMakeFiles/pico_time_test.dir/__/__/src/common/pico_sync/mutex.c.obj
 .ARM.attributes
                0x00000000000001f8       0x2c CMakeFiles/pico_time_test.dir/__/__/src/common/pico_time/time.c.obj
 .ARM.attributes
                0x0000000000000224       0x2c CMakeFiles/pico_time_test.dir/__/__/src/rp2_common/hardware_timer/timer.c.obj
 .ARM.attributes
                0x0000000000000250       0x2c CMakeFiles/pico_time_test.dir/__/__/src/common/pico_util/pheap.c.obj
 .ARM.attributes
                0x000000000000027c       0x2c CMakeFiles/pico_time_test.dir/__/__/src/rp2_common/hardware_uart/uart.c.obj
 .ARM.attributes
                0x00000000000002a8       0x2c CMakeFiles/pico_time_test.dir/__/__/src/rp2_common/hardware_clocks/clocks.c.obj
 .ARM.attributes
                0x00000000000002d4       0x2c CMakeFiles/pico_time_test.dir/__/__/src/rp2_common/hardware_pll/pll.c.obj
 .ARM.attributes
                0x0000000000000300       0x2c CMakeFiles/pico_time_test.dir/__/__/src/rp2_common/hardware_watchdog/watchdog.c.obj
 .ARM.attributes
                0x000000000000032c       0x2c CMakeFiles/pico_time_test.dir/__/__/src/rp2_common/hardware_xosc/xosc.c.obj
 .ARM.attributes
                0x0000000000000358       0x2c CMakeFiles/pico_time_test.dir/__/__/src/rp2_common/pico_runtime/runtime.c.obj
 .ARM.attributes
                0x0000000000000384       0x2c CMakeFiles/pico_time_test.dir/__/__/src/rp2_common/pico_printf/printf.c.obj
 .ARM.attributes
                0x00000000000003b0       0x22 CMakeFiles/pico_time_test.dir/__/__/src/rp2_common/pico_bit_ops/bit_ops_aeabi.S.obj
 .ARM.attributes
                0x00000000000003d2       0x2c CMakeFiles/pico_time_test.dir/__/__/src/rp2_common/pico_bootrom/bootrom.c.obj
 .ARM.attributes
                0x00000000000003fe       0x22 CMakeFiles/pico_time_test.dir/__/__/src/rp2_common/pico_divider/divider.S.obj
 .ARM.attributes
                0x0000000000000420       0x22 CMakeFiles/pico_time_test.dir/__/__/src/rp2_common/pico_double/double_aeabi.S.obj
 .ARM.attributes
                0x0000000000000442       0x2c CMakeFiles/pico_time_test.dir/__/__/src/rp2_common/pico_double/double_init_rom.c.obj
 .ARM.attributes
                0x000000000000046e       0x22 CMakeFiles/pico_time_test.dir/__/__/src/rp2_common/pico_double/double_v1_rom_shim.S.obj
 .ARM.attributes
                0x0000000000000490       0x22 CMakeFiles/pico_time_test.dir/__/__/src/rp2_common/pico_int64_ops/pico_int64_ops_aeabi.S.obj
 .ARM.attributes
                0x00000000000004b2       0x22 CMakeFiles/pico_time_test.dir/__/__/src/rp2_common/pico_float/float_aeabi.S.obj
 .ARM.attributes
                0x00000000000004d4       0x2c CMakeFiles/pico_time_test.dir/__/__/src/rp2_common/pico_float/float_init_rom.c.obj
 .ARM.attributes
                0x0000000000000500       0x22 CMakeFiles/pico_time_test.dir/__/__/src/rp2_common/pico_float/float_v1_rom_shim.S.obj
 .ARM.attributes
                0x0000000000000522       0x2c CMakeFiles/pico_time_test.dir/__/__/src/rp2_common/pico_malloc/pico_malloc.c.obj
 .ARM.attributes
                0x000000000000054e       0x22 CMakeFiles/pico_time_test.dir/__/__/src/rp2_common/pico_mem_ops/mem_ops_aeabi.S.obj
 .ARM.attributes
                0x0000000000000570       0x22 CMakeFiles/pico_time_test.dir/__/__/src/rp2_common/pico_standard_link/crt0.S.obj
 .ARM.attributes
                0x0000000000000592       0x2c CMakeFiles/pico_time_test.dir/__/__/src/rp2_common/pico_standard_link/binary_info.c.obj
 .ARM.attributes
                0x00000000000005be       0x2c CMakeFiles/pico_time_test.dir/__/__/src/rp2_common/pico_stdio/stdio.c.obj
 .ARM.attributes
                0x00000000000005ea       0x2c CMakeFiles/pico_time_test.dir/__/__/src/rp2_common/pico_stdio_uart/stdio_uart.c.obj
 .ARM.attributes
                0x0000000000000616       0x22 /tmp/cc1BZ0At.o
 .ARM.attributes
                0x0000000000000638       0x1e /usr/lib/gcc/arm-none-eabi/12.2.1/thumb/v6-m/nofp/libgcc.a(_dvmd_tls.o)
 .ARM.attributes
                0x0000000000000656       0x2c /usr/lib/gcc/arm-none-eabi/12.2.1/../../../arm-none-eabi/lib/thumb/v6-m/nofp/libc.a(lib_a-calloc.o)
 .ARM.attributes
                0x0000000000000682       0x2c /usr/lib/gcc/arm-none-eabi/12.2.1/../../../arm-none-eabi/lib/thumb/v6-m/nofp/libc.a(lib_a-callocr.o)
 .ARM.attributes
                0x00000000000006ae       0x2c /usr/lib/gcc/arm-none-eabi/12.2.1/../../../arm-none-eabi/lib/thumb/v6-m/nofp/libc.a(lib_a-impure.o)
 .ARM.attributes
                0x00000000000006da       0x2c /usr/lib/gcc/arm-none-eabi/12.2.1/../../../arm-none-eabi/lib/thumb/v6-m/nofp/libc.a(lib_a-malloc.o)
 .ARM.attributes
                0x0000000000000706       0x2c /usr/lib/gcc/arm-none-eabi/12.2.1/../../../arm-none-eabi/lib/thumb/v6-m/nofp/libc.a(lib_a-mallocr.o)
 .ARM.attributes
                0x0000000000000732       0x2c /usr/lib/gcc/arm-none-eabi/12.2.1/../../../arm-none-eabi/lib/thumb/v6-m/nofp/libc.a(lib_a-mlock.o)
 .ARM.attributes
                0x000000000000075e       0x2c /usr/lib/gcc/arm-none-eabi/12.2.1/../../../arm-none-eabi/lib/thumb/v6-m/nofp/libc.a(lib_a-qsort.o)
 .ARM.attributes
                0x000000000000078a       0x2c /usr/lib/gcc/arm-none-eabi/12.2.1/../../../arm-none-eabi/lib/thumb/v6-m/nofp/libc.a(lib_a-rand.o)
 .ARM.attributes
                0x00000000000007b6       0x2c /usr/lib/gcc/arm-none-eabi/12.2.1/../../../arm-none-eabi/lib/thumb/v6-m/nofp/libc.a(lib_a-sbrkr.o)
 .ARM.attributes
                0x00000000000007e2       0x2c /usr/lib/gcc/arm-none-eabi/12.2.1/../../../arm-none-eabi/lib/thumb/v6-m/nofp/libc.a(lib_a-strlen-stub.o)
 .ARM.attributes
                0x000000000000080e       0x2c /usr/lib/gcc/arm-none-eabi/12.2.1/../../../arm-none-eabi/lib/thumb/v6-m/nofp/libc.a(lib_a-freer.o)
 .ARM.attributes
                0x000000000000083a       0x2c /usr/lib/gcc/arm-none-eabi/12.2.1/../../../arm-none-eabi/lib/thumb/v6-m/nofp/libc.a(lib_a-reent.o)
 .ARM.attributes
                0x0000000000000866       0x2c /usr/lib/gcc/arm-none-eabi/12.2.1/thumb/v6-m/nofp/crtend.o

.comment        0x0000000000000000       0x59
 .comment       0x0000000000000000       0x26 /usr/lib/gcc/arm-none-eabi/12.2.1/thumb/v6-m/nofp/crtbegin.o
                                         0x27 (size before relaxing)
 .comment       0x0000000000000026       0x27 CMakeFiles/pico_time_test.dir/pico_time_test.c.obj
 .comment       0x0000000000000026       0x27 CMakeFiles/pico_time_test.dir/__/__/src/rp2_common/pico_stdlib/stdlib.c.obj
 .comment       0x0000000000000026       0x27 CMakeFiles/pico_time_test.dir/__/__/src/rp2_common/hardware_gpio/gpio.c.obj
 .comment       0x0000000000000026       0x27 CMakeFiles/pico_time_test.dir/__/__/src/rp2_common/pico_platform/platform.c.obj
 .comment       0x0000000000000026       0x27 CMakeFiles/pico_time_test.dir/__/__/src/rp2_common/hardware_claim/claim.c.obj
 .comment       0x0000000000000026       0x27 CMakeFiles/pico_time_test.dir/__/__/src/rp2_common/hardware_sync/sync.c.obj
 .comment       0x0000000000000026       0x27 CMakeFiles/pico_time_test.dir/__/__/src/rp2_common/hardware_irq/irq.c.obj
 .comment       0x0000000000000026       0x27 CMakeFiles/pico_time_test.dir/__/__/src/common/pico_sync/lock_core.c.obj
 .comment       0x0000000000000026       0x27 CMakeFiles/pico_time_test.dir/__/__/src/common/pico_sync/mutex.c.obj
 .comment       0x0000000000000026       0x27 CMakeFiles/pico_time_test.dir/__/__/src/common/pico_time/time.c.obj
 .comment       0x0000000000000026       0x27 CMakeFiles/pico_time_test.dir/__/__/src/rp2_common/hardware_timer/timer.c.obj
 .comment       0x0000000000000026       0x27 CMakeFiles/pico_time_test.dir/__/__/src/common/pico_util/pheap.c.obj
 .comment       0x0000000000000026       0x27 CMakeFiles/pico_time_test.dir/__/__/src/rp2_common/hardware_uart/uart.c.obj
 .comment       0x0000000000000026       0x27 CMakeFiles/pico_time_test.dir/__/__/src/rp2_common/hardware_clocks/clocks.c.obj
 .comment       0x0000000000000026       0x27 CMakeFiles/pico_time_test.dir/__/__/src/rp2_common/hardware_pll/pll.c.obj
 .comment       0x0000000000000026       0x27 CMakeFiles/pico_time_test.dir/__/__/src/rp2_common/hardware_watchdog/watchdog.c.obj
 .comment       0x0000000000000026       0x27 CMakeFiles/pico_time_test.dir/__/__/src/rp2_common/hardware_xosc/xosc.c.obj
 .comment       0x0000000000000026       0x27 CMakeFiles/pico_time_test.dir/__/__/src/rp2_common/pico_runtime/runtime.c.obj
 .comment       0x0000000000000026       0x27 CMakeFiles/pico_time_test.dir/__/__/src/rp2_common/pico_printf/printf.c.obj
 .comment       0x0000000000000026       0x27 CMakeFiles/pico_time_test.dir/__/__/src/rp2_common/pico_bootrom/bootrom.c.obj
 .comment       0x0000000000000026       0x27 CMakeFiles/pico_time_test.dir/__/__/src/rp2_common/pico_double/double_init_rom.c.obj
 .comment       0x0000000000000026       0x27 CMakeFiles/pico_time_test.dir/__/__/src/rp2_common/pico_float/float_init_rom.c.obj
 .comment       0x0000000000000026       0x27 CMakeFiles/pico_time_test.dir/__/__/src/rp2_common/pico_malloc/pico_malloc.c.obj
 .comment       0x0000000000000026       0x27 CMakeFiles/pico_time_test.dir/__/__/src/rp2_common/pico_standard_link/binary_info.c.obj
 .comment       0x0000000000000026       0x27 CMakeFiles/pico_time_test.dir/__/__/src/rp2_common/pico_stdio/stdio.c.obj
 .comment       0x0000000000000026       0x27 CMakeFiles/pico_time_test.dir/__/__/src/rp2_common/pico_stdio_uart/stdio_uart.c.obj
 .comment       0x0000000000000026       0x33 /usr/lib/gcc/arm-none-eabi/12.2.1/../../../arm-none-eabi/lib/thumb/v6-m/nofp/libc.a(lib_a-calloc.o)
                                         0x34 (size before relaxing)
 .comment       0x0000000000000059       0x34 /usr/lib/gcc/arm-none-eabi/12.2.1/../../../arm-none-eabi/lib/thumb/v6-m/nofp/libc.a(lib_a-callocr.o)
 .comment       0x0000000000000059       0x34 /usr/lib/gcc/arm-none-eabi/12.2.1/../../../arm-none-eabi/lib/thumb/v6-m/nofp/libc.a(lib_a-impure.o)
 .comment       0x0000000000000059       0x34 /usr/lib/gcc/arm-none-eabi/12.2.1/../../../arm-none-eabi/lib/thumb/v6-m/nofp/libc.a(lib_a-malloc.o)
 .comment       0x0000000000000059       0x34 /usr/lib/gcc/arm-none-eabi/12.2.1/../../../arm-none-eabi/lib/thumb/v6-m/nofp/libc.a(lib_a-mallocr.o)
 .comment       0x0000000000000059       0x34 /usr/lib/gcc/arm-none-eabi/12.2.1/../../../arm-none-eabi/lib/thumb/v6-m/nofp/libc.a(lib_a-mlock.o)
 .comment       0x0000000000000059       0x34 /usr/lib/gcc/arm-none-eabi/12.2.1/../../../arm-none-eabi/lib/thumb/v6-m/nofp/libc.a(lib_a-qsort.o)
 .comment       0x0000000000000059       0x34 /usr/lib/gcc/arm-none-eabi/12.2.1/../../../arm-none-eabi/lib/thumb/v6-m/nofp/libc.a(lib_a-rand.o)
 .comment       0x0000000000000059       0x34 /usr/lib/gcc/arm-none-eabi/12.2.1/../../../arm-none-eabi/lib/thumb/v6-m/nofp/libc.a(lib_a-sbrkr.o)
 .comment       0x0000000000000059       0x34 /usr/lib/gcc/arm-none-eabi/12.2.1/../../../arm-none-eabi/lib/thumb/v6-m/nofp/libc.a(lib_a-strlen-stub.o)
 .comment       0x0000000000000059       0x34 /usr/lib/gcc/arm-none-eabi/12.2.1/../../../arm-none-eabi/lib/thumb/v6-m/nofp/libc.a(lib_a-freer.o)
 .comment       0x0000000000000059       0x34 /usr/lib/gcc/arm-none-eabi/12.2.1/../../../arm-none-eabi/lib/thumb/v6-m/nofp/libc.a(lib_a-reent.o)
 .comment       0x0000000000000059       0x27 /usr/lib/gcc/arm-none-eabi/12.2.1/thumb/v6-m/nofp/crtend.o

.debug_line     0x0000000000000000     0x24bd
 .debug_line    0x0000000000000000       0x4a /usr/lib/gcc/arm-none-eabi/12.2.1/thumb/v6-m/nofp/libgcc.a(_dvmd_tls.o)
 .debug_line    0x000000000000004a      0x149 /usr/lib/gcc/arm-none-eabi/12.2.1/../../../arm-none-eabi/lib/thumb/v6-m/nofp/libc.a(lib_a-calloc.o)
 .debug_line    0x0000000000000193      0x1d1 /usr/lib/gcc/arm-none-eabi/12.2.1/../../../arm-none-eabi/lib/thumb/v6-m/nofp/libc.a(lib_a-callocr.o)
 .debug_line    0x0000000000000364       0xe4 /usr/lib/gcc/arm-none-eabi/12.2.1/../../../arm-none-eabi/lib/thumb/v6-m/nofp/libc.a(lib_a-impure.o)
 .debug_line    0x0000000000000448      0x165 /usr/lib/gcc/arm-none-eabi/12.2.1/../../../arm-none-eabi/lib/thumb/v6-m/nofp/libc.a(lib_a-malloc.o)
 .debug_line    0x00000000000005ad      0x8e2 /usr/lib/gcc/arm-none-eabi/12.2.1/../../../arm-none-eabi/lib/thumb/v6-m/nofp/libc.a(lib_a-mallocr.o)
 .debug_line    0x0000000000000e8f      0x13e /usr/lib/gcc/arm-none-eabi/12.2.1/../../../arm-none-eabi/lib/thumb/v6-m/nofp/libc.a(lib_a-mlock.o)
 .debug_line    0x0000000000000fcd      0x97c /usr/lib/gcc/arm-none-eabi/12.2.1/../../../arm-none-eabi/lib/thumb/v6-m/nofp/libc.a(lib_a-qsort.o)
 .debug_line    0x0000000000001949      0x184 /usr/lib/gcc/arm-none-eabi/12.2.1/../../../arm-none-eabi/lib/thumb/v6-m/nofp/libc.a(lib_a-rand.o)
 .debug_line    0x0000000000001acd      0x183 /usr/lib/gcc/arm-none-eabi/12.2.1/../../../arm-none-eabi/lib/thumb/v6-m/nofp/libc.a(lib_a-sbrkr.o)
 .debug_line    0x0000000000001c50      0x172 /usr/lib/gcc/arm-none-eabi/12.2.1/../../../arm-none-eabi/lib/thumb/v6-m/nofp/libc.a(lib_a-strlen-stub.o)
 .debug_line    0x0000000000001dc2      0x47d /usr/lib/gcc/arm-none-eabi/12.2.1/../../../arm-none-eabi/lib/thumb/v6-m/nofp/libc.a(lib_a-freer.o)
 .debug_line    0x000000000000223f      0x27e /usr/lib/gcc/arm-none-eabi/12.2.1/../../../arm-none-eabi/lib/thumb/v6-m/nofp/libc.a(lib_a-reent.o)

.debug_line_str
                0x0000000000000000       0x97
 .debug_line_str
                0x0000000000000000       0x97 /usr/lib/gcc/arm-none-eabi/12.2.1/thumb/v6-m/nofp/libgcc.a(_dvmd_tls.o)

.debug_info     0x0000000000000000     0x7cfa
 .debug_info    0x0000000000000000       0x39 /usr/lib/gcc/arm-none-eabi/12.2.1/thumb/v6-m/nofp/libgcc.a(_dvmd_tls.o)
 .debug_info    0x0000000000000039      0x96a /usr/lib/gcc/arm-none-eabi/12.2.1/../../../arm-none-eabi/lib/thumb/v6-m/nofp/libc.a(lib_a-calloc.o)
 .debug_info    0x00000000000009a3      0xa81 /usr/lib/gcc/arm-none-eabi/12.2.1/../../../arm-none-eabi/lib/thumb/v6-m/nofp/libc.a(lib_a-callocr.o)
 .debug_info    0x0000000000001424      0x92a /usr/lib/gcc/arm-none-eabi/12.2.1/../../../arm-none-eabi/lib/thumb/v6-m/nofp/libc.a(lib_a-impure.o)
 .debug_info    0x0000000000001d4e      0x998 /usr/lib/gcc/arm-none-eabi/12.2.1/../../../arm-none-eabi/lib/thumb/v6-m/nofp/libc.a(lib_a-malloc.o)
 .debug_info    0x00000000000026e6      0xe80 /usr/lib/gcc/arm-none-eabi/12.2.1/../../../arm-none-eabi/lib/thumb/v6-m/nofp/libc.a(lib_a-mallocr.o)
 .debug_info    0x0000000000003566      0x942 /usr/lib/gcc/arm-none-eabi/12.2.1/../../../arm-none-eabi/lib/thumb/v6-m/nofp/libc.a(lib_a-mlock.o)
 .debug_info    0x0000000000003ea8     0x119e /usr/lib/gcc/arm-none-eabi/12.2.1/../../../arm-none-eabi/lib/thumb/v6-m/nofp/libc.a(lib_a-qsort.o)
 .debug_info    0x0000000000005046      0x972 /usr/lib/gcc/arm-none-eabi/12.2.1/../../../arm-none-eabi/lib/thumb/v6-m/nofp/libc.a(lib_a-rand.o)
 .debug_info    0x00000000000059b8      0x98e /usr/lib/gcc/arm-none-eabi/12.2.1/../../../arm-none-eabi/lib/thumb/v6-m/nofp/libc.a(lib_a-sbrkr.o)
 .debug_info    0x0000000000006346       0xee /usr/lib/gcc/arm-none-eabi/12.2.1/../../../arm-none-eabi/lib/thumb/v6-m/nofp/libc.a(lib_a-strlen-stub.o)
 .debug_info    0x0000000000006434      0xce5 /usr/lib/gcc/arm-none-eabi/12.2.1/../../../arm-none-eabi/lib/thumb/v6-m/nofp/libc.a(lib_a-freer.o)
 .debug_info    0x0000000000007119      0xbe1 /usr/lib/gcc/arm-none-eabi/12.2.1/../../../arm-none-eabi/lib/thumb/v6-m/nofp/libc.a(lib_a-reent.o)

.debug_abbrev   0x0000000000000000     0x1a51
 .debug_abbrev  0x0000000000000000       0x1f /usr/lib/gcc/arm-none-eabi/12.2.1/thumb/v6-m/nofp/libgcc.a(_dvmd_tls.o)
 .debug_abbrev  0x000000000000001f      0x212 /usr/lib/gcc/arm-none-eabi/12.2.1/../../../arm-none-eabi/lib/thumb/v6-m/nofp/libc.a(lib_a-calloc.o)
 .debug_abbrev  0x0000000000000231      0x241 /usr/lib/gcc/arm-none-eabi/12.2.1/../../../arm-none-eabi/lib/thumb/v6-m/nofp/libc.a(lib_a-callocr.o)
 .debug_abbrev  0x0000000000000472      0x1b8 /usr/lib/gcc/arm-none-eabi/12.2.1/../../../arm-none-eabi/lib/thumb/v6-m/nofp/libc.a(lib_a-impure.o)
 .debug_abbrev  0x000000000000062a      0x21a /usr/lib/gcc/arm-none-eabi/12.2.1/../../../arm-none-eabi/lib/thumb/v6-m/nofp/libc.a(lib_a-malloc.o)
 .debug_abbrev  0x0000000000000844      0x2f6 /usr/lib/gcc/arm-none-eabi/12.2.1/../../../arm-none-eabi/lib/thumb/v6-m/nofp/libc.a(lib_a-mallocr.o)
 .debug_abbrev  0x0000000000000b3a      0x1f0 /usr/lib/gcc/arm-none-eabi/12.2.1/../../../arm-none-eabi/lib/thumb/v6-m/nofp/libc.a(lib_a-mlock.o)
 .debug_abbrev  0x0000000000000d2a      0x2d1 /usr/lib/gcc/arm-none-eabi/12.2.1/../../../arm-none-eabi/lib/thumb/v6-m/nofp/libc.a(lib_a-qsort.o)
 .debug_abbrev  0x0000000000000ffb      0x219 /usr/lib/gcc/arm-none-eabi/12.2.1/../../../arm-none-eabi/lib/thumb/v6-m/nofp/libc.a(lib_a-rand.o)
 .debug_abbrev  0x0000000000001214      0x23d /usr/lib/gcc/arm-none-eabi/12.2.1/../../../arm-none-eabi/lib/thumb/v6-m/nofp/libc.a(lib_a-sbrkr.o)
 .debug_abbrev  0x0000000000001451       0x8f /usr/lib/gcc/arm-none-eabi/12.2.1/../../../arm-none-eabi/lib/thumb/v6-m/nofp/libc.a(lib_a-strlen-stub.o)
 .debug_abbrev  0x00000000000014e0      0x2a1 /usr/lib/gcc/arm-none-eabi/12.2.1/../../../arm-none-eabi/lib/thumb/v6-m/nofp/libc.a(lib_a-freer.o)
 .debug_abbrev  0x0000000000001781      0x2d0 /usr/lib/gcc/arm-none-eabi/12.2.1/../../../arm-none-eabi/lib/thumb/v6-m/nofp/libc.a(lib_a-reent.o)

.debug_aranges  0x0000000000000000      0x198
 .debug_aranges
                0x0000000000000000       0x20 /usr/lib/gcc/arm-none-eabi/12.2.1/thumb/v6-m/nofp/libgcc.a(_dvmd_tls.o)
 .debug_aranges
                0x0000000000000020       0x20 /usr/lib/gcc/arm-none-eabi/12.2.1/../../../arm-none-eabi/lib/thumb/v6-m/nofp/libc.a(lib_a-calloc.o)
 .debug_aranges
                0x0000000000000040       0x20 /usr/lib/gcc/arm-none-eabi/12.2.1/../../../arm-none-eabi/lib/thumb/v6-m/nofp/libc.a(lib_a-callocr.o)
 .debug_aranges
                0x0000000000000060       0x18 /usr/lib/gcc/arm-none-eabi/12.2.1/../../../arm-none-eabi/lib/thumb/v6-m/nofp/libc.a(lib_a-impure.o)
 .debug_aranges
                0x0000000000000078       0x20 /usr/lib/gcc/arm-none-eabi/12.2.1/../../../arm-none-eabi/lib/thumb/v6-m/nofp/libc.a(lib_a-malloc.o)
 .debug_aranges
                0x0000000000000098       0x20 /usr/lib/gcc/arm-none-eabi/12.2.1/../../../arm-none-eabi/lib/thumb/v6-m/nofp/libc.a(lib_a-mallocr.o)
 .debug_aranges
                0x00000000000000b8       0x20 /usr/lib/gcc/arm-none-eabi/12.2.1/../../../arm-none-eabi/lib/thumb/v6-m/nofp/libc.a(lib_a-mlock.o)
 .debug_aranges
                0x00000000000000d8       0x20 /usr/lib/gcc/arm-none-eabi/12.2.1/../../../arm-none-eabi/lib/thumb/v6-m/nofp/libc.a(lib_a-qsort.o)
 .debug_aranges
                0x00000000000000f8       0x20 /usr/lib/gcc/arm-none-eabi/12.2.1/../../../arm-none-eabi/lib/thumb/v6-m/nofp/libc.a(lib_a-rand.o)
 .debug_aranges
                0x0000000000000118       0x20 /usr/lib/gcc/arm-none-eabi/12.2.1/../../../arm-none-eabi/lib/thumb/v6-m/nofp/libc.a(lib_a-sbrkr.o)
 .debug_aranges
                0x0000000000000138       0x20 /usr/lib/gcc/arm-none-eabi/12.2.1/../../../arm-none-eabi/lib/thumb/v6-m/nofp/libc.a(lib_a-strlen-stub.o)
 .debug_aranges
                0x0000000000000158       0x20 /usr/lib/gcc/arm-none-eabi/12.2.1/../../../arm-none-eabi/lib/thumb/v6-m/nofp/libc.a(lib_a-freer.o)
 .debug_aranges
                0x0000000000000178       0x20 /usr/lib/gcc/arm-none-eabi/12.2.1/../../../arm-none-eabi/lib/thumb/v6-m/nofp/libc.a(lib_a-reent.o)

.debug_str      0x0000000000000000      0xc09
 .debug_str     0x0000000000000000       0xbf /usr/lib/gcc/arm-none-eabi/12.2.1/thumb/v6-m/nofp/libgcc.a(_dvmd_tls.o)
 .debug_str     0x00000000000000bf      0x4f7 /usr/lib/gcc/arm-none-eabi/12.2.1/../../../arm-none-eabi/lib/thumb/v6-m/nofp/libc.a(lib_a-calloc.o)
                                        0x57b (size before relaxing)
 .debug_str     0x00000000000005b6       0x80 /usr/lib/gcc/arm-none-eabi/12.2.1/../../../arm-none-eabi/lib/thumb/v6-m/nofp/libc.a(lib_a-callocr.o)
                                        0x5b4 (size before relaxing)
 .debug_str     0x0000000000000636       0xaa /usr/lib/gcc/arm-none-eabi/12.2.1/../../../arm-none-eabi/lib/thumb/v6-m/nofp/libc.a(lib_a-impure.o)
                                        0x57b (size before relaxing)
 .debug_str     0x00000000000006e0       0x4d /usr/lib/gcc/arm-none-eabi/12.2.1/../../../arm-none-eabi/lib/thumb/v6-m/nofp/libc.a(lib_a-malloc.o)
                                        0x58f (size before relaxing)
 .debug_str     0x000000000000072d      0x1bd /usr/lib/gcc/arm-none-eabi/12.2.1/../../../arm-none-eabi/lib/thumb/v6-m/nofp/libc.a(lib_a-mallocr.o)
                                        0x780 (size before relaxing)
 .debug_str     0x00000000000008ea       0x4c /usr/lib/gcc/arm-none-eabi/12.2.1/../../../arm-none-eabi/lib/thumb/v6-m/nofp/libc.a(lib_a-mlock.o)
                                        0x588 (size before relaxing)
 .debug_str     0x0000000000000936       0xfc /usr/lib/gcc/arm-none-eabi/12.2.1/../../../arm-none-eabi/lib/thumb/v6-m/nofp/libc.a(lib_a-qsort.o)
                                        0x208 (size before relaxing)
 .debug_str     0x0000000000000a32       0x45 /usr/lib/gcc/arm-none-eabi/12.2.1/../../../arm-none-eabi/lib/thumb/v6-m/nofp/libc.a(lib_a-rand.o)
                                        0x57f (size before relaxing)
 .debug_str     0x0000000000000a77       0x47 /usr/lib/gcc/arm-none-eabi/12.2.1/../../../arm-none-eabi/lib/thumb/v6-m/nofp/libc.a(lib_a-sbrkr.o)
                                        0x572 (size before relaxing)
 .debug_str     0x0000000000000abe       0xb9 /usr/lib/gcc/arm-none-eabi/12.2.1/../../../arm-none-eabi/lib/thumb/v6-m/nofp/libc.a(lib_a-strlen-stub.o)
                                        0x1c5 (size before relaxing)
 .debug_str     0x0000000000000b77       0x34 /usr/lib/gcc/arm-none-eabi/12.2.1/../../../arm-none-eabi/lib/thumb/v6-m/nofp/libc.a(lib_a-freer.o)
                                        0x6ca (size before relaxing)
 .debug_str     0x0000000000000bab       0x5e /usr/lib/gcc/arm-none-eabi/12.2.1/../../../arm-none-eabi/lib/thumb/v6-m/nofp/libc.a(lib_a-reent.o)
                                        0x59a (size before relaxing)

.debug_loc      0x0000000000000000     0x457b
 .debug_loc     0x0000000000000000       0x64 /usr/lib/gcc/arm-none-eabi/12.2.1/../../../arm-none-eabi/lib/thumb/v6-m/nofp/libc.a(lib_a-calloc.o)
 .debug_loc     0x0000000000000064      0x299 /usr/lib/gcc/arm-none-eabi/12.2.1/../../../arm-none-eabi/lib/thumb/v6-m/nofp/libc.a(lib_a-callocr.o)
 .debug_loc     0x00000000000002fd       0x64 /usr/lib/gcc/arm-none-eabi/12.2.1/../../../arm-none-eabi/lib/thumb/v6-m/nofp/libc.a(lib_a-malloc.o)
 .debug_loc     0x0000000000000361      0xef0 /usr/lib/gcc/arm-none-eabi/12.2.1/../../../arm-none-eabi/lib/thumb/v6-m/nofp/libc.a(lib_a-mallocr.o)
 .debug_loc     0x0000000000001251     0x2b08 /usr/lib/gcc/arm-none-eabi/12.2.1/../../../arm-none-eabi/lib/thumb/v6-m/nofp/libc.a(lib_a-qsort.o)
 .debug_loc     0x0000000000003d59       0x56 /usr/lib/gcc/arm-none-eabi/12.2.1/../../../arm-none-eabi/lib/thumb/v6-m/nofp/libc.a(lib_a-rand.o)
 .debug_loc     0x0000000000003daf       0x79 /usr/lib/gcc/arm-none-eabi/12.2.1/../../../arm-none-eabi/lib/thumb/v6-m/nofp/libc.a(lib_a-sbrkr.o)
 .debug_loc     0x0000000000003e28       0x90 /usr/lib/gcc/arm-none-eabi/12.2.1/../../../arm-none-eabi/lib/thumb/v6-m/nofp/libc.a(lib_a-strlen-stub.o)
 .debug_loc     0x0000000000003eb8      0x4e3 /usr/lib/gcc/arm-none-eabi/12.2.1/../../../arm-none-eabi/lib/thumb/v6-m/nofp/libc.a(lib_a-freer.o)
 .debug_loc     0x000000000000439b      0x1e0 /usr/lib/gcc/arm-none-eabi/12.2.1/../../../arm-none-eabi/lib/thumb/v6-m/nofp/libc.a(lib_a-reent.o)

.debug_frame    0x0000000000000000      0x268
 .debug_frame   0x0000000000000000       0x28 /usr/lib/gcc/arm-none-eabi/12.2.1/../../../arm-none-eabi/lib/thumb/v6-m/nofp/libc.a(lib_a-calloc.o)
 .debug_frame   0x0000000000000028       0x28 /usr/lib/gcc/arm-none-eabi/12.2.1/../../../arm-none-eabi/lib/thumb/v6-m/nofp/libc.a(lib_a-callocr.o)
 .debug_frame   0x0000000000000050       0x40 /usr/lib/gcc/arm-none-eabi/12.2.1/../../../arm-none-eabi/lib/thumb/v6-m/nofp/libc.a(lib_a-malloc.o)
 .debug_frame   0x0000000000000090       0x3c /usr/lib/gcc/arm-none-eabi/12.2.1/../../../arm-none-eabi/lib/thumb/v6-m/nofp/libc.a(lib_a-mallocr.o)
 .debug_frame   0x00000000000000cc       0x30 /usr/lib/gcc/arm-none-eabi/12.2.1/../../../arm-none-eabi/lib/thumb/v6-m/nofp/libc.a(lib_a-mlock.o)
 .debug_frame   0x00000000000000fc       0x3c /usr/lib/gcc/arm-none-eabi/12.2.1/../../../arm-none-eabi/lib/thumb/v6-m/nofp/libc.a(lib_a-qsort.o)
 .debug_frame   0x0000000000000138       0x38 /usr/lib/gcc/arm-none-eabi/12.2.1/../../../arm-none-eabi/lib/thumb/v6-m/nofp/libc.a(lib_a-rand.o)
 .debug_frame   0x0000000000000170       0x2c /usr/lib/gcc/arm-none-eabi/12.2.1/../../../arm-none-eabi/lib/thumb/v6-m/nofp/libc.a(lib_a-sbrkr.o)
 .debug_frame   0x000000000000019c       0x28 /usr/lib/gcc/arm-none-eabi/12.2.1/../../../arm-none-eabi/lib/thumb/v6-m/nofp/libc.a(lib_a-strlen-stub.o)
 .debug_frame   0x00000000000001c4       0x54 /usr/lib/gcc/arm-none-eabi/12.2.1/../../../arm-none-eabi/lib/thumb/v6-m/nofp/libc.a(lib_a-freer.o)
 .debug_frame   0x0000000000000218       0x50 /usr/lib/gcc/arm-none-eabi/12.2.1/../../../arm-none-eabi/lib/thumb/v6-m/nofp/libc.a(lib_a-reent.o)

.debug_ranges   0x0000000000000000      0x3a0
 .debug_ranges  0x0000000000000000       0x40 /usr/lib/gcc/arm-none-eabi/12.2.1/../../../arm-none-eabi/lib/thumb/v6-m/nofp/libc.a(lib_a-callocr.o)
 .debug_ranges  0x0000000000000040       0x50 /usr/lib/gcc/arm-none-eabi/12.2.1/../../../arm-none-eabi/lib/thumb/v6-m/nofp/libc.a(lib_a-mallocr.o)
 .debug_ranges  0x0000000000000090      0x310 /usr/lib/gcc/arm-none-eabi/12.2.1/../../../arm-none-eabi/lib/thumb/v6-m/nofp/libc.a(lib_a-qsort.o)
