Archive member included to satisfy reference by file (symbol)

/usr/lib/gcc/arm-none-eabi/12.2.1/thumb/v6-m/nofp/libgcc.a(_dvmd_tls.o)
                              CMakeFiles/kitchen_sink_copy_to_ram.dir/__/__/src/rp2_common/pico_divider/divider.S.obj (__aeabi_idiv0)
/usr/lib/gcc/arm-none-eabi/12.2.1/../../../arm-none-eabi/lib/thumb/v6-m/nofp/libc.a(lib_a-atexit.o)
                              /usr/lib/gcc/arm-none-eabi/12.2.1/../../../arm-none-eabi/lib/thumb/v6-m/nofp/crt0.o (atexit)
/usr/lib/gcc/arm-none-eabi/12.2.1/../../../arm-none-eabi/lib/thumb/v6-m/nofp/libc.a(lib_a-calloc.o)
                              CMakeFiles/kitchen_sink_copy_to_ram.dir/__/__/src/rp2_common/pico_malloc/pico_malloc.c.obj (calloc)
/usr/lib/gcc/arm-none-eabi/12.2.1/../../../arm-none-eabi/lib/thumb/v6-m/nofp/libc.a(lib_a-callocr.o)
                              /usr/lib/gcc/arm-none-eabi/12.2.1/../../../arm-none-eabi/lib/thumb/v6-m/nofp/libc.a(lib_a-calloc.o) (_calloc_r)
/usr/lib/gcc/arm-none-eabi/12.2.1/../../../arm-none-eabi/lib/thumb/v6-m/nofp/libc.a(lib_a-fini.o)
                              /usr/lib/gcc/arm-none-eabi/12.2.1/../../../arm-none-eabi/lib/thumb/v6-m/nofp/crt0.o (__libc_fini_array)
/usr/lib/gcc/arm-none-eabi/12.2.1/../../../arm-none-eabi/lib/thumb/v6-m/nofp/libc.a(lib_a-impure.o)
                              /usr/lib/gcc/arm-none-eabi/12.2.1/../../../arm-none-eabi/lib/thumb/v6-m/nofp/libc.a(lib_a-calloc.o) (_impure_ptr)
/usr/lib/gcc/arm-none-eabi/12.2.1/../../../arm-none-eabi/lib/thumb/v6-m/nofp/libc.a(lib_a-init.o)
                              /usr/lib/gcc/arm-none-eabi/12.2.1/../../../arm-none-eabi/lib/thumb/v6-m/nofp/crt0.o (__libc_init_array)
/usr/lib/gcc/arm-none-eabi/12.2.1/../../../arm-none-eabi/lib/thumb/v6-m/nofp/libc.a(lib_a-malloc.o)
                              CMakeFiles/kitchen_sink_copy_to_ram.dir/__/__/src/rp2_common/pico_malloc/pico_malloc.c.obj (malloc)
/usr/lib/gcc/arm-none-eabi/12.2.1/../../../arm-none-eabi/lib/thumb/v6-m/nofp/libc.a(lib_a-mallocr.o)
                              /usr/lib/gcc/arm-none-eabi/12.2.1/../../../arm-none-eabi/lib/thumb/v6-m/nofp/libc.a(lib_a-callocr.o) (_malloc_r)
/usr/lib/gcc/arm-none-eabi/12.2.1/../../../arm-none-eabi/lib/thumb/v6-m/nofp/libc.a(lib_a-mlock.o)
                              /usr/lib/gcc/arm-none-eabi/12.2.1/../../../arm-none-eabi/lib/thumb/v6-m/nofp/libc.a(lib_a-mallocr.o) (__malloc_lock)
/usr/lib/gcc/arm-none-eabi/12.2.1/../../../arm-none-eabi/lib/thumb/v6-m/nofp/libc.a(lib_a-realloc.o)
                              CMakeFiles/kitchen_sink_copy_to_ram.dir/__/__/src/rp2_common/pico_malloc/pico_malloc.c.obj (realloc)
/usr/lib/gcc/arm-none-eabi/12.2.1/../../../arm-none-eabi/lib/thumb/v6-m/nofp/libc.a(lib_a-reallocr.o)
                              /usr/lib/gcc/arm-none-eabi/12.2.1/../../../arm-none-eabi/lib/thumb/v6-m/nofp/libc.a(lib_a-realloc.o) (_realloc_r)
/usr/lib/gcc/arm-none-eabi/12.2.1/../../../arm-none-eabi/lib/thumb/v6-m/nofp/libc.a(lib_a-sbrkr.o)
                              /usr/lib/gcc/arm-none-eabi/12.2.1/../../../arm-none-eabi/lib/thumb/v6-m/nofp/libc.a(lib_a-mallocr.o) (_sbrk_r)
/usr/lib/gcc/arm-none-eabi/12.2.1/../../../arm-none-eabi/lib/thumb/v6-m/nofp/libc.a(lib_a-strlen-stub.o)
                              CMakeFiles/kitchen_sink_copy_to_ram.dir/__/__/src/rp2_common/pico_stdio/stdio.c.obj (strlen)
/usr/lib/gcc/arm-none-eabi/12.2.1/../../../arm-none-eabi/lib/thumb/v6-m/nofp/libc.a(lib_a-__atexit.o)
                              /usr/lib/gcc/arm-none-eabi/12.2.1/../../../arm-none-eabi/lib/thumb/v6-m/nofp/libc.a(lib_a-atexit.o) (__register_exitproc)
/usr/lib/gcc/arm-none-eabi/12.2.1/../../../arm-none-eabi/lib/thumb/v6-m/nofp/libc.a(lib_a-freer.o)
                              /usr/lib/gcc/arm-none-eabi/12.2.1/../../../arm-none-eabi/lib/thumb/v6-m/nofp/libc.a(lib_a-malloc.o) (_free_r)
/usr/lib/gcc/arm-none-eabi/12.2.1/../../../arm-none-eabi/lib/thumb/v6-m/nofp/libc.a(lib_a-memmove.o)
                              /usr/lib/gcc/arm-none-eabi/12.2.1/../../../arm-none-eabi/lib/thumb/v6-m/nofp/libc.a(lib_a-reallocr.o) (memmove)
/usr/lib/gcc/arm-none-eabi/12.2.1/../../../arm-none-eabi/lib/thumb/v6-m/nofp/libc.a(lib_a-reent.o)
                              /usr/lib/gcc/arm-none-eabi/12.2.1/../../../arm-none-eabi/lib/thumb/v6-m/nofp/libc.a(lib_a-sbrkr.o) (errno)

Discarded input sections

 .text          0x0000000000000000        0x0 /usr/lib/gcc/arm-none-eabi/12.2.1/thumb/v6-m/nofp/crti.o
 .data          0x0000000000000000        0x0 /usr/lib/gcc/arm-none-eabi/12.2.1/thumb/v6-m/nofp/crti.o
 .bss           0x0000000000000000        0x0 /usr/lib/gcc/arm-none-eabi/12.2.1/thumb/v6-m/nofp/crti.o
 .data          0x0000000000000000        0x4 /usr/lib/gcc/arm-none-eabi/12.2.1/thumb/v6-m/nofp/crtbegin.o
 .rodata        0x0000000000000000       0x24 /usr/lib/gcc/arm-none-eabi/12.2.1/thumb/v6-m/nofp/crtbegin.o
 .fini_array    0x0000000000000000        0x4 /usr/lib/gcc/arm-none-eabi/12.2.1/thumb/v6-m/nofp/crtbegin.o
[...]
Memory Configuration

Name             Origin             Length             Attributes
FLASH            0x0000000010000000 0x0000000000200000 xr
RAM              0x0000000020000000 0x0000000000040000 xrw
SCRATCH_X        0x0000000020040000 0x0000000000001000 xrw
SCRATCH_Y        0x0000000020041000 0x0000000000001000 xrw
*default*        0x0000000000000000 0xffffffffffffffff

Linker script and memory map

LOAD /usr/lib/gcc/arm-none-eabi/12.2.1/thumb/v6-m/nofp/crti.o
LOAD /usr/lib/gcc/arm-none-eabi/12.2.1/thumb/v6-m/nofp/crtbegin.o
LOAD /usr/lib/gcc/arm-none-eabi/12.2.1/../../../arm-none-eabi/lib/thumb/v6-m/nofp/crt0.o

.flash_begin    0x0000000010000000        0x0
                0x0000000010000000                __flash_binary_start = .

.boot2          0x0000000010000000      0x100
                0x0000000010000000                __boot2_start__ = .
 *(.boot2)
 .boot2         0x0000000010000000      0x100 /tmp/ccW2hCdU.o
                0x0000000010000100                __boot2_end__ = .
                0x0000000000000001                ASSERT (((__boot2_end__ - __boot2_start__) == 0x100), ERROR: Pico second stage bootloader must be 256 bytes in size)

.flashtext      0x0000000010000100      0x1d8
                0x0000000010000100                __logical_binary_start = .
 *(.vectors)
 .vectors       0x0000000010000100       0xd4 CMakeFiles/kitchen_sink_copy_to_ram.dir/__/__/src/rp2_common/pico_standard_link/crt0.S.obj
                0x0000000010000100                __vectors
                0x0000000010000100                __VECTOR_TABLE
                0x00000000100001c0                isr_invalid
                0x00000000100001c0                __default_isrs_start
                0x00000000100001c2                isr_nmi
                0x00000000100001c4                isr_hardfault
                0x00000000100001c6                isr_svcall
                0x00000000100001c8                isr_pendsv
                0x00000000100001ca                isr_systick
                0x00000000100001cc                isr_irq30
                0x00000000100001cc                __unhandled_user_irq
                0x00000000100001cc                isr_irq13
                0x00000000100001cc                isr_irq27
                0x00000000100001cc                isr_irq31
                0x00000000100001cc                isr_irq5
                0x00000000100001cc                isr_irq11
                0x00000000100001cc                isr_irq23
                0x00000000100001cc                isr_irq18
                0x00000000100001cc                isr_irq28
                0x00000000100001cc                isr_irq19
                0x00000000100001cc                isr_irq0
                0x00000000100001cc                isr_irq6
                0x00000000100001cc                isr_irq22
                0x00000000100001cc                isr_irq17
                0x00000000100001cc                isr_irq14
                0x00000000100001cc                isr_irq2
                0x00000000100001cc                isr_irq10
                0x00000000100001cc                isr_irq8
                0x00000000100001cc                isr_irq24
                0x00000000100001cc                isr_irq1
                0x00000000100001cc                isr_irq7
                0x00000000100001cc                isr_irq21
                0x00000000100001cc                isr_irq20
                0x00000000100001cc                isr_irq15
                0x00000000100001cc                isr_irq25
                0x00000000100001cc                isr_irq4
                0x00000000100001cc                isr_irq16
                0x00000000100001cc                isr_irq29
                0x00000000100001cc                isr_irq26
                0x00000000100001cc                __default_isrs_end
                0x00000000100001cc                isr_irq3
                0x00000000100001cc                isr_irq12
                0x00000000100001cc                isr_irq9
                0x00000000100001d2                unhandled_user_irq_num_in_r0
 *(.binary_info_header)
 .binary_info_header
                0x00000000100001d4       0x14 CMakeFiles/kitchen_sink_copy_to_ram.dir/__/__/src/rp2_common/pico_standard_link/crt0.S.obj
                0x00000000100001e8                __binary_info_header_end = .
 *(.reset)
 .reset         0x00000000100001e8       0xac CMakeFiles/kitchen_sink_copy_to_ram.dir/__/__/src/rp2_common/pico_standard_link/crt0.S.obj
                0x00000000100001e8                _entry_point
 *fill*         0x0000000010000294        0x4 
 .reset.__stub  0x0000000010000298       0x10 linker stubs
 .reset         0x00000000100002a8       0x30 CMakeFiles/kitchen_sink_copy_to_ram.dir/__/__/src/rp2_common/pico_standard_link/binary_info.c.obj

.rodata         0x00000000100002d8        0x0
 *(SORT_BY_ALIGNMENT(SORT_BY_NAME(.flashdata*)))
                0x00000000100002d8                . = ALIGN (0x4)

.ARM.extab
 *(.ARM.extab* .gnu.linkonce.armextab.*)
                0x00000000100002d8                __exidx_start = .

.ARM.exidx
 *(.ARM.exidx* .gnu.linkonce.armexidx.*)
                0x00000000100002d8                __exidx_end = .
                0x00000000100002d8                . = ALIGN (0x4)
                0x00000000100002d8                __binary_info_start = .

.binary_info    0x00000000100002d8       0x2c
 *(.binary_info.keep.*)
 .binary_info.keep.__bi_ptr95
                0x00000000100002d8        0x4 CMakeFiles/kitchen_sink_copy_to_ram.dir/kitchen_sink.c.obj
 .binary_info.keep.__bi_ptr35
                0x00000000100002dc        0x4 CMakeFiles/kitchen_sink_copy_to_ram.dir/__/__/src/rp2_common/pico_bootsel_via_double_reset/pico_bootsel_via_double_reset.c.obj
 .binary_info.keep.__bi_ptr81
                0x00000000100002e0        0x4 CMakeFiles/kitchen_sink_copy_to_ram.dir/__/__/src/rp2_common/pico_standard_link/binary_info.c.obj
 .binary_info.keep.__bi_ptr75
                0x00000000100002e4        0x4 CMakeFiles/kitchen_sink_copy_to_ram.dir/__/__/src/rp2_common/pico_standard_link/binary_info.c.obj
 .binary_info.keep.__bi_ptr50
                0x00000000100002e8        0x4 CMakeFiles/kitchen_sink_copy_to_ram.dir/__/__/src/rp2_common/pico_standard_link/binary_info.c.obj
 .binary_info.keep.__bi_ptr44
                0x00000000100002ec        0x4 CMakeFiles/kitchen_sink_copy_to_ram.dir/__/__/src/rp2_common/pico_standard_link/binary_info.c.obj
 .binary_info.keep.__bi_ptr38
                0x00000000100002f0        0x4 CMakeFiles/kitchen_sink_copy_to_ram.dir/__/__/src/rp2_common/pico_standard_link/binary_info.c.obj
 .binary_info.keep.__bi_ptr30
                0x00000000100002f4        0x4 CMakeFiles/kitchen_sink_copy_to_ram.dir/__/__/src/rp2_common/pico_standard_link/binary_info.c.obj
 .binary_info.keep.__bi_ptr22
                0x00000000100002f8        0x4 CMakeFiles/kitchen_sink_copy_to_ram.dir/__/__/src/rp2_common/pico_standard_link/binary_info.c.obj
 *(.binary_info.*)
 .binary_info.__bi_ptr34
                0x00000000100002fc        0x4 CMakeFiles/kitchen_sink_copy_to_ram.dir/__/__/src/rp2_common/pico_stdio_uart/stdio_uart.c.obj
 .binary_info.__bi_ptr33
                0x0000000010000300        0x4 CMakeFiles/kitchen_sink_copy_to_ram.dir/__/__/src/rp2_common/pico_stdio_uart/stdio_uart.c.obj
                0x0000000010000304                __binary_info_end = .
                0x0000000010000304                . = ALIGN (0x4)

.ram_vector_table
                0x0000000020000000       0xc0
 *(.ram_vector_table)
 .ram_vector_table
                0x0000000020000000       0xc0 CMakeFiles/kitchen_sink_copy_to_ram.dir/__/__/src/rp2_common/pico_runtime/runtime.c.obj
                0x0000000020000000                ram_vector_table

.text           0x00000000200000c0     0x4340 load address 0x0000000010000304
                0x00000000200000c0                __ram_text_start__ = .
 *(.init)
 .init          0x00000000200000c0        0x4 /usr/lib/gcc/arm-none-eabi/12.2.1/thumb/v6-m/nofp/crti.o
                0x00000000200000c0                _init
 *(.text*)
 .text          0x00000000200000c4       0x98 /usr/lib/gcc/arm-none-eabi/12.2.1/thumb/v6-m/nofp/crtbegin.o
 .text.spiggle  0x000000002000015c       0x2c CMakeFiles/kitchen_sink_copy_to_ram.dir/kitchen_sink.c.obj
                0x000000002000015c                spiggle
 .text.startup.main
                0x0000000020000188       0xb0 CMakeFiles/kitchen_sink_copy_to_ram.dir/kitchen_sink.c.obj
                0x0000000020000188                main
 .text.running_on_fpga
                0x0000000020000238       0x10 CMakeFiles/kitchen_sink_copy_to_ram.dir/__/__/src/rp2_common/pico_platform/platform.c.obj
                0x0000000020000238                running_on_fpga
 .text.hw_claim_or_assert
                0x0000000020000248       0x44 CMakeFiles/kitchen_sink_copy_to_ram.dir/__/__/src/rp2_common/hardware_claim/claim.c.obj
                0x0000000020000248                hw_claim_or_assert
 .text.spin_locks_reset
                0x000000002000028c       0x1c CMakeFiles/kitchen_sink_copy_to_ram.dir/__/__/src/rp2_common/hardware_sync/sync.c.obj
                0x000000002000028c                spin_locks_reset
 .text.next_striped_spin_lock_num
                0x00000000200002a8       0x18 CMakeFiles/kitchen_sink_copy_to_ram.dir/__/__/src/rp2_common/hardware_sync/sync.c.obj
                0x00000000200002a8                next_striped_spin_lock_num
 .text.gpio_set_function
                0x00000000200002c0       0x30 CMakeFiles/kitchen_sink_copy_to_ram.dir/__/__/src/rp2_common/hardware_gpio/gpio.c.obj
                0x00000000200002c0                gpio_set_function
 .text.irq_set_enabled
                0x00000000200002f0       0x24 CMakeFiles/kitchen_sink_copy_to_ram.dir/__/__/src/rp2_common/hardware_irq/irq.c.obj
                0x00000000200002f0                irq_set_enabled
 .text.irq_get_vtable_handler
                0x0000000020000314       0x10 CMakeFiles/kitchen_sink_copy_to_ram.dir/__/__/src/rp2_common/hardware_irq/irq.c.obj
                0x0000000020000314                irq_get_vtable_handler
 .text.irq_set_exclusive_handler
                0x0000000020000324       0x54 CMakeFiles/kitchen_sink_copy_to_ram.dir/__/__/src/rp2_common/hardware_irq/irq.c.obj
                0x0000000020000324                irq_set_exclusive_handler
 .text.irq_remove_handler
                0x0000000020000378      0x1c4 CMakeFiles/kitchen_sink_copy_to_ram.dir/__/__/src/rp2_common/hardware_irq/irq.c.obj
                0x0000000020000378                irq_remove_handler
 .text.irq_add_tail_to_free_list
                0x000000002000053c       0xb4 CMakeFiles/kitchen_sink_copy_to_ram.dir/__/__/src/rp2_common/hardware_irq/irq.c.obj
                0x000000002000053c                irq_add_tail_to_free_list
 .text.irq_init_priorities
                0x00000000200005f0       0x24 CMakeFiles/kitchen_sink_copy_to_ram.dir/__/__/src/rp2_common/hardware_irq/irq.c.obj
                0x00000000200005f0                irq_init_priorities
 .text.lock_init
                0x0000000020000614       0x10 CMakeFiles/kitchen_sink_copy_to_ram.dir/__/__/src/common/pico_sync/lock_core.c.obj
                0x0000000020000614                lock_init
 .text.mutex_init
                0x0000000020000624       0x1c CMakeFiles/kitchen_sink_copy_to_ram.dir/__/__/src/common/pico_sync/mutex.c.obj
                0x0000000020000624                mutex_init
 .text.recursive_mutex_init
                0x0000000020000640       0x1c CMakeFiles/kitchen_sink_copy_to_ram.dir/__/__/src/common/pico_sync/mutex.c.obj
                0x0000000020000640                recursive_mutex_init
 .text.timer_pool_entry_comparator
                0x000000002000065c       0x34 CMakeFiles/kitchen_sink_copy_to_ram.dir/__/__/src/common/pico_time/time.c.obj
                0x000000002000065c                timer_pool_entry_comparator
 .text.sleep_until_callback
                0x0000000020000690       0x30 CMakeFiles/kitchen_sink_copy_to_ram.dir/__/__/src/common/pico_time/time.c.obj
 .text.add_alarm_under_lock.isra.0
                0x00000000200006c0      0x100 CMakeFiles/kitchen_sink_copy_to_ram.dir/__/__/src/common/pico_time/time.c.obj
 .text.alarm_pool_alarm_callback
                0x00000000200007c0      0x1c0 CMakeFiles/kitchen_sink_copy_to_ram.dir/__/__/src/common/pico_time/time.c.obj
 .text.alarm_pool_init_default
                0x0000000020000980       0x6c CMakeFiles/kitchen_sink_copy_to_ram.dir/__/__/src/common/pico_time/time.c.obj
                0x0000000020000980                alarm_pool_init_default
 .text.alarm_pool_add_alarm_at
                0x00000000200009ec      0x188 CMakeFiles/kitchen_sink_copy_to_ram.dir/__/__/src/common/pico_time/time.c.obj
                0x00000000200009ec                alarm_pool_add_alarm_at
 .text.best_effort_wfe_or_timeout
                0x0000000020000b74       0xec CMakeFiles/kitchen_sink_copy_to_ram.dir/__/__/src/common/pico_time/time.c.obj
                0x0000000020000b74                best_effort_wfe_or_timeout
 .text.hardware_alarm_irq_handler
                0x0000000020000c60       0xbc CMakeFiles/kitchen_sink_copy_to_ram.dir/__/__/src/rp2_common/hardware_timer/timer.c.obj
 .text.hardware_alarm_claim
                0x0000000020000d1c       0x18 CMakeFiles/kitchen_sink_copy_to_ram.dir/__/__/src/rp2_common/hardware_timer/timer.c.obj
                0x0000000020000d1c                hardware_alarm_claim
 .text.time_us_64
                0x0000000020000d34       0x14 CMakeFiles/kitchen_sink_copy_to_ram.dir/__/__/src/rp2_common/hardware_timer/timer.c.obj
                0x0000000020000d34                time_us_64
 .text.busy_wait_us
                0x0000000020000d48       0x68 CMakeFiles/kitchen_sink_copy_to_ram.dir/__/__/src/rp2_common/hardware_timer/timer.c.obj
                0x0000000020000d48                busy_wait_us
 .text.hardware_alarm_set_callback
                0x0000000020000db0       0x8c CMakeFiles/kitchen_sink_copy_to_ram.dir/__/__/src/rp2_common/hardware_timer/timer.c.obj
                0x0000000020000db0                hardware_alarm_set_callback
 .text.hardware_alarm_set_target
                0x0000000020000e3c       0xd0 CMakeFiles/kitchen_sink_copy_to_ram.dir/__/__/src/rp2_common/hardware_timer/timer.c.obj
                0x0000000020000e3c                hardware_alarm_set_target
 .text.hardware_alarm_cancel
                0x0000000020000f0c       0x3c CMakeFiles/kitchen_sink_copy_to_ram.dir/__/__/src/rp2_common/hardware_timer/timer.c.obj
                0x0000000020000f0c                hardware_alarm_cancel
 .text.ph_merge_nodes
                0x0000000020000f48       0x64 CMakeFiles/kitchen_sink_copy_to_ram.dir/__/__/src/common/pico_util/pheap.c.obj
 .text.ph_post_alloc_init
                0x0000000020000fac       0x3c CMakeFiles/kitchen_sink_copy_to_ram.dir/__/__/src/common/pico_util/pheap.c.obj
                0x0000000020000fac                ph_post_alloc_init
 .text.ph_merge_two_pass
                0x0000000020000fe8       0x98 CMakeFiles/kitchen_sink_copy_to_ram.dir/__/__/src/common/pico_util/pheap.c.obj
                0x0000000020000fe8                ph_merge_two_pass
 .text.ph_remove_any_head
                0x0000000020001080      0x100 CMakeFiles/kitchen_sink_copy_to_ram.dir/__/__/src/common/pico_util/pheap.c.obj
 .text.ph_remove_head
                0x0000000020001180      0x104 CMakeFiles/kitchen_sink_copy_to_ram.dir/__/__/src/common/pico_util/pheap.c.obj
                0x0000000020001180                ph_remove_head
 .text.ph_remove_and_free_node
                0x0000000020001284       0x78 CMakeFiles/kitchen_sink_copy_to_ram.dir/__/__/src/common/pico_util/pheap.c.obj
                0x0000000020001284                ph_remove_and_free_node
 .text.clocks_init
                0x00000000200012fc      0x2c8 CMakeFiles/kitchen_sink_copy_to_ram.dir/__/__/src/rp2_common/hardware_clocks/clocks.c.obj
                0x00000000200012fc                clocks_init
 .text.clock_get_hz
                0x00000000200015c4        0xc CMakeFiles/kitchen_sink_copy_to_ram.dir/__/__/src/rp2_common/hardware_clocks/clocks.c.obj
                0x00000000200015c4                clock_get_hz
 .text.pll_init
                0x00000000200015d0       0xa0 CMakeFiles/kitchen_sink_copy_to_ram.dir/__/__/src/rp2_common/hardware_pll/pll.c.obj
                0x00000000200015d0                pll_init
 .text.watchdog_start_tick
                0x0000000020001670       0x10 CMakeFiles/kitchen_sink_copy_to_ram.dir/__/__/src/rp2_common/hardware_watchdog/watchdog.c.obj
                0x0000000020001670                watchdog_start_tick
 .text.xosc_init
                0x0000000020001680       0x28 CMakeFiles/kitchen_sink_copy_to_ram.dir/__/__/src/rp2_common/hardware_xosc/xosc.c.obj
                0x0000000020001680                xosc_init
 .text.check_dma_channel_param_impl
                0x00000000200016a8        0x4 CMakeFiles/kitchen_sink_copy_to_ram.dir/__/__/src/rp2_common/hardware_dma/dma.c.obj
                0x00000000200016a8                check_dma_channel_param_impl
 .text.flash_get_unique_id
                0x00000000200016ac       0x40 CMakeFiles/kitchen_sink_copy_to_ram.dir/__/__/src/rp2_common/hardware_flash/flash.c.obj
                0x00000000200016ac                flash_get_unique_id
 .text.rom_func_lookup
                0x00000000200016ec       0x10 CMakeFiles/kitchen_sink_copy_to_ram.dir/__/__/src/rp2_common/pico_bootrom/bootrom.c.obj
                0x00000000200016ec                rom_func_lookup
 .text.rom_data_lookup
                0x00000000200016fc       0x10 CMakeFiles/kitchen_sink_copy_to_ram.dir/__/__/src/rp2_common/pico_bootrom/bootrom.c.obj
                0x00000000200016fc                rom_data_lookup
 .text.rom_funcs_lookup
                0x000000002000170c       0x44 CMakeFiles/kitchen_sink_copy_to_ram.dir/__/__/src/rp2_common/pico_bootrom/bootrom.c.obj
                0x000000002000170c                rom_funcs_lookup
 .text.uart_init
                0x0000000020001750      0x188 CMakeFiles/kitchen_sink_copy_to_ram.dir/__/__/src/rp2_common/hardware_uart/uart.c.obj
                0x0000000020001750                uart_init
 .text          0x00000000200018d8       0x10 CMakeFiles/kitchen_sink_copy_to_ram.dir/__/__/src/rp2_common/pico_bit_ops/bit_ops_aeabi.S.obj
 .text.startup.boot_double_tap_check
                0x00000000200018e8       0x60 CMakeFiles/kitchen_sink_copy_to_ram.dir/__/__/src/rp2_common/pico_bootsel_via_double_reset/pico_bootsel_via_double_reset.c.obj
 .text.__wrap___aeabi_idiv
                0x0000000020001948       0x50 CMakeFiles/kitchen_sink_copy_to_ram.dir/__/__/src/rp2_common/pico_divider/divider.S.obj
                0x0000000020001948                __wrap___aeabi_idivmod
                0x0000000020001948                divmod_s32s32
                0x0000000020001948                div_s32s32
                0x0000000020001948                __wrap___aeabi_idiv
                0x0000000020001950                divmod_s32s32_unsafe
                0x000000002000197c                divmod_s32s32_savestate
 .text.__wrap___aeabi_uidiv
                0x0000000020001998       0x4c CMakeFiles/kitchen_sink_copy_to_ram.dir/__/__/src/rp2_common/pico_divider/divider.S.obj
                0x0000000020001998                __wrap___aeabi_uidiv
                0x0000000020001998                __wrap___aeabi_uidivmod
                0x0000000020001998                div_u32u32
                0x0000000020001998                divmod_u32u32
                0x00000000200019a0                divmod_u32u32_unsafe
                0x00000000200019c8                divmod_u32u32_savestate
 .text.__wrap___aeabi_ldiv
                0x00000000200019e4      0x424 CMakeFiles/kitchen_sink_copy_to_ram.dir/__/__/src/rp2_common/pico_divider/divider.S.obj
                0x00000000200019e4                div_s64s64
                0x00000000200019e4                divmod_s64s64
                0x00000000200019e4                __wrap___aeabi_ldivmod
                0x0000000020001a14                div_u64u64
                0x0000000020001a14                divmod_u64u64
                0x0000000020001a14                __wrap___aeabi_uldivmod
                0x0000000020001a24                divmod_u64u64_savestate
                0x0000000020001a44                divmod_s64s64_unsafe
                0x0000000020001acc                divmod_u64u64_unsafe
 .text.__wrap___aeabi_darithmetic
                0x0000000020001e08       0x80 CMakeFiles/kitchen_sink_copy_to_ram.dir/__/__/src/rp2_common/pico_double/double_aeabi.S.obj
                0x0000000020001e08                __wrap___aeabi_drsub
                0x0000000020001e0e                __wrap___aeabi_dsub
                0x0000000020001e20                __wrap___aeabi_dadd
                0x0000000020001e32                __wrap___aeabi_ddiv
                0x0000000020001e6e                __wrap___aeabi_dmul
 .text.__wrap___aeabi_cdcmple
                0x0000000020001e88       0x6c CMakeFiles/kitchen_sink_copy_to_ram.dir/__/__/src/rp2_common/pico_double/double_aeabi.S.obj
                0x0000000020001e88                __wrap___aeabi_cdrcmple
                0x0000000020001e98                __wrap___aeabi_cdcmple
                0x0000000020001e98                __wrap___aeabi_cdcmpeq
 .text.__wrap___aeabi_dcmplt
                0x0000000020001ef4        0xc CMakeFiles/kitchen_sink_copy_to_ram.dir/__/__/src/rp2_common/pico_double/double_aeabi.S.obj
                0x0000000020001ef4                __wrap___aeabi_dcmplt
 .text.__wrap___aeabi_dcmpge
                0x0000000020001f00       0x10 CMakeFiles/kitchen_sink_copy_to_ram.dir/__/__/src/rp2_common/pico_double/double_aeabi.S.obj
                0x0000000020001f00                __wrap___aeabi_dcmpge
 .text.__wrap___aeabi_dcmpgt
                0x0000000020001f10        0xa CMakeFiles/kitchen_sink_copy_to_ram.dir/__/__/src/rp2_common/pico_double/double_aeabi.S.obj
                0x0000000020001f10                __wrap___aeabi_dcmpgt
 .text.__wrap___aeabi_dcmpun
                0x0000000020001f1a       0x1c CMakeFiles/kitchen_sink_copy_to_ram.dir/__/__/src/rp2_common/pico_double/double_aeabi.S.obj
                0x0000000020001f1a                __wrap___aeabi_dcmpun
 *fill*         0x0000000020001f36        0x2 
 .text.__wrap___aeabi_i2d
                0x0000000020001f38       0x38 CMakeFiles/kitchen_sink_copy_to_ram.dir/__/__/src/rp2_common/pico_double/double_aeabi.S.obj
                0x0000000020001f38                __wrap___aeabi_ui2d
                0x0000000020001f40                __wrap___aeabi_i2d
 .text.__wrap___aeabi_d2iz
                0x0000000020001f70       0x48 CMakeFiles/kitchen_sink_copy_to_ram.dir/__/__/src/rp2_common/pico_double/double_aeabi.S.obj
                0x0000000020001f70                __wrap___aeabi_d2iz
                0x0000000020001f70                double2int_z
 .text.__wrap___aeabi_d2uiz
                0x0000000020001fb8       0x18 CMakeFiles/kitchen_sink_copy_to_ram.dir/__/__/src/rp2_common/pico_double/double_aeabi.S.obj
                0x0000000020001fb8                double2uint
                0x0000000020001fb8                __wrap___aeabi_d2uiz
 .text.__aeabi_double_init
                0x0000000020001fd0       0x98 CMakeFiles/kitchen_sink_copy_to_ram.dir/__/__/src/rp2_common/pico_double/double_init_rom.c.obj
                0x0000000020001fd0                __aeabi_double_init
 .text.double_table_shim_on_use_helper
                0x0000000020002068       0x2c CMakeFiles/kitchen_sink_copy_to_ram.dir/__/__/src/rp2_common/pico_double/double_v1_rom_shim.S.obj
                0x0000000020002068                double_table_shim_on_use_helper
 .text.__wrap___aeabi_dsub
                0x0000000020002094       0x10 CMakeFiles/kitchen_sink_copy_to_ram.dir/__/__/src/rp2_common/pico_double/double_v1_rom_shim.S.obj
                0x0000000020002094                drsub_shim
                0x000000002000209a                dsub_shim
 .text.dadd_shim
                0x00000000200020a4      0x15c CMakeFiles/kitchen_sink_copy_to_ram.dir/__/__/src/rp2_common/pico_double/double_v1_rom_shim.S.obj
                0x00000000200020a4                dadd_shim
 .text.dmul_shim
                0x0000000020002200      0x15c CMakeFiles/kitchen_sink_copy_to_ram.dir/__/__/src/rp2_common/pico_double/double_v1_rom_shim.S.obj
                0x0000000020002200                dmul_shim
 .text.ddiv_shim
                0x000000002000235c      0x1b0 CMakeFiles/kitchen_sink_copy_to_ram.dir/__/__/src/rp2_common/pico_double/double_v1_rom_shim.S.obj
                0x000000002000235c                ddiv_shim
 .text.double2uint_shim
                0x000000002000250c        0xe CMakeFiles/kitchen_sink_copy_to_ram.dir/__/__/src/rp2_common/pico_double/double_v1_rom_shim.S.obj
                0x000000002000250c                double2uint_shim
                0x000000002000250e                double2ufix_shim
 *fill*         0x000000002000251a        0x2 
 .text.double2uint64_shim
                0x000000002000251c       0x70 CMakeFiles/kitchen_sink_copy_to_ram.dir/__/__/src/rp2_common/pico_double/double_v1_rom_shim.S.obj
                0x000000002000251c                double2uint64_shim
                0x000000002000251e                double2ufix64_shim
                0x000000002000253e                d2fix_a
 .text.dunpacks
                0x000000002000258c       0x3c CMakeFiles/kitchen_sink_copy_to_ram.dir/__/__/src/rp2_common/pico_double/double_v1_rom_shim.S.obj
                0x000000002000258c                dunpacks
 .text.__aeabi_float_init
                0x00000000200025c8       0x64 CMakeFiles/kitchen_sink_copy_to_ram.dir/__/__/src/rp2_common/pico_float/float_init_rom.c.obj
                0x00000000200025c8                __aeabi_float_init
 .text.float_table_shim_on_use_helper
                0x000000002000262c       0x2c CMakeFiles/kitchen_sink_copy_to_ram.dir/__/__/src/rp2_common/pico_float/float_v1_rom_shim.S.obj
                0x000000002000262c                float_table_shim_on_use_helper
 .text          0x0000000020002658       0x10 CMakeFiles/kitchen_sink_copy_to_ram.dir/__/__/src/rp2_common/pico_mem_ops/mem_ops_aeabi.S.obj
                0x0000000020002658                __aeabi_mem_init
 .text.memset   0x0000000020002668        0xc CMakeFiles/kitchen_sink_copy_to_ram.dir/__/__/src/rp2_common/pico_mem_ops/mem_ops_aeabi.S.obj
                0x0000000020002668                __wrap_memset
 .text.memcpy   0x0000000020002674        0xc CMakeFiles/kitchen_sink_copy_to_ram.dir/__/__/src/rp2_common/pico_mem_ops/mem_ops_aeabi.S.obj
                0x0000000020002674                __wrap___aeabi_memcpy
                0x0000000020002674                __wrap_memcpy
 .text.startup._retrieve_unique_id_on_boot
                0x0000000020002680       0x10 CMakeFiles/kitchen_sink_copy_to_ram.dir/__/__/src/rp2_common/pico_unique_id/unique_id.c.obj
 .text.runtime_init
                0x0000000020002690       0xf0 CMakeFiles/kitchen_sink_copy_to_ram.dir/__/__/src/rp2_common/pico_runtime/runtime.c.obj
                0x0000000020002690                runtime_init
 .text._exit    0x0000000020002780        0x4 CMakeFiles/kitchen_sink_copy_to_ram.dir/__/__/src/rp2_common/pico_runtime/runtime.c.obj
                0x0000000020002780                _exit
 .text.exit     0x0000000020002784        0x8 CMakeFiles/kitchen_sink_copy_to_ram.dir/__/__/src/rp2_common/pico_runtime/runtime.c.obj
                0x0000000020002784                exit
 .text.panic    0x000000002000278c       0x30 CMakeFiles/kitchen_sink_copy_to_ram.dir/__/__/src/rp2_common/pico_runtime/runtime.c.obj
                0x000000002000278c                panic
 .text.hard_assertion_failure
                0x00000000200027bc        0xc CMakeFiles/kitchen_sink_copy_to_ram.dir/__/__/src/rp2_common/pico_runtime/runtime.c.obj
                0x00000000200027bc                hard_assertion_failure
 .text._out_null
                0x00000000200027c8        0x4 CMakeFiles/kitchen_sink_copy_to_ram.dir/__/__/src/rp2_common/pico_printf/printf.c.obj
 .text._out_rev
                0x00000000200027cc       0x90 CMakeFiles/kitchen_sink_copy_to_ram.dir/__/__/src/rp2_common/pico_printf/printf.c.obj
 .text._ntoa_format
                0x000000002000285c      0x1f4 CMakeFiles/kitchen_sink_copy_to_ram.dir/__/__/src/rp2_common/pico_printf/printf.c.obj
 .text._out_char
                0x0000000020002a50       0x10 CMakeFiles/kitchen_sink_copy_to_ram.dir/__/__/src/rp2_common/pico_printf/printf.c.obj
 .text._out_fct
                0x0000000020002a60       0x10 CMakeFiles/kitchen_sink_copy_to_ram.dir/__/__/src/rp2_common/pico_printf/printf.c.obj
 .text._etoa    0x0000000020002a70      0x454 CMakeFiles/kitchen_sink_copy_to_ram.dir/__/__/src/rp2_common/pico_printf/printf.c.obj
 .text._ftoa    0x0000000020002ec4      0x3c4 CMakeFiles/kitchen_sink_copy_to_ram.dir/__/__/src/rp2_common/pico_printf/printf.c.obj
 .text._vsnprintf
                0x0000000020003288      0xb24 CMakeFiles/kitchen_sink_copy_to_ram.dir/__/__/src/rp2_common/pico_printf/printf.c.obj
 .text.vfctprintf
                0x0000000020003dac       0x20 CMakeFiles/kitchen_sink_copy_to_ram.dir/__/__/src/rp2_common/pico_printf/printf.c.obj
                0x0000000020003dac                vfctprintf
 .text.weak_raw_vprintf
                0x0000000020003dcc       0x30 CMakeFiles/kitchen_sink_copy_to_ram.dir/__/__/src/rp2_common/pico_printf/printf.c.obj
                0x0000000020003dcc                weak_raw_vprintf
 .text.stdio_out_chars_crlf
                0x0000000020003dfc       0xbc CMakeFiles/kitchen_sink_copy_to_ram.dir/__/__/src/rp2_common/pico_stdio/stdio.c.obj
 .text.stdio_buffered_printer
                0x0000000020003eb8       0x64 CMakeFiles/kitchen_sink_copy_to_ram.dir/__/__/src/rp2_common/pico_stdio/stdio.c.obj
 .text.__wrap_putchar
                0x0000000020003f1c       0x98 CMakeFiles/kitchen_sink_copy_to_ram.dir/__/__/src/rp2_common/pico_stdio/stdio.c.obj
                0x0000000020003f1c                __wrap_putchar
 .text.__wrap_puts
                0x0000000020003fb4       0xe0 CMakeFiles/kitchen_sink_copy_to_ram.dir/__/__/src/rp2_common/pico_stdio/stdio.c.obj
                0x0000000020003fb4                __wrap_puts
 .text.stdio_set_driver_enabled
                0x0000000020004094       0x30 CMakeFiles/kitchen_sink_copy_to_ram.dir/__/__/src/rp2_common/pico_stdio/stdio.c.obj
                0x0000000020004094                stdio_set_driver_enabled
 .text.__wrap_vprintf
                0x00000000200040c4       0xd4 CMakeFiles/kitchen_sink_copy_to_ram.dir/__/__/src/rp2_common/pico_stdio/stdio.c.obj
                0x00000000200040c4                __wrap_vprintf
 .text.__wrap_printf
                0x0000000020004198       0x18 CMakeFiles/kitchen_sink_copy_to_ram.dir/__/__/src/rp2_common/pico_stdio/stdio.c.obj
                0x0000000020004198                __wrap_printf
 .text.stdio_init_all
                0x00000000200041b0        0xc CMakeFiles/kitchen_sink_copy_to_ram.dir/__/__/src/rp2_common/pico_stdio/stdio.c.obj
                0x00000000200041b0                stdio_init_all
 .text.stdio_uart_out_chars
                0x00000000200041bc       0x4c CMakeFiles/kitchen_sink_copy_to_ram.dir/__/__/src/rp2_common/pico_stdio_uart/stdio_uart.c.obj
 .text.stdio_uart_in_chars
                0x0000000020004208       0x98 CMakeFiles/kitchen_sink_copy_to_ram.dir/__/__/src/rp2_common/pico_stdio_uart/stdio_uart.c.obj
                0x0000000020004208                stdio_uart_in_chars
 .text.on_uart_rx
                0x00000000200042a0       0x28 CMakeFiles/kitchen_sink_copy_to_ram.dir/__/__/src/rp2_common/pico_stdio_uart/stdio_uart.c.obj
 .text.stdio_uart_set_chars_available_callback
                0x00000000200042c8       0x8c CMakeFiles/kitchen_sink_copy_to_ram.dir/__/__/src/rp2_common/pico_stdio_uart/stdio_uart.c.obj
 .text.stdio_uart_init
                0x0000000020004354       0x48 CMakeFiles/kitchen_sink_copy_to_ram.dir/__/__/src/rp2_common/pico_stdio_uart/stdio_uart.c.obj
                0x0000000020004354                stdio_uart_init
 .text          0x000000002000439c        0x4 /usr/lib/gcc/arm-none-eabi/12.2.1/thumb/v6-m/nofp/libgcc.a(_dvmd_tls.o)
                0x000000002000439c                __aeabi_ldiv0
                0x000000002000439c                __aeabi_idiv0
 .text          0x00000000200043a0       0x5c /usr/lib/gcc/arm-none-eabi/12.2.1/../../../arm-none-eabi/lib/thumb/v6-m/nofp/libc.a(lib_a-strlen-stub.o)
                0x00000000200043a0                strlen
 *(.fini)
 .fini          0x00000000200043fc        0x4 /usr/lib/gcc/arm-none-eabi/12.2.1/thumb/v6-m/nofp/crti.o
                0x00000000200043fc                _fini
 *crtbegin.o(.ctors)
 *crtbegin?.o(.ctors)
 *(EXCLUDE_FILE(*crtend.o *crtend?.o) .ctors)
 *(SORT_BY_NAME(.ctors.*))
 *(.ctors)
 *crtbegin.o(.dtors)
 *crtbegin?.o(.dtors)
 *(EXCLUDE_FILE(*crtend.o *crtend?.o) .dtors)
 *(SORT_BY_NAME(.dtors.*))
 *(.dtors)
 *(.eh_frame*)
 .eh_frame      0x0000000020004400        0x0 /usr/lib/gcc/arm-none-eabi/12.2.1/thumb/v6-m/nofp/crtbegin.o
                0x0000000020004400                . = ALIGN (0x4)
                0x0000000020004400                __ram_text_end__ = .
                0x0000000010000304                __ram_text_source__ = LOADADDR (.text)

.glue_7         0x0000000020004400        0x0 load address 0x0000000010004644
 .glue_7        0x0000000020004400        0x0 linker stubs

.glue_7t        0x0000000020004400        0x0 load address 0x0000000010004644
 .glue_7t       0x0000000020004400        0x0 linker stubs

.vfp11_veneer   0x0000000020004400        0x0 load address 0x0000000010004644
 .vfp11_veneer  0x0000000020004400        0x0 linker stubs

.v4_bx          0x0000000020004400        0x0 load address 0x0000000010004644
 .v4_bx         0x0000000020004400        0x0 linker stubs

.iplt           0x0000000020004400        0x0 load address 0x0000000010004644
 .iplt          0x0000000020004400        0x0 /usr/lib/gcc/arm-none-eabi/12.2.1/thumb/v6-m/nofp/crtbegin.o

.rel.dyn        0x0000000020004400        0x0 load address 0x0000000010004644
 .rel.iplt      0x0000000020004400        0x0 /usr/lib/gcc/arm-none-eabi/12.2.1/thumb/v6-m/nofp/crtbegin.o
                0x0000000020004400                . = ALIGN (0x4)

.data           0x0000000020004400      0x704 load address 0x0000000010004644
                0x0000000020004400                __data_start__ = .
 *(vtable)
 *(.time_critical*)
 .time_critical.mutex_try_enter
                0x0000000020004400       0x40 CMakeFiles/kitchen_sink_copy_to_ram.dir/__/__/src/common/pico_sync/mutex.c.obj
                0x0000000020004400                mutex_try_enter
 .time_critical.mutex_try_enter_block_until
                0x0000000020004440       0x9c CMakeFiles/kitchen_sink_copy_to_ram.dir/__/__/src/common/pico_sync/mutex.c.obj
                0x0000000020004440                mutex_try_enter_block_until
 .time_critical.recursive_mutex_try_enter
                0x00000000200044dc       0x50 CMakeFiles/kitchen_sink_copy_to_ram.dir/__/__/src/common/pico_sync/mutex.c.obj
                0x00000000200044dc                recursive_mutex_try_enter
 .time_critical.mutex_exit
                0x000000002000452c       0x28 CMakeFiles/kitchen_sink_copy_to_ram.dir/__/__/src/common/pico_sync/mutex.c.obj
                0x000000002000452c                mutex_exit
 .time_critical.flash_init_boot2_copyout
                0x0000000020004554       0x30 CMakeFiles/kitchen_sink_copy_to_ram.dir/__/__/src/rp2_common/hardware_flash/flash.c.obj
 .time_critical.flash_enable_xip_via_boot2
                0x0000000020004584        0xc CMakeFiles/kitchen_sink_copy_to_ram.dir/__/__/src/rp2_common/hardware_flash/flash.c.obj
 .time_critical.flash_cs_force
                0x0000000020004590       0x38 CMakeFiles/kitchen_sink_copy_to_ram.dir/__/__/src/rp2_common/hardware_flash/flash.c.obj
 .time_critical.flash_do_cmd
                0x00000000200045c8       0xc0 CMakeFiles/kitchen_sink_copy_to_ram.dir/__/__/src/rp2_common/hardware_flash/flash.c.obj
                0x00000000200045c8                flash_do_cmd
                0x0000000020004688                . = ALIGN (0x4)
 *(.rodata*)
 .rodata.main.str1.4
                0x0000000020004688       0x52 CMakeFiles/kitchen_sink_copy_to_ram.dir/kitchen_sink.c.obj
 *fill*         0x00000000200046da        0x2 
 .rodata.str1.4
                0x00000000200046dc        0x4 CMakeFiles/kitchen_sink_copy_to_ram.dir/kitchen_sink.c.obj
 .rodata.__bi_95
                0x00000000200046e0       0x16 CMakeFiles/kitchen_sink_copy_to_ram.dir/kitchen_sink.c.obj
 *fill*         0x00000000200046f6        0x2 
 .rodata.hardware_alarm_claim.str1.4
                0x00000000200046f8       0x22 CMakeFiles/kitchen_sink_copy_to_ram.dir/__/__/src/rp2_common/hardware_timer/timer.c.obj
 *fill*         0x000000002000471a        0x2 
 .rodata.str1.4
                0x000000002000471c       0x18 CMakeFiles/kitchen_sink_copy_to_ram.dir/__/__/src/rp2_common/pico_bootsel_via_double_reset/pico_bootsel_via_double_reset.c.obj
 .rodata.__bi_35
                0x0000000020004734        0xc CMakeFiles/kitchen_sink_copy_to_ram.dir/__/__/src/rp2_common/pico_bootsel_via_double_reset/pico_bootsel_via_double_reset.c.obj
 .rodata.panic.str1.4
                0x0000000020004740       0x10 CMakeFiles/kitchen_sink_copy_to_ram.dir/__/__/src/rp2_common/pico_runtime/runtime.c.obj
                                         0x12 (size before relaxing)
 .rodata.hard_assertion_failure.str1.4
                0x0000000020004750        0xc CMakeFiles/kitchen_sink_copy_to_ram.dir/__/__/src/rp2_common/pico_runtime/runtime.c.obj
 .rodata._ftoa.str1.4
                0x000000002000475c       0x15 CMakeFiles/kitchen_sink_copy_to_ram.dir/__/__/src/rp2_common/pico_printf/printf.c.obj
 *fill*         0x0000000020004771        0x3 
 .rodata._vsnprintf
                0x0000000020004774      0x19c CMakeFiles/kitchen_sink_copy_to_ram.dir/__/__/src/rp2_common/pico_printf/printf.c.obj
 .rodata.pow10.0
                0x0000000020004910       0x50 CMakeFiles/kitchen_sink_copy_to_ram.dir/__/__/src/rp2_common/pico_printf/printf.c.obj
 .rodata.str1.4
                0x0000000020004960       0x50 CMakeFiles/kitchen_sink_copy_to_ram.dir/__/__/src/rp2_common/pico_standard_link/binary_info.c.obj
 .rodata.__bi_81
                0x00000000200049b0        0xc CMakeFiles/kitchen_sink_copy_to_ram.dir/__/__/src/rp2_common/pico_standard_link/binary_info.c.obj
 .rodata.__bi_75
                0x00000000200049bc        0xc CMakeFiles/kitchen_sink_copy_to_ram.dir/__/__/src/rp2_common/pico_standard_link/binary_info.c.obj
 .rodata.__bi_44
                0x00000000200049c8        0xc CMakeFiles/kitchen_sink_copy_to_ram.dir/__/__/src/rp2_common/pico_standard_link/binary_info.c.obj
 .rodata.crlf_str.0
                0x00000000200049d4        0x2 CMakeFiles/kitchen_sink_copy_to_ram.dir/__/__/src/rp2_common/pico_stdio/stdio.c.obj
 *fill*         0x00000000200049d6        0x2 
 .rodata.str1.4
                0x00000000200049d8       0x2c CMakeFiles/kitchen_sink_copy_to_ram.dir/__/__/src/rp2_common/pico_stdio_uart/stdio_uart.c.obj
 .rodata.__bi_33.4
                0x0000000020004a04        0xc CMakeFiles/kitchen_sink_copy_to_ram.dir/__/__/src/rp2_common/pico_stdio_uart/stdio_uart.c.obj
 .rodata.__bi_34.5
                0x0000000020004a10        0x8 CMakeFiles/kitchen_sink_copy_to_ram.dir/__/__/src/rp2_common/pico_stdio_uart/stdio_uart.c.obj
                0x0000000020004a18                . = ALIGN (0x4)
 *(.data*)
 .data.foo      0x0000000020004a18        0x4 CMakeFiles/kitchen_sink_copy_to_ram.dir/kitchen_sink.c.obj
                0x0000000020004a18                foo
 .data.striped_spin_lock_num
                0x0000000020004a1c        0x1 CMakeFiles/kitchen_sink_copy_to_ram.dir/__/__/src/rp2_common/hardware_sync/sync.c.obj
 *fill*         0x0000000020004a1d        0x3 
 .data          0x0000000020004a20       0x48 CMakeFiles/kitchen_sink_copy_to_ram.dir/__/__/src/rp2_common/hardware_irq/irq_handler_chain.S.obj
                0x0000000020004a20                irq_handler_chain_slots
                0x0000000020004a50                irq_handler_chain_first_slot
                0x0000000020004a5a                irq_handler_chain_remove_tail
 .data.default_alarm_pool
                0x0000000020004a68       0x18 CMakeFiles/kitchen_sink_copy_to_ram.dir/__/__/src/common/pico_time/time.c.obj
 .data.default_alarm_pool_heap
                0x0000000020004a80       0x10 CMakeFiles/kitchen_sink_copy_to_ram.dir/__/__/src/common/pico_time/time.c.obj
 .data.aeabi_bits_funcs
                0x0000000020004a90       0x10 CMakeFiles/kitchen_sink_copy_to_ram.dir/__/__/src/rp2_common/pico_bit_ops/bit_ops_aeabi.S.obj
                0x0000000020004a90                aeabi_bits_funcs
                0x0000000020004aa0                aeabi_bits_funcs_end
 .data.aeabi_mem_funcs
                0x0000000020004aa0       0x10 CMakeFiles/kitchen_sink_copy_to_ram.dir/__/__/src/rp2_common/pico_mem_ops/mem_ops_aeabi.S.obj
                0x0000000020004aa0                aeabi_mem_funcs
                0x0000000020004ab0                aeabi_mem_funcs_end
 .data.stdio_uart
                0x0000000020004ab0       0x18 CMakeFiles/kitchen_sink_copy_to_ram.dir/__/__/src/rp2_common/pico_stdio_uart/stdio_uart.c.obj
                0x0000000020004ab0                stdio_uart
                0x0000000020004ac8                . = ALIGN (0x4)
 *(.after_data.*)
                0x0000000020004ac8                . = ALIGN (0x4)
                0x0000000020004ac8                PROVIDE (__mutex_array_start = .)
 *(SORT_BY_NAME(.mutex_array.*))
 *(.mutex_array)
 .mutex_array   0x0000000020004ac8       0x10 CMakeFiles/kitchen_sink_copy_to_ram.dir/kitchen_sink.c.obj
 .mutex_array   0x0000000020004ad8        0x8 CMakeFiles/kitchen_sink_copy_to_ram.dir/__/__/src/rp2_common/pico_malloc/pico_malloc.c.obj
 .mutex_array   0x0000000020004ae0        0x8 CMakeFiles/kitchen_sink_copy_to_ram.dir/__/__/src/rp2_common/pico_stdio/stdio.c.obj
                0x0000000020004ae8                PROVIDE (__mutex_array_end = .)
                0x0000000020004ae8                . = ALIGN (0x4)
                0x0000000020004ae8                PROVIDE (__preinit_array_start = .)
 *(SORT_BY_NAME(.preinit_array.*))
 .preinit_array.00001
                0x0000000020004ae8        0x4 CMakeFiles/kitchen_sink_copy_to_ram.dir/__/__/src/rp2_common/pico_mem_ops/mem_ops_aeabi.S.obj
 .preinit_array.00010
                0x0000000020004aec        0x4 CMakeFiles/kitchen_sink_copy_to_ram.dir/__/__/src/rp2_common/pico_bit_ops/bit_ops_aeabi.S.obj
 .preinit_array.00020
                0x0000000020004af0        0x4 CMakeFiles/kitchen_sink_copy_to_ram.dir/__/__/src/rp2_common/pico_double/double_aeabi.S.obj
 .preinit_array.00020
                0x0000000020004af4        0x4 CMakeFiles/kitchen_sink_copy_to_ram.dir/__/__/src/rp2_common/pico_float/float_aeabi.S.obj
 *(.preinit_array)
                0x0000000020004af8                PROVIDE (__preinit_array_end = .)
                0x0000000020004af8                . = ALIGN (0x4)
                0x0000000020004af8                PROVIDE (__init_array_start = .)
 *(SORT_BY_NAME(.init_array.*))
 *(.init_array)
 .init_array    0x0000000020004af8        0x4 /usr/lib/gcc/arm-none-eabi/12.2.1/thumb/v6-m/nofp/crtbegin.o
 .init_array    0x0000000020004afc        0x4 CMakeFiles/kitchen_sink_copy_to_ram.dir/__/__/src/rp2_common/pico_bootsel_via_double_reset/pico_bootsel_via_double_reset.c.obj
 .init_array    0x0000000020004b00        0x4 CMakeFiles/kitchen_sink_copy_to_ram.dir/__/__/src/rp2_common/pico_unique_id/unique_id.c.obj
                0x0000000020004b04                PROVIDE (__init_array_end = .)
                0x0000000020004b04                . = ALIGN (0x4)
                0x0000000020004b04                PROVIDE (__fini_array_start = .)
 *(SORT_BY_NAME(.fini_array.*))
 *(.fini_array)
                0x0000000020004b04                PROVIDE (__fini_array_end = .)
 *(.jcr)
                0x0000000020004b04                . = ALIGN (0x4)
                0x0000000020004b04                __data_end__ = .
                0x0000000010004644                __etext = LOADADDR (.data)

.tm_clone_table
                0x0000000020004b04        0x0 load address 0x0000000010004d48
 .tm_clone_table
                0x0000000020004b04        0x0 /usr/lib/gcc/arm-none-eabi/12.2.1/thumb/v6-m/nofp/crtbegin.o
 .tm_clone_table
                0x0000000020004b04        0x0 /usr/lib/gcc/arm-none-eabi/12.2.1/thumb/v6-m/nofp/crtend.o

.igot.plt       0x0000000020004b04        0x0 load address 0x0000000010004d48
 .igot.plt      0x0000000020004b04        0x0 /usr/lib/gcc/arm-none-eabi/12.2.1/thumb/v6-m/nofp/crtbegin.o

.uninitialized_data
                0x0000000020004b04        0xc load address 0x0000000010004d48
                0x0000000020004b04                . = ALIGN (0x4)
 *(.uninitialized_data*)
 .uninitialized_data.magic_location
                0x0000000020004b04        0xc CMakeFiles/kitchen_sink_copy_to_ram.dir/__/__/src/rp2_common/pico_bootsel_via_double_reset/pico_bootsel_via_double_reset.c.obj

.scratch_x      0x0000000020040000        0x0 load address 0x0000000010004d48
                0x0000000020040000                __scratch_x_start__ = .
 *(.scratch_x.*)
                0x0000000020040000                . = ALIGN (0x4)
                0x0000000020040000                __scratch_x_end__ = .
                0x0000000010004d48                __scratch_x_source__ = LOADADDR (.scratch_x)

.scratch_y      0x0000000020041000        0x0 load address 0x0000000010004d48
                0x0000000020041000                __scratch_y_start__ = .
 *(.scratch_y.*)
                0x0000000020041000                . = ALIGN (0x4)
                0x0000000020041000                __scratch_y_end__ = .
                0x0000000010004d48                __scratch_y_source__ = LOADADDR (.scratch_y)

.bss            0x0000000020004b10      0x4ec
                0x0000000020004b10                . = ALIGN (0x4)
                0x0000000020004b10                __bss_start__ = .
 *(SORT_BY_ALIGNMENT(SORT_BY_NAME(.bss*)))
 .bss.configured_freq
                0x0000000020004b10       0x28 CMakeFiles/kitchen_sink_copy_to_ram.dir/__/__/src/rp2_common/hardware_clocks/clocks.c.obj
 .bss.default_alarm_pool_entries
                0x0000000020004b38      0x100 CMakeFiles/kitchen_sink_copy_to_ram.dir/__/__/src/common/pico_time/time.c.obj
 .bss.sd_table  0x0000000020004c38      0x100 CMakeFiles/kitchen_sink_copy_to_ram.dir/__/__/src/rp2_common/pico_double/double_init_rom.c.obj
                0x0000000020004c38                sd_table
 .bss.sf_table  0x0000000020004d38      0x100 CMakeFiles/kitchen_sink_copy_to_ram.dir/__/__/src/rp2_common/pico_float/float_init_rom.c.obj
                0x0000000020004d38                sf_table
 .bss           0x0000000020004e38       0x1c /usr/lib/gcc/arm-none-eabi/12.2.1/thumb/v6-m/nofp/crtbegin.o
 .bss.alarm_callbacks
                0x0000000020004e54       0x10 CMakeFiles/kitchen_sink_copy_to_ram.dir/__/__/src/rp2_common/hardware_timer/timer.c.obj
 .bss.boot2_copyout
                0x0000000020004e64      0x100 CMakeFiles/kitchen_sink_copy_to_ram.dir/__/__/src/rp2_common/hardware_flash/flash.c.obj
 .bss.chars_available_callback
                0x0000000020004f64        0x4 CMakeFiles/kitchen_sink_copy_to_ram.dir/__/__/src/rp2_common/pico_stdio_uart/stdio_uart.c.obj
 .bss.chars_available_param
                0x0000000020004f68        0x4 CMakeFiles/kitchen_sink_copy_to_ram.dir/__/__/src/rp2_common/pico_stdio_uart/stdio_uart.c.obj
 .bss.default_alarm_pool_entry_ids_high
                0x0000000020004f6c       0x10 CMakeFiles/kitchen_sink_copy_to_ram.dir/__/__/src/common/pico_time/time.c.obj
 .bss.default_alarm_pool_heap_nodes
                0x0000000020004f7c       0x30 CMakeFiles/kitchen_sink_copy_to_ram.dir/__/__/src/common/pico_time/time.c.obj
 .bss.drivers   0x0000000020004fac        0x4 CMakeFiles/kitchen_sink_copy_to_ram.dir/__/__/src/rp2_common/pico_stdio/stdio.c.obj
 .bss.filter    0x0000000020004fb0        0x4 CMakeFiles/kitchen_sink_copy_to_ram.dir/__/__/src/rp2_common/pico_stdio/stdio.c.obj
 .bss.lazy_vsnprintf
                0x0000000020004fb4        0x4 CMakeFiles/kitchen_sink_copy_to_ram.dir/__/__/src/rp2_common/pico_printf/printf.c.obj
 .bss.pools     0x0000000020004fb8       0x10 CMakeFiles/kitchen_sink_copy_to_ram.dir/__/__/src/common/pico_time/time.c.obj
 .bss.retrieved_id
                0x0000000020004fc8        0x8 CMakeFiles/kitchen_sink_copy_to_ram.dir/__/__/src/rp2_common/pico_unique_id/unique_id.c.obj
 .bss.sf_clz_func
                0x0000000020004fd0        0x4 CMakeFiles/kitchen_sink_copy_to_ram.dir/__/__/src/rp2_common/pico_double/double_init_rom.c.obj
                0x0000000020004fd0                sf_clz_func
 .bss.sleep_notifier
                0x0000000020004fd4        0x4 CMakeFiles/kitchen_sink_copy_to_ram.dir/__/__/src/common/pico_time/time.c.obj
 .bss.target_hi
                0x0000000020004fd8       0x10 CMakeFiles/kitchen_sink_copy_to_ram.dir/__/__/src/rp2_common/hardware_timer/timer.c.obj
 .bss.uart_char_to_line_feed
                0x0000000020004fe8        0x4 CMakeFiles/kitchen_sink_copy_to_ram.dir/__/__/src/rp2_common/hardware_uart/uart.c.obj
                0x0000000020004fe8                uart_char_to_line_feed
 .bss.uart_instance
                0x0000000020004fec        0x4 CMakeFiles/kitchen_sink_copy_to_ram.dir/__/__/src/rp2_common/pico_stdio_uart/stdio_uart.c.obj
 .bss.x.0       0x0000000020004ff0        0x8 CMakeFiles/kitchen_sink_copy_to_ram.dir/kitchen_sink.c.obj
 .bss.boot2_copyout_valid
                0x0000000020004ff8        0x1 CMakeFiles/kitchen_sink_copy_to_ram.dir/__/__/src/rp2_common/hardware_flash/flash.c.obj
 .bss.claimed   0x0000000020004ff9        0x1 CMakeFiles/kitchen_sink_copy_to_ram.dir/__/__/src/rp2_common/hardware_timer/timer.c.obj
 .bss.irq_hander_chain_free_slot_head
                0x0000000020004ffa        0x1 CMakeFiles/kitchen_sink_copy_to_ram.dir/__/__/src/rp2_common/hardware_irq/irq.c.obj
 .bss.timer_callbacks_pending
                0x0000000020004ffb        0x1 CMakeFiles/kitchen_sink_copy_to_ram.dir/__/__/src/rp2_common/hardware_timer/timer.c.obj
 *(COMMON)
                0x0000000020004ffc                . = ALIGN (0x4)
                0x0000000020004ffc                __bss_end__ = .

.heap           0x0000000020004ffc      0x800
                0x0000000020004ffc                __end__ = .
                0x0000000020004ffc                end = __end__
 *(.heap*)
 .heap          0x0000000020004ffc      0x800 CMakeFiles/kitchen_sink_copy_to_ram.dir/__/__/src/rp2_common/pico_standard_link/crt0.S.obj
                0x00000000200057fc                __HeapLimit = .

.stack1_dummy   0x0000000020040000      0x800
 *(.stack1*)
 .stack1        0x0000000020040000      0x800 CMakeFiles/kitchen_sink_copy_to_ram.dir/__/__/src/rp2_common/pico_multicore/multicore.c.obj

.stack_dummy    0x0000000020041000      0x800
 *(.stack*)
 .stack         0x0000000020041000      0x800 CMakeFiles/kitchen_sink_copy_to_ram.dir/__/__/src/rp2_common/pico_standard_link/crt0.S.obj

.flash_end      0x0000000010004d48        0x0
                0x0000000010004d48                __flash_binary_end = .
                0x0000000020040000                __StackLimit = (ORIGIN (RAM) + LENGTH (RAM))
                0x0000000020041000                __StackOneTop = (ORIGIN (SCRATCH_X) + LENGTH (SCRATCH_X))
                0x0000000020042000                __StackTop = (ORIGIN (SCRATCH_Y) + LENGTH (SCRATCH_Y))
                0x0000000020040800                __StackOneBottom = (__StackOneTop - SIZEOF (.stack1_dummy))
                0x0000000020041800                __StackBottom = (__StackTop - SIZEOF (.stack_dummy))
                0x0000000020042000                PROVIDE (__stack = __StackTop)
                0x0000000000000001                ASSERT ((__StackLimit >= __HeapLimit), region RAM overflowed)
                0x0000000000000001                ASSERT (((__binary_info_header_end - __logical_binary_start) <= 0x100), Binary info must be in first 256 bytes of the binary)
LOAD CMakeFiles/kitchen_sink_copy_to_ram.dir/kitchen_sink.c.obj
LOAD CMakeFiles/kitchen_sink_copy_to_ram.dir/__/__/src/rp2_common/hardware_adc/adc.c.obj
LOAD CMakeFiles/kitchen_sink_copy_to_ram.dir/__/__/src/rp2_common/pico_platform/platform.c.obj
LOAD CMakeFiles/kitchen_sink_copy_to_ram.dir/__/__/src/rp2_common/hardware_claim/claim.c.obj
LOAD CMakeFiles/kitchen_sink_copy_to_ram.dir/__/__/src/rp2_common/hardware_sync/sync.c.obj
LOAD CMakeFiles/kitchen_sink_copy_to_ram.dir/__/__/src/rp2_common/hardware_gpio/gpio.c.obj
LOAD CMakeFiles/kitchen_sink_copy_to_ram.dir/__/__/src/rp2_common/hardware_irq/irq.c.obj
LOAD CMakeFiles/kitchen_sink_copy_to_ram.dir/__/__/src/rp2_common/hardware_irq/irq_handler_chain.S.obj
LOAD CMakeFiles/kitchen_sink_copy_to_ram.dir/__/__/src/common/pico_sync/sem.c.obj
LOAD CMakeFiles/kitchen_sink_copy_to_ram.dir/__/__/src/common/pico_sync/lock_core.c.obj
LOAD CMakeFiles/kitchen_sink_copy_to_ram.dir/__/__/src/common/pico_sync/mutex.c.obj
LOAD CMakeFiles/kitchen_sink_copy_to_ram.dir/__/__/src/common/pico_sync/critical_section.c.obj
LOAD CMakeFiles/kitchen_sink_copy_to_ram.dir/__/__/src/common/pico_time/time.c.obj
LOAD CMakeFiles/kitchen_sink_copy_to_ram.dir/__/__/src/common/pico_time/timeout_helper.c.obj
LOAD CMakeFiles/kitchen_sink_copy_to_ram.dir/__/__/src/rp2_common/hardware_timer/timer.c.obj
LOAD CMakeFiles/kitchen_sink_copy_to_ram.dir/__/__/src/common/pico_util/datetime.c.obj
LOAD CMakeFiles/kitchen_sink_copy_to_ram.dir/__/__/src/common/pico_util/pheap.c.obj
LOAD CMakeFiles/kitchen_sink_copy_to_ram.dir/__/__/src/common/pico_util/queue.c.obj
LOAD CMakeFiles/kitchen_sink_copy_to_ram.dir/__/__/src/rp2_common/hardware_clocks/clocks.c.obj
LOAD CMakeFiles/kitchen_sink_copy_to_ram.dir/__/__/src/rp2_common/hardware_pll/pll.c.obj
LOAD CMakeFiles/kitchen_sink_copy_to_ram.dir/__/__/src/rp2_common/hardware_vreg/vreg.c.obj
LOAD CMakeFiles/kitchen_sink_copy_to_ram.dir/__/__/src/rp2_common/hardware_watchdog/watchdog.c.obj
LOAD CMakeFiles/kitchen_sink_copy_to_ram.dir/__/__/src/rp2_common/hardware_xosc/xosc.c.obj
LOAD CMakeFiles/kitchen_sink_copy_to_ram.dir/__/__/src/rp2_common/hardware_divider/divider.S.obj
LOAD CMakeFiles/kitchen_sink_copy_to_ram.dir/__/__/src/rp2_common/hardware_exception/exception.c.obj
LOAD CMakeFiles/kitchen_sink_copy_to_ram.dir/__/__/src/rp2_common/hardware_dma/dma.c.obj
LOAD CMakeFiles/kitchen_sink_copy_to_ram.dir/__/__/src/rp2_common/hardware_flash/flash.c.obj
LOAD CMakeFiles/kitchen_sink_copy_to_ram.dir/__/__/src/rp2_common/pico_bootrom/bootrom.c.obj
LOAD CMakeFiles/kitchen_sink_copy_to_ram.dir/__/__/src/rp2_common/hardware_i2c/i2c.c.obj
LOAD CMakeFiles/kitchen_sink_copy_to_ram.dir/__/__/src/rp2_common/hardware_interp/interp.c.obj
LOAD CMakeFiles/kitchen_sink_copy_to_ram.dir/__/__/src/rp2_common/hardware_pio/pio.c.obj
LOAD CMakeFiles/kitchen_sink_copy_to_ram.dir/__/__/src/rp2_common/hardware_rtc/rtc.c.obj
LOAD CMakeFiles/kitchen_sink_copy_to_ram.dir/__/__/src/rp2_common/hardware_uart/uart.c.obj
LOAD CMakeFiles/kitchen_sink_copy_to_ram.dir/__/__/src/rp2_common/hardware_spi/spi.c.obj
LOAD CMakeFiles/kitchen_sink_copy_to_ram.dir/__/__/src/rp2_common/pico_bit_ops/bit_ops_aeabi.S.obj
LOAD CMakeFiles/kitchen_sink_copy_to_ram.dir/__/__/src/rp2_common/pico_bootsel_via_double_reset/pico_bootsel_via_double_reset.c.obj
LOAD CMakeFiles/kitchen_sink_copy_to_ram.dir/__/__/src/rp2_common/pico_divider/divider.S.obj
LOAD CMakeFiles/kitchen_sink_copy_to_ram.dir/__/__/src/rp2_common/pico_double/double_aeabi.S.obj
LOAD CMakeFiles/kitchen_sink_copy_to_ram.dir/__/__/src/rp2_common/pico_double/double_init_rom.c.obj
LOAD CMakeFiles/kitchen_sink_copy_to_ram.dir/__/__/src/rp2_common/pico_double/double_math.c.obj
LOAD CMakeFiles/kitchen_sink_copy_to_ram.dir/__/__/src/rp2_common/pico_double/double_v1_rom_shim.S.obj
LOAD CMakeFiles/kitchen_sink_copy_to_ram.dir/__/__/src/rp2_common/pico_fix/rp2040_usb_device_enumeration/rp2040_usb_device_enumeration.c.obj
LOAD CMakeFiles/kitchen_sink_copy_to_ram.dir/__/__/src/rp2_common/pico_flash/flash.c.obj
LOAD CMakeFiles/kitchen_sink_copy_to_ram.dir/__/__/src/rp2_common/pico_float/float_aeabi.S.obj
LOAD CMakeFiles/kitchen_sink_copy_to_ram.dir/__/__/src/rp2_common/pico_float/float_init_rom.c.obj
LOAD CMakeFiles/kitchen_sink_copy_to_ram.dir/__/__/src/rp2_common/pico_float/float_math.c.obj
LOAD CMakeFiles/kitchen_sink_copy_to_ram.dir/__/__/src/rp2_common/pico_float/float_v1_rom_shim.S.obj
LOAD CMakeFiles/kitchen_sink_copy_to_ram.dir/__/__/src/rp2_common/pico_i2c_slave/i2c_slave.c.obj
LOAD CMakeFiles/kitchen_sink_copy_to_ram.dir/__/__/src/rp2_common/pico_int64_ops/pico_int64_ops_aeabi.S.obj
LOAD CMakeFiles/kitchen_sink_copy_to_ram.dir/__/__/src/rp2_common/pico_malloc/pico_malloc.c.obj
LOAD CMakeFiles/kitchen_sink_copy_to_ram.dir/__/__/src/rp2_common/pico_mem_ops/mem_ops_aeabi.S.obj
LOAD CMakeFiles/kitchen_sink_copy_to_ram.dir/__/__/src/rp2_common/pico_multicore/multicore.c.obj
LOAD CMakeFiles/kitchen_sink_copy_to_ram.dir/__/__/src/rp2_common/pico_rand/rand.c.obj
LOAD CMakeFiles/kitchen_sink_copy_to_ram.dir/__/__/src/rp2_common/pico_unique_id/unique_id.c.obj
LOAD CMakeFiles/kitchen_sink_copy_to_ram.dir/__/__/src/rp2_common/pico_stdlib/stdlib.c.obj
LOAD CMakeFiles/kitchen_sink_copy_to_ram.dir/__/__/src/rp2_common/pico_runtime/runtime.c.obj
LOAD CMakeFiles/kitchen_sink_copy_to_ram.dir/__/__/src/rp2_common/pico_printf/printf.c.obj
LOAD CMakeFiles/kitchen_sink_copy_to_ram.dir/__/__/src/rp2_common/pico_standard_link/crt0.S.obj
LOAD CMakeFiles/kitchen_sink_copy_to_ram.dir/__/__/src/rp2_common/pico_standard_link/new_delete.cpp.obj
LOAD CMakeFiles/kitchen_sink_copy_to_ram.dir/__/__/src/rp2_common/pico_standard_link/binary_info.c.obj
LOAD CMakeFiles/kitchen_sink_copy_to_ram.dir/__/__/src/rp2_common/pico_stdio/stdio.c.obj
LOAD CMakeFiles/kitchen_sink_copy_to_ram.dir/__/__/src/rp2_common/pico_stdio_uart/stdio_uart.c.obj
LOAD /tmp/ccW2hCdU.o
LOAD /usr/lib/gcc/arm-none-eabi/12.2.1/../../../arm-none-eabi/lib/thumb/v6-m/nofp/libstdc++.a
LOAD /usr/lib/gcc/arm-none-eabi/12.2.1/../../../arm-none-eabi/lib/thumb/v6-m/nofp/libm.a
START GROUP
LOAD /usr/lib/gcc/arm-none-eabi/12.2.1/thumb/v6-m/nofp/libgcc.a
LOAD /usr/lib/gcc/arm-none-eabi/12.2.1/../../../arm-none-eabi/lib/thumb/v6-m/nofp/libc.a
END GROUP
START GROUP
LOAD /usr/lib/gcc/arm-none-eabi/12.2.1/thumb/v6-m/nofp/libgcc.a
LOAD /usr/lib/gcc/arm-none-eabi/12.2.1/../../../arm-none-eabi/lib/thumb/v6-m/nofp/libc.a
LOAD /usr/lib/gcc/arm-none-eabi/12.2.1/../../../arm-none-eabi/lib/thumb/v6-m/nofp/libnosys.a
END GROUP
LOAD /usr/lib/gcc/arm-none-eabi/12.2.1/thumb/v6-m/nofp/crtend.o
LOAD /usr/lib/gcc/arm-none-eabi/12.2.1/thumb/v6-m/nofp/crtn.o
OUTPUT(kitchen_sink_copy_to_ram.elf elf32-littlearm)
LOAD linker stubs

.ARM.attributes
                0x0000000000000000       0x28
 .ARM.attributes
                0x0000000000000000       0x1e /usr/lib/gcc/arm-none-eabi/12.2.1/thumb/v6-m/nofp/crti.o
 .ARM.attributes
                0x000000000000001e       0x2c /usr/lib/gcc/arm-none-eabi/12.2.1/thumb/v6-m/nofp/crtbegin.o
 .ARM.attributes
                0x000000000000004a       0x2c CMakeFiles/kitchen_sink_copy_to_ram.dir/kitchen_sink.c.obj
 .ARM.attributes
                0x0000000000000076       0x2c CMakeFiles/kitchen_sink_copy_to_ram.dir/__/__/src/rp2_common/pico_platform/platform.c.obj
 .ARM.attributes
                0x00000000000000a2       0x2c CMakeFiles/kitchen_sink_copy_to_ram.dir/__/__/src/rp2_common/hardware_claim/claim.c.obj
 .ARM.attributes
                0x00000000000000ce       0x2c CMakeFiles/kitchen_sink_copy_to_ram.dir/__/__/src/rp2_common/hardware_sync/sync.c.obj
 .ARM.attributes
                0x00000000000000fa       0x2c CMakeFiles/kitchen_sink_copy_to_ram.dir/__/__/src/rp2_common/hardware_gpio/gpio.c.obj
 .ARM.attributes
                0x0000000000000126       0x2c CMakeFiles/kitchen_sink_copy_to_ram.dir/__/__/src/rp2_common/hardware_irq/irq.c.obj
 .ARM.attributes
                0x0000000000000152       0x22 CMakeFiles/kitchen_sink_copy_to_ram.dir/__/__/src/rp2_common/hardware_irq/irq_handler_chain.S.obj
 .ARM.attributes
                0x0000000000000174       0x2c CMakeFiles/kitchen_sink_copy_to_ram.dir/__/__/src/common/pico_sync/lock_core.c.obj
 .ARM.attributes
                0x00000000000001a0       0x2c CMakeFiles/kitchen_sink_copy_to_ram.dir/__/__/src/common/pico_sync/mutex.c.obj
 .ARM.attributes
                0x00000000000001cc       0x2c CMakeFiles/kitchen_sink_copy_to_ram.dir/__/__/src/common/pico_time/time.c.obj
 .ARM.attributes
                0x00000000000001f8       0x2c CMakeFiles/kitchen_sink_copy_to_ram.dir/__/__/src/rp2_common/hardware_timer/timer.c.obj
 .ARM.attributes
                0x0000000000000224       0x2c CMakeFiles/kitchen_sink_copy_to_ram.dir/__/__/src/common/pico_util/pheap.c.obj
 .ARM.attributes
                0x0000000000000250       0x2c CMakeFiles/kitchen_sink_copy_to_ram.dir/__/__/src/rp2_common/hardware_clocks/clocks.c.obj
 .ARM.attributes
                0x000000000000027c       0x2c CMakeFiles/kitchen_sink_copy_to_ram.dir/__/__/src/rp2_common/hardware_pll/pll.c.obj
 .ARM.attributes
                0x00000000000002a8       0x2c CMakeFiles/kitchen_sink_copy_to_ram.dir/__/__/src/rp2_common/hardware_watchdog/watchdog.c.obj
 .ARM.attributes
                0x00000000000002d4       0x2c CMakeFiles/kitchen_sink_copy_to_ram.dir/__/__/src/rp2_common/hardware_xosc/xosc.c.obj
 .ARM.attributes
                0x0000000000000300       0x2c CMakeFiles/kitchen_sink_copy_to_ram.dir/__/__/src/rp2_common/hardware_dma/dma.c.obj
 .ARM.attributes
                0x000000000000032c       0x2c CMakeFiles/kitchen_sink_copy_to_ram.dir/__/__/src/rp2_common/hardware_flash/flash.c.obj
 .ARM.attributes
                0x0000000000000358       0x2c CMakeFiles/kitchen_sink_copy_to_ram.dir/__/__/src/rp2_common/pico_bootrom/bootrom.c.obj
 .ARM.attributes
                0x0000000000000384       0x2c CMakeFiles/kitchen_sink_copy_to_ram.dir/__/__/src/rp2_common/hardware_uart/uart.c.obj
 .ARM.attributes
                0x00000000000003b0       0x22 CMakeFiles/kitchen_sink_copy_to_ram.dir/__/__/src/rp2_common/pico_bit_ops/bit_ops_aeabi.S.obj
 .ARM.attributes
                0x00000000000003d2       0x2c CMakeFiles/kitchen_sink_copy_to_ram.dir/__/__/src/rp2_common/pico_bootsel_via_double_reset/pico_bootsel_via_double_reset.c.obj
 .ARM.attributes
                0x00000000000003fe       0x22 CMakeFiles/kitchen_sink_copy_to_ram.dir/__/__/src/rp2_common/pico_divider/divider.S.obj
 .ARM.attributes
                0x0000000000000420       0x22 CMakeFiles/kitchen_sink_copy_to_ram.dir/__/__/src/rp2_common/pico_double/double_aeabi.S.obj
 .ARM.attributes
                0x0000000000000442       0x2c CMakeFiles/kitchen_sink_copy_to_ram.dir/__/__/src/rp2_common/pico_double/double_init_rom.c.obj
 .ARM.attributes
                0x000000000000046e       0x22 CMakeFiles/kitchen_sink_copy_to_ram.dir/__/__/src/rp2_common/pico_double/double_v1_rom_shim.S.obj
 .ARM.attributes
                0x0000000000000490       0x22 CMakeFiles/kitchen_sink_copy_to_ram.dir/__/__/src/rp2_common/pico_float/float_aeabi.S.obj
 .ARM.attributes
                0x00000000000004b2       0x2c CMakeFiles/kitchen_sink_copy_to_ram.dir/__/__/src/rp2_common/pico_float/float_init_rom.c.obj
 .ARM.attributes
                0x00000000000004de       0x22 CMakeFiles/kitchen_sink_copy_to_ram.dir/__/__/src/rp2_common/pico_float/float_v1_rom_shim.S.obj
 .ARM.attributes
                0x0000000000000500       0x2c CMakeFiles/kitchen_sink_copy_to_ram.dir/__/__/src/rp2_common/pico_malloc/pico_malloc.c.obj
 .ARM.attributes
                0x000000000000052c       0x22 CMakeFiles/kitchen_sink_copy_to_ram.dir/__/__/src/rp2_common/pico_mem_ops/mem_ops_aeabi.S.obj
 .ARM.attributes
                0x000000000000054e       0x2c CMakeFiles/kitchen_sink_copy_to_ram.dir/__/__/src/rp2_common/pico_multicore/multicore.c.obj
 .ARM.attributes
                0x000000000000057a       0x2c CMakeFiles/kitchen_sink_copy_to_ram.dir/__/__/src/rp2_common/pico_unique_id/unique_id.c.obj
 .ARM.attributes
                0x00000000000005a6       0x2c CMakeFiles/kitchen_sink_copy_to_ram.dir/__/__/src/rp2_common/pico_runtime/runtime.c.obj
 .ARM.attributes
                0x00000000000005d2       0x2c CMakeFiles/kitchen_sink_copy_to_ram.dir/__/__/src/rp2_common/pico_printf/printf.c.obj
 .ARM.attributes
                0x00000000000005fe       0x22 CMakeFiles/kitchen_sink_copy_to_ram.dir/__/__/src/rp2_common/pico_standard_link/crt0.S.obj
 .ARM.attributes
                0x0000000000000620       0x2c CMakeFiles/kitchen_sink_copy_to_ram.dir/__/__/src/rp2_common/pico_standard_link/binary_info.c.obj
 .ARM.attributes
                0x000000000000064c       0x2c CMakeFiles/kitchen_sink_copy_to_ram.dir/__/__/src/rp2_common/pico_stdio/stdio.c.obj
 .ARM.attributes
                0x0000000000000678       0x2c CMakeFiles/kitchen_sink_copy_to_ram.dir/__/__/src/rp2_common/pico_stdio_uart/stdio_uart.c.obj
 .ARM.attributes
                0x00000000000006a4       0x22 /tmp/ccW2hCdU.o
 .ARM.attributes
                0x00000000000006c6       0x1e /usr/lib/gcc/arm-none-eabi/12.2.1/thumb/v6-m/nofp/libgcc.a(_dvmd_tls.o)
 .ARM.attributes
                0x00000000000006e4       0x2c /usr/lib/gcc/arm-none-eabi/12.2.1/../../../arm-none-eabi/lib/thumb/v6-m/nofp/libc.a(lib_a-strlen-stub.o)
 .ARM.attributes
                0x0000000000000710       0x2c /usr/lib/gcc/arm-none-eabi/12.2.1/thumb/v6-m/nofp/crtend.o

.comment        0x0000000000000000       0x59
 .comment       0x0000000000000000       0x26 /usr/lib/gcc/arm-none-eabi/12.2.1/thumb/v6-m/nofp/crtbegin.o
                                         0x27 (size before relaxing)
 .comment       0x0000000000000026       0x27 CMakeFiles/kitchen_sink_copy_to_ram.dir/kitchen_sink.c.obj
 .comment       0x0000000000000026       0x27 CMakeFiles/kitchen_sink_copy_to_ram.dir/__/__/src/rp2_common/pico_platform/platform.c.obj
 .comment       0x0000000000000026       0x27 CMakeFiles/kitchen_sink_copy_to_ram.dir/__/__/src/rp2_common/hardware_claim/claim.c.obj
 .comment       0x0000000000000026       0x27 CMakeFiles/kitchen_sink_copy_to_ram.dir/__/__/src/rp2_common/hardware_sync/sync.c.obj
 .comment       0x0000000000000026       0x27 CMakeFiles/kitchen_sink_copy_to_ram.dir/__/__/src/rp2_common/hardware_gpio/gpio.c.obj
 .comment       0x0000000000000026       0x27 CMakeFiles/kitchen_sink_copy_to_ram.dir/__/__/src/rp2_common/hardware_irq/irq.c.obj
 .comment       0x0000000000000026       0x27 CMakeFiles/kitchen_sink_copy_to_ram.dir/__/__/src/common/pico_sync/lock_core.c.obj
 .comment       0x0000000000000026       0x27 CMakeFiles/kitchen_sink_copy_to_ram.dir/__/__/src/common/pico_sync/mutex.c.obj
 .comment       0x0000000000000026       0x27 CMakeFiles/kitchen_sink_copy_to_ram.dir/__/__/src/common/pico_time/time.c.obj
 .comment       0x0000000000000026       0x27 CMakeFiles/kitchen_sink_copy_to_ram.dir/__/__/src/rp2_common/hardware_timer/timer.c.obj
 .comment       0x0000000000000026       0x27 CMakeFiles/kitchen_sink_copy_to_ram.dir/__/__/src/common/pico_util/pheap.c.obj
 .comment       0x0000000000000026       0x27 CMakeFiles/kitchen_sink_copy_to_ram.dir/__/__/src/rp2_common/hardware_clocks/clocks.c.obj
 .comment       0x0000000000000026       0x27 CMakeFiles/kitchen_sink_copy_to_ram.dir/__/__/src/rp2_common/hardware_pll/pll.c.obj
 .comment       0x0000000000000026       0x27 CMakeFiles/kitchen_sink_copy_to_ram.dir/__/__/src/rp2_common/hardware_watchdog/watchdog.c.obj
 .comment       0x0000000000000026       0x27 CMakeFiles/kitchen_sink_copy_to_ram.dir/__/__/src/rp2_common/hardware_xosc/xosc.c.obj
 .comment       0x0000000000000026       0x27 CMakeFiles/kitchen_sink_copy_to_ram.dir/__/__/src/rp2_common/hardware_dma/dma.c.obj
 .comment       0x0000000000000026       0x27 CMakeFiles/kitchen_sink_copy_to_ram.dir/__/__/src/rp2_common/hardware_flash/flash.c.obj
 .comment       0x0000000000000026       0x27 CMakeFiles/kitchen_sink_copy_to_ram.dir/__/__/src/rp2_common/pico_bootrom/bootrom.c.obj
 .comment       0x0000000000000026       0x27 CMakeFiles/kitchen_sink_copy_to_ram.dir/__/__/src/rp2_common/hardware_uart/uart.c.obj
 .comment       0x0000000000000026       0x27 CMakeFiles/kitchen_sink_copy_to_ram.dir/__/__/src/rp2_common/pico_bootsel_via_double_reset/pico_bootsel_via_double_reset.c.obj
 .comment       0x0000000000000026       0x27 CMakeFiles/kitchen_sink_copy_to_ram.dir/__/__/src/rp2_common/pico_double/double_init_rom.c.obj
 .comment       0x0000000000000026       0x27 CMakeFiles/kitchen_sink_copy_to_ram.dir/__/__/src/rp2_common/pico_float/float_init_rom.c.obj
 .comment       0x0000000000000026       0x27 CMakeFiles/kitchen_sink_copy_to_ram.dir/__/__/src/rp2_common/pico_malloc/pico_malloc.c.obj
 .comment       0x0000000000000026       0x27 CMakeFiles/kitchen_sink_copy_to_ram.dir/__/__/src/rp2_common/pico_multicore/multicore.c.obj
 .comment       0x0000000000000026       0x27 CMakeFiles/kitchen_sink_copy_to_ram.dir/__/__/src/rp2_common/pico_unique_id/unique_id.c.obj
 .comment       0x0000000000000026       0x27 CMakeFiles/kitchen_sink_copy_to_ram.dir/__/__/src/rp2_common/pico_runtime/runtime.c.obj
 .comment       0x0000000000000026       0x27 CMakeFiles/kitchen_sink_copy_to_ram.dir/__/__/src/rp2_common/pico_printf/printf.c.obj
 .comment       0x0000000000000026       0x27 CMakeFiles/kitchen_sink_copy_to_ram.dir/__/__/src/rp2_common/pico_standard_link/binary_info.c.obj
 .comment       0x0000000000000026       0x27 CMakeFiles/kitchen_sink_copy_to_ram.dir/__/__/src/rp2_common/pico_stdio/stdio.c.obj
 .comment       0x0000000000000026       0x27 CMakeFiles/kitchen_sink_copy_to_ram.dir/__/__/src/rp2_common/pico_stdio_uart/stdio_uart.c.obj
 .comment       0x0000000000000026       0x33 /usr/lib/gcc/arm-none-eabi/12.2.1/../../../arm-none-eabi/lib/thumb/v6-m/nofp/libc.a(lib_a-strlen-stub.o)
                                         0x34 (size before relaxing)
 .comment       0x0000000000000059       0x27 /usr/lib/gcc/arm-none-eabi/12.2.1/thumb/v6-m/nofp/crtend.o

.debug_line     0x0000000000000000      0x1bc
 .debug_line    0x0000000000000000       0x4a /usr/lib/gcc/arm-none-eabi/12.2.1/thumb/v6-m/nofp/libgcc.a(_dvmd_tls.o)
 .debug_line    0x000000000000004a      0x172 /usr/lib/gcc/arm-none-eabi/12.2.1/../../../arm-none-eabi/lib/thumb/v6-m/nofp/libc.a(lib_a-strlen-stub.o)

.debug_line_str
                0x0000000000000000       0x97
 .debug_line_str
                0x0000000000000000       0x97 /usr/lib/gcc/arm-none-eabi/12.2.1/thumb/v6-m/nofp/libgcc.a(_dvmd_tls.o)

.debug_info     0x0000000000000000      0x127
 .debug_info    0x0000000000000000       0x39 /usr/lib/gcc/arm-none-eabi/12.2.1/thumb/v6-m/nofp/libgcc.a(_dvmd_tls.o)
 .debug_info    0x0000000000000039       0xee /usr/lib/gcc/arm-none-eabi/12.2.1/../../../arm-none-eabi/lib/thumb/v6-m/nofp/libc.a(lib_a-strlen-stub.o)

.debug_abbrev   0x0000000000000000       0xae
 .debug_abbrev  0x0000000000000000       0x1f /usr/lib/gcc/arm-none-eabi/12.2.1/thumb/v6-m/nofp/libgcc.a(_dvmd_tls.o)
 .debug_abbrev  0x000000000000001f       0x8f /usr/lib/gcc/arm-none-eabi/12.2.1/../../../arm-none-eabi/lib/thumb/v6-m/nofp/libc.a(lib_a-strlen-stub.o)

.debug_aranges  0x0000000000000000       0x40
 .debug_aranges
                0x0000000000000000       0x20 /usr/lib/gcc/arm-none-eabi/12.2.1/thumb/v6-m/nofp/libgcc.a(_dvmd_tls.o)
 .debug_aranges
                0x0000000000000020       0x20 /usr/lib/gcc/arm-none-eabi/12.2.1/../../../arm-none-eabi/lib/thumb/v6-m/nofp/libc.a(lib_a-strlen-stub.o)

.debug_str      0x0000000000000000      0x24b
 .debug_str     0x0000000000000000       0xbf /usr/lib/gcc/arm-none-eabi/12.2.1/thumb/v6-m/nofp/libgcc.a(_dvmd_tls.o)
 .debug_str     0x00000000000000bf      0x18c /usr/lib/gcc/arm-none-eabi/12.2.1/../../../arm-none-eabi/lib/thumb/v6-m/nofp/libc.a(lib_a-strlen-stub.o)
                                        0x1c5 (size before relaxing)

.debug_loc      0x0000000000000000       0x90
 .debug_loc     0x0000000000000000       0x90 /usr/lib/gcc/arm-none-eabi/12.2.1/../../../arm-none-eabi/lib/thumb/v6-m/nofp/libc.a(lib_a-strlen-stub.o)

.debug_frame    0x0000000000000000       0x28
 .debug_frame   0x0000000000000000       0x28 /usr/lib/gcc/arm-none-eabi/12.2.1/../../../arm-none-eabi/lib/thumb/v6-m/nofp/libc.a(lib_a-strlen-stub.o)
