Archive member included to satisfy reference by file (symbol)

/usr/lib/gcc/arm-none-eabi/12.2.1/thumb/v6-m/nofp/libgcc.a(_dvmd_tls.o)
                              CMakeFiles/pico_stdio_test_usb.dir/__/__/src/rp2_common/pico_divider/divider.S.obj (__aeabi_idiv0)
/usr/lib/gcc/arm-none-eabi/12.2.1/../../../arm-none-eabi/lib/thumb/v6-m/nofp/libc.a(lib_a-atexit.o)
                              /usr/lib/gcc/arm-none-eabi/12.2.1/../../../arm-none-eabi/lib/thumb/v6-m/nofp/crt0.o (atexit)
/usr/lib/gcc/arm-none-eabi/12.2.1/../../../arm-none-eabi/lib/thumb/v6-m/nofp/libc.a(lib_a-calloc.o)
                              CMakeFiles/pico_stdio_test_usb.dir/__/__/src/rp2_common/pico_malloc/pico_malloc.c.obj (calloc)
/usr/lib/gcc/arm-none-eabi/12.2.1/../../../arm-none-eabi/lib/thumb/v6-m/nofp/libc.a(lib_a-callocr.o)
                              /usr/lib/gcc/arm-none-eabi/12.2.1/../../../arm-none-eabi/lib/thumb/v6-m/nofp/libc.a(lib_a-calloc.o) (_calloc_r)
/usr/lib/gcc/arm-none-eabi/12.2.1/../../../arm-none-eabi/lib/thumb/v6-m/nofp/libc.a(lib_a-fini.o)
                              /usr/lib/gcc/arm-none-eabi/12.2.1/../../../arm-none-eabi/lib/thumb/v6-m/nofp/crt0.o (__libc_fini_array)
/usr/lib/gcc/arm-none-eabi/12.2.1/../../../arm-none-eabi/lib/thumb/v6-m/nofp/libc.a(lib_a-impure.o)
                              /usr/lib/gcc/arm-none-eabi/12.2.1/../../../arm-none-eabi/lib/thumb/v6-m/nofp/libc.a(lib_a-calloc.o) (_impure_ptr)
/usr/lib/gcc/arm-none-eabi/12.2.1/../../../arm-none-eabi/lib/thumb/v6-m/nofp/libc.a(lib_a-init.o)
                              /usr/lib/gcc/arm-none-eabi/12.2.1/../../../arm-none-eabi/lib/thumb/v6-m/nofp/crt0.o (__libc_init_array)
/usr/lib/gcc/arm-none-eabi/12.2.1/../../../arm-none-eabi/lib/thumb/v6-m/nofp/libc.a(lib_a-malloc.o)
                              CMakeFiles/pico_stdio_test_usb.dir/__/__/src/rp2_common/pico_malloc/pico_malloc.c.obj (malloc)
/usr/lib/gcc/arm-none-eabi/12.2.1/../../../arm-none-eabi/lib/thumb/v6-m/nofp/libc.a(lib_a-mallocr.o)
                              /usr/lib/gcc/arm-none-eabi/12.2.1/../../../arm-none-eabi/lib/thumb/v6-m/nofp/libc.a(lib_a-callocr.o) (_malloc_r)
/usr/lib/gcc/arm-none-eabi/12.2.1/../../../arm-none-eabi/lib/thumb/v6-m/nofp/libc.a(lib_a-mlock.o)
                              /usr/lib/gcc/arm-none-eabi/12.2.1/../../../arm-none-eabi/lib/thumb/v6-m/nofp/libc.a(lib_a-mallocr.o) (__malloc_lock)
/usr/lib/gcc/arm-none-eabi/12.2.1/../../../arm-none-eabi/lib/thumb/v6-m/nofp/libc.a(lib_a-realloc.o)
                              CMakeFiles/pico_stdio_test_usb.dir/__/__/src/rp2_common/pico_malloc/pico_malloc.c.obj (realloc)
/usr/lib/gcc/arm-none-eabi/12.2.1/../../../arm-none-eabi/lib/thumb/v6-m/nofp/libc.a(lib_a-reallocr.o)
                              /usr/lib/gcc/arm-none-eabi/12.2.1/../../../arm-none-eabi/lib/thumb/v6-m/nofp/libc.a(lib_a-realloc.o) (_realloc_r)
/usr/lib/gcc/arm-none-eabi/12.2.1/../../../arm-none-eabi/lib/thumb/v6-m/nofp/libc.a(lib_a-sbrkr.o)
                              /usr/lib/gcc/arm-none-eabi/12.2.1/../../../arm-none-eabi/lib/thumb/v6-m/nofp/libc.a(lib_a-mallocr.o) (_sbrk_r)
/usr/lib/gcc/arm-none-eabi/12.2.1/../../../arm-none-eabi/lib/thumb/v6-m/nofp/libc.a(lib_a-strlen-stub.o)
                              CMakeFiles/pico_stdio_test_usb.dir/__/__/src/rp2_common/pico_stdio/stdio.c.obj (strlen)
/usr/lib/gcc/arm-none-eabi/12.2.1/../../../arm-none-eabi/lib/thumb/v6-m/nofp/libc.a(lib_a-__atexit.o)
                              /usr/lib/gcc/arm-none-eabi/12.2.1/../../../arm-none-eabi/lib/thumb/v6-m/nofp/libc.a(lib_a-atexit.o) (__register_exitproc)
/usr/lib/gcc/arm-none-eabi/12.2.1/../../../arm-none-eabi/lib/thumb/v6-m/nofp/libc.a(lib_a-freer.o)
                              /usr/lib/gcc/arm-none-eabi/12.2.1/../../../arm-none-eabi/lib/thumb/v6-m/nofp/libc.a(lib_a-malloc.o) (_free_r)
/usr/lib/gcc/arm-none-eabi/12.2.1/../../../arm-none-eabi/lib/thumb/v6-m/nofp/libc.a(lib_a-memmove.o)
                              /usr/lib/gcc/arm-none-eabi/12.2.1/../../../arm-none-eabi/lib/thumb/v6-m/nofp/libc.a(lib_a-reallocr.o) (memmove)
/usr/lib/gcc/arm-none-eabi/12.2.1/../../../arm-none-eabi/lib/thumb/v6-m/nofp/libc.a(lib_a-reent.o)
                              /usr/lib/gcc/arm-none-eabi/12.2.1/../../../arm-none-eabi/lib/thumb/v6-m/nofp/libc.a(lib_a-sbrkr.o) (errno)

Discarded input sections

 .text          0x0000000000000000        0x0 /usr/lib/gcc/arm-none-eabi/12.2.1/thumb/v6-m/nofp/crti.o
 .data          0x0000000000000000        0x0 /usr/lib/gcc/arm-none-eabi/12.2.1/thumb/v6-m/nofp/crti.o
 .bss           0x0000000000000000        0x0 /usr/lib/gcc/arm-none-eabi/12.2.1/thumb/v6-m/nofp/crti.o
 .data          0x0000000000000000        0x4 /usr/lib/gcc/arm-none-eabi/12.2.1/thumb/v6-m/nofp/crtbegin.o
 .rodata        0x0000000000000000       0x24 /usr/lib/gcc/arm-none-eabi/12.2.1/thumb/v6-m/nofp/crtbegin.o
 .fini_array    0x0000000000000000        0x4 /usr/lib/gcc/arm-none-eabi/12.2.1/thumb/v6-m/nofp/crtbegin.o
[...]
Memory Configuration

Name             Origin             Length             Attributes
FLASH            0x0000000010000000 0x0000000000200000 xr
RAM              0x0000000020000000 0x0000000000040000 xrw
SCRATCH_X        0x0000000020040000 0x0000000000001000 xrw
SCRATCH_Y        0x0000000020041000 0x0000000000001000 xrw
*default*        0x0000000000000000 0xffffffffffffffff

Linker script and memory map

LOAD /usr/lib/gcc/arm-none-eabi/12.2.1/thumb/v6-m/nofp/crti.o
LOAD /usr/lib/gcc/arm-none-eabi/12.2.1/thumb/v6-m/nofp/crtbegin.o
LOAD /usr/lib/gcc/arm-none-eabi/12.2.1/../../../arm-none-eabi/lib/thumb/v6-m/nofp/crt0.o

.flash_begin    0x0000000010000000        0x0
                0x0000000010000000                __flash_binary_start = .

.boot2          0x0000000010000000      0x100
                0x0000000010000000                __boot2_start__ = .
 *(.boot2)
 .boot2         0x0000000010000000      0x100 /tmp/ccK91vTO.o
                0x0000000010000100                __boot2_end__ = .
                0x0000000000000001                ASSERT (((__boot2_end__ - __boot2_start__) == 0x100), ERROR: Pico second stage bootloader must be 256 bytes in size)

.text           0x0000000010000100     0x6d20
                0x0000000010000100                __logical_binary_start = .
 *(.vectors)
 .vectors       0x0000000010000100       0xd4 CMakeFiles/pico_stdio_test_usb.dir/__/__/src/rp2_common/pico_standard_link/crt0.S.obj
                0x0000000010000100                __vectors
                0x0000000010000100                __VECTOR_TABLE
                0x00000000100001c0                isr_invalid
                0x00000000100001c0                __default_isrs_start
                0x00000000100001c2                isr_nmi
                0x00000000100001c4                isr_hardfault
                0x00000000100001c6                isr_svcall
                0x00000000100001c8                isr_pendsv
                0x00000000100001ca                isr_systick
                0x00000000100001cc                isr_irq30
                0x00000000100001cc                __unhandled_user_irq
                0x00000000100001cc                isr_irq13
                0x00000000100001cc                isr_irq27
                0x00000000100001cc                isr_irq31
                0x00000000100001cc                isr_irq5
                0x00000000100001cc                isr_irq11
                0x00000000100001cc                isr_irq23
                0x00000000100001cc                isr_irq18
                0x00000000100001cc                isr_irq28
                0x00000000100001cc                isr_irq19
                0x00000000100001cc                isr_irq0
                0x00000000100001cc                isr_irq6
                0x00000000100001cc                isr_irq22
                0x00000000100001cc                isr_irq17
                0x00000000100001cc                isr_irq14
                0x00000000100001cc                isr_irq2
                0x00000000100001cc                isr_irq10
                0x00000000100001cc                isr_irq8
                0x00000000100001cc                isr_irq24
                0x00000000100001cc                isr_irq1
                0x00000000100001cc                isr_irq7
                0x00000000100001cc                isr_irq21
                0x00000000100001cc                isr_irq20
                0x00000000100001cc                isr_irq15
                0x00000000100001cc                isr_irq25
                0x00000000100001cc                isr_irq4
                0x00000000100001cc                isr_irq16
                0x00000000100001cc                isr_irq29
                0x00000000100001cc                isr_irq26
                0x00000000100001cc                __default_isrs_end
                0x00000000100001cc                isr_irq3
                0x00000000100001cc                isr_irq12
                0x00000000100001cc                isr_irq9
                0x00000000100001d2                unhandled_user_irq_num_in_r0
 *(.binary_info_header)
 .binary_info_header
                0x00000000100001d4       0x14 CMakeFiles/pico_stdio_test_usb.dir/__/__/src/rp2_common/pico_standard_link/crt0.S.obj
                0x00000000100001e8                __binary_info_header_end = .
 *(.reset)
 .reset         0x00000000100001e8       0xa0 CMakeFiles/pico_stdio_test_usb.dir/__/__/src/rp2_common/pico_standard_link/crt0.S.obj
                0x00000000100001e8                _entry_point
 .reset         0x0000000010000288       0x30 CMakeFiles/pico_stdio_test_usb.dir/__/__/src/rp2_common/pico_standard_link/binary_info.c.obj
 *(.init)
 .init          0x00000000100002b8        0x4 /usr/lib/gcc/arm-none-eabi/12.2.1/thumb/v6-m/nofp/crti.o
                0x00000000100002b8                _init
 *(EXCLUDE_FILE(*libm.a: *libc.a:*lib_a-mem*.o *libgcc.a:) .text*)
 .text          0x00000000100002bc       0x98 /usr/lib/gcc/arm-none-eabi/12.2.1/thumb/v6-m/nofp/crtbegin.o
 .text.deadlock_test_alarm
                0x0000000010000354       0x28 CMakeFiles/pico_stdio_test_usb.dir/pico_stdio_test.c.obj
 .text.deadlock_test_core1
                0x000000001000037c       0x38 CMakeFiles/pico_stdio_test_usb.dir/pico_stdio_test.c.obj
 .text.startup.main
                0x00000000100003b4      0x144 CMakeFiles/pico_stdio_test_usb.dir/pico_stdio_test.c.obj
                0x00000000100003b4                main
 .text.running_on_fpga
                0x00000000100004f8       0x10 CMakeFiles/pico_stdio_test_usb.dir/__/__/src/rp2_common/pico_platform/platform.c.obj
                0x00000000100004f8                running_on_fpga
 .text.hw_claim_or_assert
                0x0000000010000508       0x44 CMakeFiles/pico_stdio_test_usb.dir/__/__/src/rp2_common/hardware_claim/claim.c.obj
                0x0000000010000508                hw_claim_or_assert
 .text.hw_claim_unused_from_range
                0x000000001000054c       0x9c CMakeFiles/pico_stdio_test_usb.dir/__/__/src/rp2_common/hardware_claim/claim.c.obj
                0x000000001000054c                hw_claim_unused_from_range
 .text.spin_locks_reset
                0x00000000100005e8       0x1c CMakeFiles/pico_stdio_test_usb.dir/__/__/src/rp2_common/hardware_sync/sync.c.obj
                0x00000000100005e8                spin_locks_reset
 .text.next_striped_spin_lock_num
                0x0000000010000604       0x18 CMakeFiles/pico_stdio_test_usb.dir/__/__/src/rp2_common/hardware_sync/sync.c.obj
                0x0000000010000604                next_striped_spin_lock_num
 .text.spin_lock_claim_unused
                0x000000001000061c       0x24 CMakeFiles/pico_stdio_test_usb.dir/__/__/src/rp2_common/hardware_sync/sync.c.obj
                0x000000001000061c                spin_lock_claim_unused
 .text.irq_set_enabled
                0x0000000010000640       0x24 CMakeFiles/pico_stdio_test_usb.dir/__/__/src/rp2_common/hardware_irq/irq.c.obj
                0x0000000010000640                irq_set_enabled
 .text.irq_is_enabled
                0x0000000010000664       0x18 CMakeFiles/pico_stdio_test_usb.dir/__/__/src/rp2_common/hardware_irq/irq.c.obj
                0x0000000010000664                irq_is_enabled
 .text.irq_set_pending
                0x000000001000067c       0x10 CMakeFiles/pico_stdio_test_usb.dir/__/__/src/rp2_common/hardware_irq/irq.c.obj
                0x000000001000067c                irq_set_pending
 .text.irq_has_shared_handler
                0x000000001000068c       0x2c CMakeFiles/pico_stdio_test_usb.dir/__/__/src/rp2_common/hardware_irq/irq.c.obj
                0x000000001000068c                irq_has_shared_handler
 .text.irq_get_vtable_handler
                0x00000000100006b8       0x10 CMakeFiles/pico_stdio_test_usb.dir/__/__/src/rp2_common/hardware_irq/irq.c.obj
                0x00000000100006b8                irq_get_vtable_handler
 .text.irq_set_exclusive_handler
                0x00000000100006c8       0x54 CMakeFiles/pico_stdio_test_usb.dir/__/__/src/rp2_common/hardware_irq/irq.c.obj
                0x00000000100006c8                irq_set_exclusive_handler
 .text.irq_add_shared_handler
                0x000000001000071c      0x1f4 CMakeFiles/pico_stdio_test_usb.dir/__/__/src/rp2_common/hardware_irq/irq.c.obj
                0x000000001000071c                irq_add_shared_handler
 .text.irq_remove_handler
                0x0000000010000910      0x1c4 CMakeFiles/pico_stdio_test_usb.dir/__/__/src/rp2_common/hardware_irq/irq.c.obj
                0x0000000010000910                irq_remove_handler
 .text.irq_add_tail_to_free_list
                0x0000000010000ad4       0xb4 CMakeFiles/pico_stdio_test_usb.dir/__/__/src/rp2_common/hardware_irq/irq.c.obj
                0x0000000010000ad4                irq_add_tail_to_free_list
 .text.irq_init_priorities
                0x0000000010000b88       0x24 CMakeFiles/pico_stdio_test_usb.dir/__/__/src/rp2_common/hardware_irq/irq.c.obj
                0x0000000010000b88                irq_init_priorities
 .text.user_irq_claim_unused
                0x0000000010000bac       0x2c CMakeFiles/pico_stdio_test_usb.dir/__/__/src/rp2_common/hardware_irq/irq.c.obj
                0x0000000010000bac                user_irq_claim_unused
 .text.lock_init
                0x0000000010000bd8       0x10 CMakeFiles/pico_stdio_test_usb.dir/__/__/src/common/pico_sync/lock_core.c.obj
                0x0000000010000bd8                lock_init
 .text.mutex_init
                0x0000000010000be8       0x1c CMakeFiles/pico_stdio_test_usb.dir/__/__/src/common/pico_sync/mutex.c.obj
                0x0000000010000be8                mutex_init
 .text.recursive_mutex_init
                0x0000000010000c04       0x1c CMakeFiles/pico_stdio_test_usb.dir/__/__/src/common/pico_sync/mutex.c.obj
                0x0000000010000c04                recursive_mutex_init
 .text.critical_section_init
                0x0000000010000c20       0x1c CMakeFiles/pico_stdio_test_usb.dir/__/__/src/common/pico_sync/critical_section.c.obj
                0x0000000010000c20                critical_section_init
 .text.critical_section_init_with_lock_num
                0x0000000010000c3c       0x14 CMakeFiles/pico_stdio_test_usb.dir/__/__/src/common/pico_sync/critical_section.c.obj
                0x0000000010000c3c                critical_section_init_with_lock_num
 .text.timer_pool_entry_comparator
                0x0000000010000c50       0x34 CMakeFiles/pico_stdio_test_usb.dir/__/__/src/common/pico_time/time.c.obj
                0x0000000010000c50                timer_pool_entry_comparator
 .text.sleep_until_callback
                0x0000000010000c84       0x30 CMakeFiles/pico_stdio_test_usb.dir/__/__/src/common/pico_time/time.c.obj
 .text.add_alarm_under_lock.isra.0
                0x0000000010000cb4      0x100 CMakeFiles/pico_stdio_test_usb.dir/__/__/src/common/pico_time/time.c.obj
 .text.alarm_pool_alarm_callback
                0x0000000010000db4      0x1c0 CMakeFiles/pico_stdio_test_usb.dir/__/__/src/common/pico_time/time.c.obj
 .text.alarm_pool_init_default
                0x0000000010000f74       0x6c CMakeFiles/pico_stdio_test_usb.dir/__/__/src/common/pico_time/time.c.obj
                0x0000000010000f74                alarm_pool_init_default
 .text.alarm_pool_get_default
                0x0000000010000fe0        0x8 CMakeFiles/pico_stdio_test_usb.dir/__/__/src/common/pico_time/time.c.obj
                0x0000000010000fe0                alarm_pool_get_default
 .text.alarm_pool_add_alarm_at
                0x0000000010000fe8      0x188 CMakeFiles/pico_stdio_test_usb.dir/__/__/src/common/pico_time/time.c.obj
                0x0000000010000fe8                alarm_pool_add_alarm_at
 .text.alarm_pool_cancel_alarm
                0x0000000010001170       0x74 CMakeFiles/pico_stdio_test_usb.dir/__/__/src/common/pico_time/time.c.obj
                0x0000000010001170                alarm_pool_cancel_alarm
 .text.alarm_pool_core_num
                0x00000000100011e4        0x4 CMakeFiles/pico_stdio_test_usb.dir/__/__/src/common/pico_time/time.c.obj
                0x00000000100011e4                alarm_pool_core_num
 .text.sleep_until
                0x00000000100011e8       0xc4 CMakeFiles/pico_stdio_test_usb.dir/__/__/src/common/pico_time/time.c.obj
                0x00000000100011e8                sleep_until
 .text.sleep_ms
                0x00000000100012ac       0x38 CMakeFiles/pico_stdio_test_usb.dir/__/__/src/common/pico_time/time.c.obj
                0x00000000100012ac                sleep_ms
 .text.best_effort_wfe_or_timeout
                0x00000000100012e4       0xec CMakeFiles/pico_stdio_test_usb.dir/__/__/src/common/pico_time/time.c.obj
                0x00000000100012e4                best_effort_wfe_or_timeout
 .text.hardware_alarm_irq_handler
                0x00000000100013d0       0xbc CMakeFiles/pico_stdio_test_usb.dir/__/__/src/rp2_common/hardware_timer/timer.c.obj
 .text.hardware_alarm_claim
                0x000000001000148c       0x18 CMakeFiles/pico_stdio_test_usb.dir/__/__/src/rp2_common/hardware_timer/timer.c.obj
                0x000000001000148c                hardware_alarm_claim
 .text.time_us_64
                0x00000000100014a4       0x14 CMakeFiles/pico_stdio_test_usb.dir/__/__/src/rp2_common/hardware_timer/timer.c.obj
                0x00000000100014a4                time_us_64
 .text.busy_wait_us
                0x00000000100014b8       0x68 CMakeFiles/pico_stdio_test_usb.dir/__/__/src/rp2_common/hardware_timer/timer.c.obj
                0x00000000100014b8                busy_wait_us
 .text.busy_wait_ms
                0x0000000010001520       0x98 CMakeFiles/pico_stdio_test_usb.dir/__/__/src/rp2_common/hardware_timer/timer.c.obj
                0x0000000010001520                busy_wait_ms
 .text.busy_wait_until
                0x00000000100015b8       0x20 CMakeFiles/pico_stdio_test_usb.dir/__/__/src/rp2_common/hardware_timer/timer.c.obj
                0x00000000100015b8                busy_wait_until
 .text.hardware_alarm_set_callback
                0x00000000100015d8       0x8c CMakeFiles/pico_stdio_test_usb.dir/__/__/src/rp2_common/hardware_timer/timer.c.obj
                0x00000000100015d8                hardware_alarm_set_callback
 .text.hardware_alarm_set_target
                0x0000000010001664       0xd0 CMakeFiles/pico_stdio_test_usb.dir/__/__/src/rp2_common/hardware_timer/timer.c.obj
                0x0000000010001664                hardware_alarm_set_target
 .text.hardware_alarm_cancel
                0x0000000010001734       0x3c CMakeFiles/pico_stdio_test_usb.dir/__/__/src/rp2_common/hardware_timer/timer.c.obj
                0x0000000010001734                hardware_alarm_cancel
 .text.ph_merge_nodes
                0x0000000010001770       0x64 CMakeFiles/pico_stdio_test_usb.dir/__/__/src/common/pico_util/pheap.c.obj
 .text.ph_post_alloc_init
                0x00000000100017d4       0x3c CMakeFiles/pico_stdio_test_usb.dir/__/__/src/common/pico_util/pheap.c.obj
                0x00000000100017d4                ph_post_alloc_init
 .text.ph_merge_two_pass
                0x0000000010001810       0x98 CMakeFiles/pico_stdio_test_usb.dir/__/__/src/common/pico_util/pheap.c.obj
                0x0000000010001810                ph_merge_two_pass
 .text.ph_remove_any_head
                0x00000000100018a8      0x100 CMakeFiles/pico_stdio_test_usb.dir/__/__/src/common/pico_util/pheap.c.obj
 .text.ph_remove_head
                0x00000000100019a8      0x104 CMakeFiles/pico_stdio_test_usb.dir/__/__/src/common/pico_util/pheap.c.obj
                0x00000000100019a8                ph_remove_head
 .text.ph_remove_and_free_node
                0x0000000010001aac       0x78 CMakeFiles/pico_stdio_test_usb.dir/__/__/src/common/pico_util/pheap.c.obj
                0x0000000010001aac                ph_remove_and_free_node
 .text.clocks_init
                0x0000000010001b24      0x2c8 CMakeFiles/pico_stdio_test_usb.dir/__/__/src/rp2_common/hardware_clocks/clocks.c.obj
                0x0000000010001b24                clocks_init
 .text.pll_init
                0x0000000010001dec       0xa0 CMakeFiles/pico_stdio_test_usb.dir/__/__/src/rp2_common/hardware_pll/pll.c.obj
                0x0000000010001dec                pll_init
 .text.watchdog_start_tick
                0x0000000010001e8c       0x10 CMakeFiles/pico_stdio_test_usb.dir/__/__/src/rp2_common/hardware_watchdog/watchdog.c.obj
                0x0000000010001e8c                watchdog_start_tick
 .text.watchdog_reboot
                0x0000000010001e9c       0x9c CMakeFiles/pico_stdio_test_usb.dir/__/__/src/rp2_common/hardware_watchdog/watchdog.c.obj
                0x0000000010001e9c                watchdog_reboot
 .text.xosc_init
                0x0000000010001f38       0x28 CMakeFiles/pico_stdio_test_usb.dir/__/__/src/rp2_common/hardware_xosc/xosc.c.obj
                0x0000000010001f38                xosc_init
 .text.runtime_init
                0x0000000010001f60       0xf0 CMakeFiles/pico_stdio_test_usb.dir/__/__/src/rp2_common/pico_runtime/runtime.c.obj
                0x0000000010001f60                runtime_init
 .text._exit    0x0000000010002050        0x4 CMakeFiles/pico_stdio_test_usb.dir/__/__/src/rp2_common/pico_runtime/runtime.c.obj
                0x0000000010002050                _exit
 .text.exit     0x0000000010002054        0x8 CMakeFiles/pico_stdio_test_usb.dir/__/__/src/rp2_common/pico_runtime/runtime.c.obj
                0x0000000010002054                exit
 .text.panic    0x000000001000205c       0x30 CMakeFiles/pico_stdio_test_usb.dir/__/__/src/rp2_common/pico_runtime/runtime.c.obj
                0x000000001000205c                panic
 .text.hard_assertion_failure
                0x000000001000208c        0xc CMakeFiles/pico_stdio_test_usb.dir/__/__/src/rp2_common/pico_runtime/runtime.c.obj
                0x000000001000208c                hard_assertion_failure
 .text._out_null
                0x0000000010002098        0x4 CMakeFiles/pico_stdio_test_usb.dir/__/__/src/rp2_common/pico_printf/printf.c.obj
 .text._out_rev
                0x000000001000209c       0x90 CMakeFiles/pico_stdio_test_usb.dir/__/__/src/rp2_common/pico_printf/printf.c.obj
 .text._ntoa_format
                0x000000001000212c      0x1f4 CMakeFiles/pico_stdio_test_usb.dir/__/__/src/rp2_common/pico_printf/printf.c.obj
 .text._out_char
                0x0000000010002320       0x10 CMakeFiles/pico_stdio_test_usb.dir/__/__/src/rp2_common/pico_printf/printf.c.obj
 .text._out_fct
                0x0000000010002330       0x10 CMakeFiles/pico_stdio_test_usb.dir/__/__/src/rp2_common/pico_printf/printf.c.obj
 .text._etoa    0x0000000010002340      0x454 CMakeFiles/pico_stdio_test_usb.dir/__/__/src/rp2_common/pico_printf/printf.c.obj
 .text._ftoa    0x0000000010002794      0x3c4 CMakeFiles/pico_stdio_test_usb.dir/__/__/src/rp2_common/pico_printf/printf.c.obj
 .text._vsnprintf
                0x0000000010002b58      0xb24 CMakeFiles/pico_stdio_test_usb.dir/__/__/src/rp2_common/pico_printf/printf.c.obj
 .text.vfctprintf
                0x000000001000367c       0x20 CMakeFiles/pico_stdio_test_usb.dir/__/__/src/rp2_common/pico_printf/printf.c.obj
                0x000000001000367c                vfctprintf
 .text.weak_raw_vprintf
                0x000000001000369c       0x30 CMakeFiles/pico_stdio_test_usb.dir/__/__/src/rp2_common/pico_printf/printf.c.obj
                0x000000001000369c                weak_raw_vprintf
 .text          0x00000000100036cc       0x10 CMakeFiles/pico_stdio_test_usb.dir/__/__/src/rp2_common/pico_bit_ops/bit_ops_aeabi.S.obj
 .text.rom_func_lookup
                0x00000000100036dc       0x10 CMakeFiles/pico_stdio_test_usb.dir/__/__/src/rp2_common/pico_bootrom/bootrom.c.obj
                0x00000000100036dc                rom_func_lookup
 .text.rom_data_lookup
                0x00000000100036ec       0x10 CMakeFiles/pico_stdio_test_usb.dir/__/__/src/rp2_common/pico_bootrom/bootrom.c.obj
                0x00000000100036ec                rom_data_lookup
 .text.rom_funcs_lookup
                0x00000000100036fc       0x44 CMakeFiles/pico_stdio_test_usb.dir/__/__/src/rp2_common/pico_bootrom/bootrom.c.obj
                0x00000000100036fc                rom_funcs_lookup
 .text.__wrap___aeabi_idiv
                0x0000000010003740       0x50 CMakeFiles/pico_stdio_test_usb.dir/__/__/src/rp2_common/pico_divider/divider.S.obj
                0x0000000010003740                __wrap___aeabi_idivmod
                0x0000000010003740                divmod_s32s32
                0x0000000010003740                div_s32s32
                0x0000000010003740                __wrap___aeabi_idiv
                0x0000000010003748                divmod_s32s32_unsafe
                0x0000000010003774                divmod_s32s32_savestate
 .text.__wrap___aeabi_uidiv
                0x0000000010003790       0x4c CMakeFiles/pico_stdio_test_usb.dir/__/__/src/rp2_common/pico_divider/divider.S.obj
                0x0000000010003790                __wrap___aeabi_uidiv
                0x0000000010003790                __wrap___aeabi_uidivmod
                0x0000000010003790                div_u32u32
                0x0000000010003790                divmod_u32u32
                0x0000000010003798                divmod_u32u32_unsafe
                0x00000000100037c0                divmod_u32u32_savestate
 .text.__wrap___aeabi_ldiv
                0x00000000100037dc      0x424 CMakeFiles/pico_stdio_test_usb.dir/__/__/src/rp2_common/pico_divider/divider.S.obj
                0x00000000100037dc                div_s64s64
                0x00000000100037dc                divmod_s64s64
                0x00000000100037dc                __wrap___aeabi_ldivmod
                0x000000001000380c                div_u64u64
                0x000000001000380c                divmod_u64u64
                0x000000001000380c                __wrap___aeabi_uldivmod
                0x000000001000381c                divmod_u64u64_savestate
                0x000000001000383c                divmod_s64s64_unsafe
                0x00000000100038c4                divmod_u64u64_unsafe
 .text.__wrap___aeabi_darithmetic
                0x0000000010003c00       0x80 CMakeFiles/pico_stdio_test_usb.dir/__/__/src/rp2_common/pico_double/double_aeabi.S.obj
                0x0000000010003c00                __wrap___aeabi_drsub
                0x0000000010003c06                __wrap___aeabi_dsub
                0x0000000010003c18                __wrap___aeabi_dadd
                0x0000000010003c2a                __wrap___aeabi_ddiv
                0x0000000010003c66                __wrap___aeabi_dmul
 .text.__wrap___aeabi_cdcmple
                0x0000000010003c80       0x6c CMakeFiles/pico_stdio_test_usb.dir/__/__/src/rp2_common/pico_double/double_aeabi.S.obj
                0x0000000010003c80                __wrap___aeabi_cdrcmple
                0x0000000010003c90                __wrap___aeabi_cdcmple
                0x0000000010003c90                __wrap___aeabi_cdcmpeq
 .text.__wrap___aeabi_dcmplt
                0x0000000010003cec        0xc CMakeFiles/pico_stdio_test_usb.dir/__/__/src/rp2_common/pico_double/double_aeabi.S.obj
                0x0000000010003cec                __wrap___aeabi_dcmplt
 .text.__wrap___aeabi_dcmpge
                0x0000000010003cf8       0x10 CMakeFiles/pico_stdio_test_usb.dir/__/__/src/rp2_common/pico_double/double_aeabi.S.obj
                0x0000000010003cf8                __wrap___aeabi_dcmpge
 .text.__wrap___aeabi_dcmpgt
                0x0000000010003d08        0xa CMakeFiles/pico_stdio_test_usb.dir/__/__/src/rp2_common/pico_double/double_aeabi.S.obj
                0x0000000010003d08                __wrap___aeabi_dcmpgt
 .text.__wrap___aeabi_dcmpun
                0x0000000010003d12       0x1c CMakeFiles/pico_stdio_test_usb.dir/__/__/src/rp2_common/pico_double/double_aeabi.S.obj
                0x0000000010003d12                __wrap___aeabi_dcmpun
 *fill*         0x0000000010003d2e        0x2 
 .text.__wrap___aeabi_i2d
                0x0000000010003d30       0x38 CMakeFiles/pico_stdio_test_usb.dir/__/__/src/rp2_common/pico_double/double_aeabi.S.obj
                0x0000000010003d30                __wrap___aeabi_ui2d
                0x0000000010003d38                __wrap___aeabi_i2d
 .text.__wrap___aeabi_d2iz
                0x0000000010003d68       0x48 CMakeFiles/pico_stdio_test_usb.dir/__/__/src/rp2_common/pico_double/double_aeabi.S.obj
                0x0000000010003d68                __wrap___aeabi_d2iz
                0x0000000010003d68                double2int_z
 .text.__wrap___aeabi_d2uiz
                0x0000000010003db0       0x18 CMakeFiles/pico_stdio_test_usb.dir/__/__/src/rp2_common/pico_double/double_aeabi.S.obj
                0x0000000010003db0                double2uint
                0x0000000010003db0                __wrap___aeabi_d2uiz
 .text.__aeabi_double_init
                0x0000000010003dc8       0x98 CMakeFiles/pico_stdio_test_usb.dir/__/__/src/rp2_common/pico_double/double_init_rom.c.obj
                0x0000000010003dc8                __aeabi_double_init
 .text.double_table_shim_on_use_helper
                0x0000000010003e60       0x2c CMakeFiles/pico_stdio_test_usb.dir/__/__/src/rp2_common/pico_double/double_v1_rom_shim.S.obj
                0x0000000010003e60                double_table_shim_on_use_helper
 .text.__wrap___aeabi_dsub
                0x0000000010003e8c       0x10 CMakeFiles/pico_stdio_test_usb.dir/__/__/src/rp2_common/pico_double/double_v1_rom_shim.S.obj
                0x0000000010003e8c                drsub_shim
                0x0000000010003e92                dsub_shim
 .text.dadd_shim
                0x0000000010003e9c      0x15c CMakeFiles/pico_stdio_test_usb.dir/__/__/src/rp2_common/pico_double/double_v1_rom_shim.S.obj
                0x0000000010003e9c                dadd_shim
 .text.dmul_shim
                0x0000000010003ff8      0x15c CMakeFiles/pico_stdio_test_usb.dir/__/__/src/rp2_common/pico_double/double_v1_rom_shim.S.obj
                0x0000000010003ff8                dmul_shim
 .text.ddiv_shim
                0x0000000010004154      0x1b0 CMakeFiles/pico_stdio_test_usb.dir/__/__/src/rp2_common/pico_double/double_v1_rom_shim.S.obj
                0x0000000010004154                ddiv_shim
 .text.double2uint_shim
                0x0000000010004304        0xe CMakeFiles/pico_stdio_test_usb.dir/__/__/src/rp2_common/pico_double/double_v1_rom_shim.S.obj
                0x0000000010004304                double2uint_shim
                0x0000000010004306                double2ufix_shim
 *fill*         0x0000000010004312        0x2 
 .text.double2uint64_shim
                0x0000000010004314       0x70 CMakeFiles/pico_stdio_test_usb.dir/__/__/src/rp2_common/pico_double/double_v1_rom_shim.S.obj
                0x0000000010004314                double2uint64_shim
                0x0000000010004316                double2ufix64_shim
                0x0000000010004336                d2fix_a
 .text.dunpacks
                0x0000000010004384       0x3c CMakeFiles/pico_stdio_test_usb.dir/__/__/src/rp2_common/pico_double/double_v1_rom_shim.S.obj
                0x0000000010004384                dunpacks
 .text.__aeabi_lmul
                0x00000000100043c0       0x32 CMakeFiles/pico_stdio_test_usb.dir/__/__/src/rp2_common/pico_int64_ops/pico_int64_ops_aeabi.S.obj
                0x00000000100043c0                __wrap___aeabi_lmul
 *fill*         0x00000000100043f2        0x2 
 .text.__aeabi_float_init
                0x00000000100043f4       0x64 CMakeFiles/pico_stdio_test_usb.dir/__/__/src/rp2_common/pico_float/float_init_rom.c.obj
                0x00000000100043f4                __aeabi_float_init
 .text.float_table_shim_on_use_helper
                0x0000000010004458       0x2c CMakeFiles/pico_stdio_test_usb.dir/__/__/src/rp2_common/pico_float/float_v1_rom_shim.S.obj
                0x0000000010004458                float_table_shim_on_use_helper
 .text          0x0000000010004484       0x10 CMakeFiles/pico_stdio_test_usb.dir/__/__/src/rp2_common/pico_mem_ops/mem_ops_aeabi.S.obj
                0x0000000010004484                __aeabi_mem_init
 .text.memset   0x0000000010004494        0xc CMakeFiles/pico_stdio_test_usb.dir/__/__/src/rp2_common/pico_mem_ops/mem_ops_aeabi.S.obj
                0x0000000010004494                __wrap_memset
 .text.memcpy   0x00000000100044a0        0xc CMakeFiles/pico_stdio_test_usb.dir/__/__/src/rp2_common/pico_mem_ops/mem_ops_aeabi.S.obj
                0x00000000100044a0                __wrap___aeabi_memcpy
                0x00000000100044a0                __wrap_memcpy
 .text.stdio_out_chars_crlf
                0x00000000100044ac       0xbc CMakeFiles/pico_stdio_test_usb.dir/__/__/src/rp2_common/pico_stdio/stdio.c.obj
 .text.stdio_buffered_printer
                0x0000000010004568       0x64 CMakeFiles/pico_stdio_test_usb.dir/__/__/src/rp2_common/pico_stdio/stdio.c.obj
 .text.__wrap_putchar
                0x00000000100045cc       0x98 CMakeFiles/pico_stdio_test_usb.dir/__/__/src/rp2_common/pico_stdio/stdio.c.obj
                0x00000000100045cc                __wrap_putchar
 .text.__wrap_puts
                0x0000000010004664       0xe0 CMakeFiles/pico_stdio_test_usb.dir/__/__/src/rp2_common/pico_stdio/stdio.c.obj
                0x0000000010004664                __wrap_puts
 .text.stdio_set_driver_enabled
                0x0000000010004744       0x30 CMakeFiles/pico_stdio_test_usb.dir/__/__/src/rp2_common/pico_stdio/stdio.c.obj
                0x0000000010004744                stdio_set_driver_enabled
 .text.__wrap_vprintf
                0x0000000010004774       0xd4 CMakeFiles/pico_stdio_test_usb.dir/__/__/src/rp2_common/pico_stdio/stdio.c.obj
                0x0000000010004774                __wrap_vprintf
 .text.__wrap_printf
                0x0000000010004848       0x18 CMakeFiles/pico_stdio_test_usb.dir/__/__/src/rp2_common/pico_stdio/stdio.c.obj
                0x0000000010004848                __wrap_printf
 .text.stdio_init_all
                0x0000000010004860        0x8 CMakeFiles/pico_stdio_test_usb.dir/__/__/src/rp2_common/pico_stdio/stdio.c.obj
                0x0000000010004860                stdio_init_all
 .text.getchar_timeout_us
                0x0000000010004868       0x98 CMakeFiles/pico_stdio_test_usb.dir/__/__/src/rp2_common/pico_stdio/stdio.c.obj
                0x0000000010004868                getchar_timeout_us
 .text.resetd_init
                0x0000000010004900        0x4 CMakeFiles/pico_stdio_test_usb.dir/__/__/src/rp2_common/pico_stdio_usb/reset_interface.c.obj
 .text.resetd_reset
                0x0000000010004904        0xc CMakeFiles/pico_stdio_test_usb.dir/__/__/src/rp2_common/pico_stdio_usb/reset_interface.c.obj
 .text.resetd_open
                0x0000000010004910       0x28 CMakeFiles/pico_stdio_test_usb.dir/__/__/src/rp2_common/pico_stdio_usb/reset_interface.c.obj
 .text.resetd_xfer_cb
                0x0000000010004938        0x4 CMakeFiles/pico_stdio_test_usb.dir/__/__/src/rp2_common/pico_stdio_usb/reset_interface.c.obj
 .text.resetd_control_xfer_cb
                0x000000001000493c       0x60 CMakeFiles/pico_stdio_test_usb.dir/__/__/src/rp2_common/pico_stdio_usb/reset_interface.c.obj
 .text.usbd_app_driver_get_cb
                0x000000001000499c        0xc CMakeFiles/pico_stdio_test_usb.dir/__/__/src/rp2_common/pico_stdio_usb/reset_interface.c.obj
                0x000000001000499c                usbd_app_driver_get_cb
 .text.tud_cdc_line_coding_cb
                0x00000000100049a8       0x34 CMakeFiles/pico_stdio_test_usb.dir/__/__/src/rp2_common/pico_stdio_usb/reset_interface.c.obj
                0x00000000100049a8                tud_cdc_line_coding_cb
 .text.stdio_usb_set_chars_available_callback
                0x00000000100049dc       0x14 CMakeFiles/pico_stdio_test_usb.dir/__/__/src/rp2_common/pico_stdio_usb/stdio_usb.c.obj
                0x00000000100049dc                stdio_usb_set_chars_available_callback
 .text.usb_irq  0x00000000100049f0       0x10 CMakeFiles/pico_stdio_test_usb.dir/__/__/src/rp2_common/pico_stdio_usb/stdio_usb.c.obj
 .text.timer_task
                0x0000000010004a00       0x54 CMakeFiles/pico_stdio_test_usb.dir/__/__/src/rp2_common/pico_stdio_usb/stdio_usb.c.obj
 .text.stdio_usb_in_chars
                0x0000000010004a54       0x90 CMakeFiles/pico_stdio_test_usb.dir/__/__/src/rp2_common/pico_stdio_usb/stdio_usb.c.obj
                0x0000000010004a54                stdio_usb_in_chars
 .text.stdio_usb_out_chars
                0x0000000010004ae4      0x104 CMakeFiles/pico_stdio_test_usb.dir/__/__/src/rp2_common/pico_stdio_usb/stdio_usb.c.obj
 .text.low_priority_worker_irq
                0x0000000010004be8       0xa8 CMakeFiles/pico_stdio_test_usb.dir/__/__/src/rp2_common/pico_stdio_usb/stdio_usb.c.obj
 .text.tud_cdc_rx_cb
                0x0000000010004c90       0x20 CMakeFiles/pico_stdio_test_usb.dir/__/__/src/rp2_common/pico_stdio_usb/stdio_usb.c.obj
                0x0000000010004c90                tud_cdc_rx_cb
 .text.stdio_usb_init
                0x0000000010004cb0      0x11c CMakeFiles/pico_stdio_test_usb.dir/__/__/src/rp2_common/pico_stdio_usb/stdio_usb.c.obj
                0x0000000010004cb0                stdio_usb_init
 .text.tud_descriptor_device_cb
                0x0000000010004dcc        0x8 CMakeFiles/pico_stdio_test_usb.dir/__/__/src/rp2_common/pico_stdio_usb/stdio_usb_descriptors.c.obj
                0x0000000010004dcc                tud_descriptor_device_cb
 .text.tud_descriptor_configuration_cb
                0x0000000010004dd4        0x8 CMakeFiles/pico_stdio_test_usb.dir/__/__/src/rp2_common/pico_stdio_usb/stdio_usb_descriptors.c.obj
                0x0000000010004dd4                tud_descriptor_configuration_cb
 .text.tud_descriptor_string_cb
                0x0000000010004ddc       0x78 CMakeFiles/pico_stdio_test_usb.dir/__/__/src/rp2_common/pico_stdio_usb/stdio_usb_descriptors.c.obj
                0x0000000010004ddc                tud_descriptor_string_cb
 .text.startup._retrieve_unique_id_on_boot
                0x0000000010004e54       0x10 CMakeFiles/pico_stdio_test_usb.dir/__/__/src/rp2_common/pico_unique_id/unique_id.c.obj
 .text.pico_get_unique_board_id_string
                0x0000000010004e64      0x1a8 CMakeFiles/pico_stdio_test_usb.dir/__/__/src/rp2_common/pico_unique_id/unique_id.c.obj
                0x0000000010004e64                pico_get_unique_board_id_string
 .text.flash_get_unique_id
                0x000000001000500c       0x40 CMakeFiles/pico_stdio_test_usb.dir/__/__/src/rp2_common/hardware_flash/flash.c.obj
                0x000000001000500c                flash_get_unique_id
 .text.dcd_int_enable
                0x000000001000504c        0xc CMakeFiles/pico_stdio_test_usb.dir/__/__/lib/tinyusb/src/portable/raspberrypi/rp2040/dcd_rp2040.c.obj
                0x000000001000504c                dcd_int_enable
 .text.dcd_set_address
                0x0000000010005058       0x14 CMakeFiles/pico_stdio_test_usb.dir/__/__/lib/tinyusb/src/portable/raspberrypi/rp2040/dcd_rp2040.c.obj
                0x0000000010005058                dcd_set_address
 .text.dcd_connect
                0x000000001000506c       0x10 CMakeFiles/pico_stdio_test_usb.dir/__/__/lib/tinyusb/src/portable/raspberrypi/rp2040/dcd_rp2040.c.obj
                0x000000001000506c                dcd_connect
 .text.dcd_init
                0x000000001000507c       0x98 CMakeFiles/pico_stdio_test_usb.dir/__/__/lib/tinyusb/src/portable/raspberrypi/rp2040/dcd_rp2040.c.obj
                0x000000001000507c                dcd_init
 .text.dcd_edpt0_status_complete
                0x0000000010005114       0x1c CMakeFiles/pico_stdio_test_usb.dir/__/__/lib/tinyusb/src/portable/raspberrypi/rp2040/dcd_rp2040.c.obj
                0x0000000010005114                dcd_edpt0_status_complete
 .text.dcd_edpt_open
                0x0000000010005130      0x108 CMakeFiles/pico_stdio_test_usb.dir/__/__/lib/tinyusb/src/portable/raspberrypi/rp2040/dcd_rp2040.c.obj
                0x0000000010005130                dcd_edpt_open
 .text.dcd_edpt_close_all
                0x0000000010005238        0x8 CMakeFiles/pico_stdio_test_usb.dir/__/__/lib/tinyusb/src/portable/raspberrypi/rp2040/dcd_rp2040.c.obj
                0x0000000010005238                dcd_edpt_close_all
 .text.dcd_edpt_xfer
                0x0000000010005240       0x24 CMakeFiles/pico_stdio_test_usb.dir/__/__/lib/tinyusb/src/portable/raspberrypi/rp2040/dcd_rp2040.c.obj
                0x0000000010005240                dcd_edpt_xfer
 .text.dcd_edpt_stall
                0x0000000010005264       0x38 CMakeFiles/pico_stdio_test_usb.dir/__/__/lib/tinyusb/src/portable/raspberrypi/rp2040/dcd_rp2040.c.obj
                0x0000000010005264                dcd_edpt_stall
 .text.dcd_edpt_clear_stall
                0x000000001000529c       0x30 CMakeFiles/pico_stdio_test_usb.dir/__/__/lib/tinyusb/src/portable/raspberrypi/rp2040/dcd_rp2040.c.obj
                0x000000001000529c                dcd_edpt_clear_stall
 .text.rp2040_usb_init
                0x00000000100052cc       0x4c CMakeFiles/pico_stdio_test_usb.dir/__/__/lib/tinyusb/src/portable/raspberrypi/rp2040/rp2040_usb.c.obj
                0x00000000100052cc                rp2040_usb_init
 .text.hw_endpoint_xfer_start
                0x0000000010005318       0x40 CMakeFiles/pico_stdio_test_usb.dir/__/__/lib/tinyusb/src/portable/raspberrypi/rp2040/rp2040_usb.c.obj
                0x0000000010005318                hw_endpoint_xfer_start
 .text.tud_mounted
                0x0000000010005358       0x10 CMakeFiles/pico_stdio_test_usb.dir/__/__/lib/tinyusb/src/device/usbd.c.obj
                0x0000000010005358                tud_mounted
 .text.tud_suspended
                0x0000000010005368       0x10 CMakeFiles/pico_stdio_test_usb.dir/__/__/lib/tinyusb/src/device/usbd.c.obj
                0x0000000010005368                tud_suspended
 .text.tud_inited
                0x0000000010005378       0x14 CMakeFiles/pico_stdio_test_usb.dir/__/__/lib/tinyusb/src/device/usbd.c.obj
                0x0000000010005378                tud_inited
 .text.tud_init
                0x000000001000538c       0xd8 CMakeFiles/pico_stdio_test_usb.dir/__/__/lib/tinyusb/src/device/usbd.c.obj
                0x000000001000538c                tud_init
 .text.tud_task_ext
                0x0000000010005464      0x8a8 CMakeFiles/pico_stdio_test_usb.dir/__/__/lib/tinyusb/src/device/usbd.c.obj
                0x0000000010005464                tud_task_ext
 .text.usbd_open_edpt_pair
                0x0000000010005d0c       0x9c CMakeFiles/pico_stdio_test_usb.dir/__/__/lib/tinyusb/src/device/usbd.c.obj
                0x0000000010005d0c                usbd_open_edpt_pair
 .text.usbd_defer_func
                0x0000000010005da8       0x48 CMakeFiles/pico_stdio_test_usb.dir/__/__/lib/tinyusb/src/device/usbd.c.obj
                0x0000000010005da8                usbd_defer_func
 .text.usbd_edpt_open
                0x0000000010005df0       0x34 CMakeFiles/pico_stdio_test_usb.dir/__/__/lib/tinyusb/src/device/usbd.c.obj
                0x0000000010005df0                usbd_edpt_open
 .text.usbd_edpt_claim
                0x0000000010005e24       0x28 CMakeFiles/pico_stdio_test_usb.dir/__/__/lib/tinyusb/src/device/usbd.c.obj
                0x0000000010005e24                usbd_edpt_claim
 .text.usbd_edpt_release
                0x0000000010005e4c       0x28 CMakeFiles/pico_stdio_test_usb.dir/__/__/lib/tinyusb/src/device/usbd.c.obj
                0x0000000010005e4c                usbd_edpt_release
 .text.usbd_edpt_xfer
                0x0000000010005e74       0x4c CMakeFiles/pico_stdio_test_usb.dir/__/__/lib/tinyusb/src/device/usbd.c.obj
                0x0000000010005e74                usbd_edpt_xfer
 .text.tud_control_status
                0x0000000010005ec0       0x2c CMakeFiles/pico_stdio_test_usb.dir/__/__/lib/tinyusb/src/device/usbd_control.c.obj
                0x0000000010005ec0                tud_control_status
 .text.tud_control_xfer
                0x0000000010005eec       0xac CMakeFiles/pico_stdio_test_usb.dir/__/__/lib/tinyusb/src/device/usbd_control.c.obj
                0x0000000010005eec                tud_control_xfer
 .text.usbd_control_reset
                0x0000000010005f98       0x14 CMakeFiles/pico_stdio_test_usb.dir/__/__/lib/tinyusb/src/device/usbd_control.c.obj
                0x0000000010005f98                usbd_control_reset
 .text.usbd_control_set_complete_callback
                0x0000000010005fac        0xc CMakeFiles/pico_stdio_test_usb.dir/__/__/lib/tinyusb/src/device/usbd_control.c.obj
                0x0000000010005fac                usbd_control_set_complete_callback
 .text.usbd_control_set_request
                0x0000000010005fb8       0x1c CMakeFiles/pico_stdio_test_usb.dir/__/__/lib/tinyusb/src/device/usbd_control.c.obj
                0x0000000010005fb8                usbd_control_set_request
 .text.usbd_control_xfer_cb
                0x0000000010005fd4       0xf4 CMakeFiles/pico_stdio_test_usb.dir/__/__/lib/tinyusb/src/device/usbd_control.c.obj
                0x0000000010005fd4                usbd_control_xfer_cb
 .text.tud_cdc_n_connected
                0x00000000100060c8       0x30 CMakeFiles/pico_stdio_test_usb.dir/__/__/lib/tinyusb/src/class/cdc/cdc_device.c.obj
                0x00000000100060c8                tud_cdc_n_connected
 .text.tud_cdc_n_available
                0x00000000100060f8       0x18 CMakeFiles/pico_stdio_test_usb.dir/__/__/lib/tinyusb/src/class/cdc/cdc_device.c.obj
                0x00000000100060f8                tud_cdc_n_available
 .text.tud_cdc_n_read
                0x0000000010006110       0x70 CMakeFiles/pico_stdio_test_usb.dir/__/__/lib/tinyusb/src/class/cdc/cdc_device.c.obj
                0x0000000010006110                tud_cdc_n_read
 .text.tud_cdc_n_write_flush
                0x0000000010006180       0x78 CMakeFiles/pico_stdio_test_usb.dir/__/__/lib/tinyusb/src/class/cdc/cdc_device.c.obj
                0x0000000010006180                tud_cdc_n_write_flush
 .text.tud_cdc_n_write
                0x00000000100061f8       0x34 CMakeFiles/pico_stdio_test_usb.dir/__/__/lib/tinyusb/src/class/cdc/cdc_device.c.obj
                0x00000000100061f8                tud_cdc_n_write
 .text.tud_cdc_n_write_available
                0x000000001000622c       0x18 CMakeFiles/pico_stdio_test_usb.dir/__/__/lib/tinyusb/src/class/cdc/cdc_device.c.obj
                0x000000001000622c                tud_cdc_n_write_available
 .text.cdcd_init
                0x0000000010006244       0x7c CMakeFiles/pico_stdio_test_usb.dir/__/__/lib/tinyusb/src/class/cdc/cdc_device.c.obj
                0x0000000010006244                cdcd_init
 .text.cdcd_reset
                0x00000000100062c0       0x2c CMakeFiles/pico_stdio_test_usb.dir/__/__/lib/tinyusb/src/class/cdc/cdc_device.c.obj
                0x00000000100062c0                cdcd_reset
 .text.cdcd_open
                0x00000000100062ec       0xe4 CMakeFiles/pico_stdio_test_usb.dir/__/__/lib/tinyusb/src/class/cdc/cdc_device.c.obj
                0x00000000100062ec                cdcd_open
 .text.cdcd_control_xfer_cb
                0x00000000100063d0       0xe4 CMakeFiles/pico_stdio_test_usb.dir/__/__/lib/tinyusb/src/class/cdc/cdc_device.c.obj
                0x00000000100063d0                cdcd_control_xfer_cb
 .text.cdcd_xfer_cb
                0x00000000100064b4      0x13c CMakeFiles/pico_stdio_test_usb.dir/__/__/lib/tinyusb/src/class/cdc/cdc_device.c.obj
                0x00000000100064b4                cdcd_xfer_cb
 .text.tusb_init
                0x00000000100065f0        0xc CMakeFiles/pico_stdio_test_usb.dir/__/__/lib/tinyusb/src/tusb.c.obj
                0x00000000100065f0                tusb_init
 .text.tusb_inited
                0x00000000100065fc        0x8 CMakeFiles/pico_stdio_test_usb.dir/__/__/lib/tinyusb/src/tusb.c.obj
                0x00000000100065fc                tusb_inited
 .text.tu_edpt_claim
                0x0000000010006604       0x50 CMakeFiles/pico_stdio_test_usb.dir/__/__/lib/tinyusb/src/tusb.c.obj
                0x0000000010006604                tu_edpt_claim
 .text.tu_edpt_release
                0x0000000010006654       0x38 CMakeFiles/pico_stdio_test_usb.dir/__/__/lib/tinyusb/src/tusb.c.obj
                0x0000000010006654                tu_edpt_release
 .text.tu_edpt_validate
                0x000000001000668c       0x7c CMakeFiles/pico_stdio_test_usb.dir/__/__/lib/tinyusb/src/tusb.c.obj
                0x000000001000668c                tu_edpt_validate
 .text.tu_edpt_bind_driver
                0x0000000010006708       0x34 CMakeFiles/pico_stdio_test_usb.dir/__/__/lib/tinyusb/src/tusb.c.obj
                0x0000000010006708                tu_edpt_bind_driver
 .text.tu_fifo_config
                0x000000001000673c       0x6c CMakeFiles/pico_stdio_test_usb.dir/__/__/lib/tinyusb/src/common/tusb_fifo.c.obj
                0x000000001000673c                tu_fifo_config
 .text.tu_fifo_count
                0x00000000100067a8       0x2c CMakeFiles/pico_stdio_test_usb.dir/__/__/lib/tinyusb/src/common/tusb_fifo.c.obj
                0x00000000100067a8                tu_fifo_count
 .text.tu_fifo_empty
                0x00000000100067d4       0x10 CMakeFiles/pico_stdio_test_usb.dir/__/__/lib/tinyusb/src/common/tusb_fifo.c.obj
                0x00000000100067d4                tu_fifo_empty
 .text.tu_fifo_remaining
                0x00000000100067e4       0x2c CMakeFiles/pico_stdio_test_usb.dir/__/__/lib/tinyusb/src/common/tusb_fifo.c.obj
                0x00000000100067e4                tu_fifo_remaining
 .text.tu_fifo_read
                0x0000000010006810       0x9c CMakeFiles/pico_stdio_test_usb.dir/__/__/lib/tinyusb/src/common/tusb_fifo.c.obj
                0x0000000010006810                tu_fifo_read
 .text.tu_fifo_read_n
                0x00000000100068ac       0xe8 CMakeFiles/pico_stdio_test_usb.dir/__/__/lib/tinyusb/src/common/tusb_fifo.c.obj
                0x00000000100068ac                tu_fifo_read_n
 .text.tu_fifo_write
                0x0000000010006994       0x88 CMakeFiles/pico_stdio_test_usb.dir/__/__/lib/tinyusb/src/common/tusb_fifo.c.obj
                0x0000000010006994                tu_fifo_write
 .text.tu_fifo_write_n
                0x0000000010006a1c      0x170 CMakeFiles/pico_stdio_test_usb.dir/__/__/lib/tinyusb/src/common/tusb_fifo.c.obj
                0x0000000010006a1c                tu_fifo_write_n
 .text.tu_fifo_clear
                0x0000000010006b8c       0x40 CMakeFiles/pico_stdio_test_usb.dir/__/__/lib/tinyusb/src/common/tusb_fifo.c.obj
                0x0000000010006b8c                tu_fifo_clear
 .text.tu_fifo_set_overwritable
                0x0000000010006bcc       0x48 CMakeFiles/pico_stdio_test_usb.dir/__/__/lib/tinyusb/src/common/tusb_fifo.c.obj
                0x0000000010006bcc                tu_fifo_set_overwritable
 .text.core1_trampoline
                0x0000000010006c14        0x4 CMakeFiles/pico_stdio_test_usb.dir/__/__/src/rp2_common/pico_multicore/multicore.c.obj
 .text.core1_wrapper
                0x0000000010006c18        0xc CMakeFiles/pico_stdio_test_usb.dir/__/__/src/rp2_common/pico_multicore/multicore.c.obj
                0x0000000010006c18                core1_wrapper
 .text.multicore_launch_core1_raw
                0x0000000010006c24       0x84 CMakeFiles/pico_stdio_test_usb.dir/__/__/src/rp2_common/pico_multicore/multicore.c.obj
                0x0000000010006c24                multicore_launch_core1_raw
 .text.multicore_launch_core1
                0x0000000010006ca8       0x58 CMakeFiles/pico_stdio_test_usb.dir/__/__/src/rp2_common/pico_multicore/multicore.c.obj
                0x0000000010006ca8                multicore_launch_core1
 .text          0x0000000010006d00       0x5c /usr/lib/gcc/arm-none-eabi/12.2.1/../../../arm-none-eabi/lib/thumb/v6-m/nofp/libc.a(lib_a-strlen-stub.o)
                0x0000000010006d00                strlen
 *(.fini)
 .fini          0x0000000010006d5c        0x4 /usr/lib/gcc/arm-none-eabi/12.2.1/thumb/v6-m/nofp/crti.o
                0x0000000010006d5c                _fini
 .fini.__stub   0x0000000010006d60       0xc0 linker stubs
 *crtbegin.o(.ctors)
 *crtbegin?.o(.ctors)
 *(EXCLUDE_FILE(*crtend.o *crtend?.o) .ctors)
 *(SORT_BY_NAME(.ctors.*))
 *(.ctors)
 *crtbegin.o(.dtors)
 *crtbegin?.o(.dtors)
 *(EXCLUDE_FILE(*crtend.o *crtend?.o) .dtors)
 *(SORT_BY_NAME(.dtors.*))
 *(.dtors)
 *(.eh_frame*)
 .eh_frame      0x0000000010006e20        0x0 /usr/lib/gcc/arm-none-eabi/12.2.1/thumb/v6-m/nofp/crtbegin.o
                0x0000000010006e20                . = ALIGN (0x4)

.glue_7         0x0000000010006e20        0x0
 .glue_7        0x0000000010006e20        0x0 linker stubs

.glue_7t        0x0000000010006e20        0x0
 .glue_7t       0x0000000010006e20        0x0 linker stubs

.vfp11_veneer   0x0000000010006e20        0x0
 .vfp11_veneer  0x0000000010006e20        0x0 linker stubs

.v4_bx          0x0000000010006e20        0x0
 .v4_bx         0x0000000010006e20        0x0 linker stubs

.iplt           0x0000000010006e20        0x0
 .iplt          0x0000000010006e20        0x0 /usr/lib/gcc/arm-none-eabi/12.2.1/thumb/v6-m/nofp/crtbegin.o

.rodata         0x0000000010006e20      0x650
 *(EXCLUDE_FILE(*libm.a: *libc.a:*lib_a-mem*.o *libgcc.a:) .rodata*)
 .rodata.deadlock_test_alarm.str1.4
                0x0000000010006e20       0x22 CMakeFiles/pico_stdio_test_usb.dir/pico_stdio_test.c.obj
 *fill*         0x0000000010006e42        0x2 
 .rodata.deadlock_test_core1.str1.4
                0x0000000010006e44       0x18 CMakeFiles/pico_stdio_test_usb.dir/pico_stdio_test.c.obj
 .rodata.main.str1.4
                0x0000000010006e5c      0x101 CMakeFiles/pico_stdio_test_usb.dir/pico_stdio_test.c.obj
 *fill*         0x0000000010006f5d        0x3 
 .rodata.str1.4
                0x0000000010006f60       0x28 CMakeFiles/pico_stdio_test_usb.dir/pico_stdio_test.c.obj
 .rodata.spin_lock_claim_unused.str1.4
                0x0000000010006f88       0x1b CMakeFiles/pico_stdio_test_usb.dir/__/__/src/rp2_common/hardware_sync/sync.c.obj
 *fill*         0x0000000010006fa3        0x1 
 .rodata.user_irq_claim_unused.str1.4
                0x0000000010006fa4       0x1b CMakeFiles/pico_stdio_test_usb.dir/__/__/src/rp2_common/hardware_irq/irq.c.obj
 *fill*         0x0000000010006fbf        0x1 
 .rodata.at_the_end_of_time
                0x0000000010006fc0        0x8 CMakeFiles/pico_stdio_test_usb.dir/__/__/src/common/pico_time/time.c.obj
                0x0000000010006fc0                at_the_end_of_time
 .rodata.hardware_alarm_claim.str1.4
                0x0000000010006fc8       0x22 CMakeFiles/pico_stdio_test_usb.dir/__/__/src/rp2_common/hardware_timer/timer.c.obj
 *fill*         0x0000000010006fea        0x2 
 .rodata.panic.str1.4
                0x0000000010006fec       0x10 CMakeFiles/pico_stdio_test_usb.dir/__/__/src/rp2_common/pico_runtime/runtime.c.obj
                                         0x12 (size before relaxing)
 .rodata.hard_assertion_failure.str1.4
                0x0000000010006ffc        0xc CMakeFiles/pico_stdio_test_usb.dir/__/__/src/rp2_common/pico_runtime/runtime.c.obj
 .rodata._ftoa.str1.4
                0x0000000010007008       0x15 CMakeFiles/pico_stdio_test_usb.dir/__/__/src/rp2_common/pico_printf/printf.c.obj
 *fill*         0x000000001000701d        0x3 
 .rodata._vsnprintf
                0x0000000010007020      0x19c CMakeFiles/pico_stdio_test_usb.dir/__/__/src/rp2_common/pico_printf/printf.c.obj
 *fill*         0x00000000100071bc        0x4 
 .rodata.pow10.0
                0x00000000100071c0       0x50 CMakeFiles/pico_stdio_test_usb.dir/__/__/src/rp2_common/pico_printf/printf.c.obj
 .rodata.str1.4
                0x0000000010007210       0x48 CMakeFiles/pico_stdio_test_usb.dir/__/__/src/rp2_common/pico_standard_link/binary_info.c.obj
 .rodata.__bi_81
                0x0000000010007258        0xc CMakeFiles/pico_stdio_test_usb.dir/__/__/src/rp2_common/pico_standard_link/binary_info.c.obj
 .rodata.__bi_75
                0x0000000010007264        0xc CMakeFiles/pico_stdio_test_usb.dir/__/__/src/rp2_common/pico_standard_link/binary_info.c.obj
 .rodata.__bi_44
                0x0000000010007270        0xc CMakeFiles/pico_stdio_test_usb.dir/__/__/src/rp2_common/pico_standard_link/binary_info.c.obj
 .rodata.crlf_str.0
                0x000000001000727c        0x2 CMakeFiles/pico_stdio_test_usb.dir/__/__/src/rp2_common/pico_stdio/stdio.c.obj
 *fill*         0x000000001000727e        0x2 
 .rodata._resetd_driver
                0x0000000010007280       0x18 CMakeFiles/pico_stdio_test_usb.dir/__/__/src/rp2_common/pico_stdio_usb/reset_interface.c.obj
 .rodata.str1.4
                0x0000000010007298       0x13 CMakeFiles/pico_stdio_test_usb.dir/__/__/src/rp2_common/pico_stdio_usb/stdio_usb.c.obj
 *fill*         0x00000000100072ab        0x1 
 .rodata.__bi_182.0
                0x00000000100072ac        0xc CMakeFiles/pico_stdio_test_usb.dir/__/__/src/rp2_common/pico_stdio_usb/stdio_usb.c.obj
 .rodata.str1.4
                0x00000000100072b8       0x2a CMakeFiles/pico_stdio_test_usb.dir/__/__/src/rp2_common/pico_stdio_usb/stdio_usb_descriptors.c.obj
 *fill*         0x00000000100072e2        0x2 
 .rodata.usbd_desc_str
                0x00000000100072e4       0x18 CMakeFiles/pico_stdio_test_usb.dir/__/__/src/rp2_common/pico_stdio_usb/stdio_usb_descriptors.c.obj
 .rodata.usbd_desc_cfg
                0x00000000100072fc       0x54 CMakeFiles/pico_stdio_test_usb.dir/__/__/src/rp2_common/pico_stdio_usb/stdio_usb_descriptors.c.obj
 .rodata.usbd_desc_device
                0x0000000010007350       0x12 CMakeFiles/pico_stdio_test_usb.dir/__/__/src/rp2_common/pico_stdio_usb/stdio_usb_descriptors.c.obj
 *fill*         0x0000000010007362        0x2 
 .rodata.str1.4
                0x0000000010007364       0x14 CMakeFiles/pico_stdio_test_usb.dir/__/__/lib/tinyusb/src/portable/raspberrypi/rp2040/dcd_rp2040.c.obj
 .rodata.str1.4
                0x0000000010007378       0x53 CMakeFiles/pico_stdio_test_usb.dir/__/__/lib/tinyusb/src/portable/raspberrypi/rp2040/rp2040_usb.c.obj
 *fill*         0x00000000100073cb        0x1 
 .rodata.tud_task_ext
                0x00000000100073cc       0x8c CMakeFiles/pico_stdio_test_usb.dir/__/__/lib/tinyusb/src/device/usbd.c.obj
 .rodata._usbd_driver
                0x0000000010007458       0x18 CMakeFiles/pico_stdio_test_usb.dir/__/__/lib/tinyusb/src/device/usbd.c.obj
                0x0000000010007470                . = ALIGN (0x4)
 *(SORT_BY_ALIGNMENT(SORT_BY_NAME(.flashdata*)))
                0x0000000010007470                . = ALIGN (0x4)

.ARM.extab
 *(.ARM.extab* .gnu.linkonce.armextab.*)
                0x0000000010007470                __exidx_start = .

.ARM.exidx
 *(.ARM.exidx* .gnu.linkonce.armexidx.*)
                0x0000000010007470                __exidx_end = .
                0x0000000010007470                . = ALIGN (0x4)
                0x0000000010007470                __binary_info_start = .

.binary_info    0x0000000010007470       0x20
 *(.binary_info.keep.*)
 .binary_info.keep.__bi_ptr81
                0x0000000010007470        0x4 CMakeFiles/pico_stdio_test_usb.dir/__/__/src/rp2_common/pico_standard_link/binary_info.c.obj
 .binary_info.keep.__bi_ptr75
                0x0000000010007474        0x4 CMakeFiles/pico_stdio_test_usb.dir/__/__/src/rp2_common/pico_standard_link/binary_info.c.obj
 .binary_info.keep.__bi_ptr50
                0x0000000010007478        0x4 CMakeFiles/pico_stdio_test_usb.dir/__/__/src/rp2_common/pico_standard_link/binary_info.c.obj
 .binary_info.keep.__bi_ptr44
                0x000000001000747c        0x4 CMakeFiles/pico_stdio_test_usb.dir/__/__/src/rp2_common/pico_standard_link/binary_info.c.obj
 .binary_info.keep.__bi_ptr38
                0x0000000010007480        0x4 CMakeFiles/pico_stdio_test_usb.dir/__/__/src/rp2_common/pico_standard_link/binary_info.c.obj
 .binary_info.keep.__bi_ptr30
                0x0000000010007484        0x4 CMakeFiles/pico_stdio_test_usb.dir/__/__/src/rp2_common/pico_standard_link/binary_info.c.obj
 .binary_info.keep.__bi_ptr22
                0x0000000010007488        0x4 CMakeFiles/pico_stdio_test_usb.dir/__/__/src/rp2_common/pico_standard_link/binary_info.c.obj
 *(.binary_info.*)
 .binary_info.__bi_ptr182
                0x000000001000748c        0x4 CMakeFiles/pico_stdio_test_usb.dir/__/__/src/rp2_common/pico_stdio_usb/stdio_usb.c.obj
                0x0000000010007490                __binary_info_end = .

.rel.dyn        0x0000000010007490        0x0
 .rel.iplt      0x0000000010007490        0x0 /usr/lib/gcc/arm-none-eabi/12.2.1/thumb/v6-m/nofp/crtbegin.o
                0x0000000010007490                . = ALIGN (0x4)

.ram_vector_table
                0x0000000020000000       0xc0
 *(.ram_vector_table)
 .ram_vector_table
                0x0000000020000000       0xc0 CMakeFiles/pico_stdio_test_usb.dir/__/__/src/rp2_common/pico_runtime/runtime.c.obj
                0x0000000020000000                ram_vector_table

.data           0x00000000200000c0      0xe38 load address 0x0000000010007490
                0x00000000200000c0                __data_start__ = .
 *(vtable)
 *(.time_critical*)
 .time_critical.mutex_try_enter
                0x00000000200000c0       0x40 CMakeFiles/pico_stdio_test_usb.dir/__/__/src/common/pico_sync/mutex.c.obj
                0x00000000200000c0                mutex_try_enter
 .time_critical.mutex_try_enter_block_until
                0x0000000020000100       0x9c CMakeFiles/pico_stdio_test_usb.dir/__/__/src/common/pico_sync/mutex.c.obj
                0x0000000020000100                mutex_try_enter_block_until
 .time_critical.mutex_enter_timeout_ms
                0x000000002000019c       0x90 CMakeFiles/pico_stdio_test_usb.dir/__/__/src/common/pico_sync/mutex.c.obj
                0x000000002000019c                mutex_enter_timeout_ms
 .time_critical.mutex_exit
                0x000000002000022c       0x28 CMakeFiles/pico_stdio_test_usb.dir/__/__/src/common/pico_sync/mutex.c.obj
                0x000000002000022c                mutex_exit
 .time_critical.flash_init_boot2_copyout
                0x0000000020000254       0x30 CMakeFiles/pico_stdio_test_usb.dir/__/__/src/rp2_common/hardware_flash/flash.c.obj
 .time_critical.flash_enable_xip_via_boot2
                0x0000000020000284        0xc CMakeFiles/pico_stdio_test_usb.dir/__/__/src/rp2_common/hardware_flash/flash.c.obj
 .time_critical.flash_cs_force
                0x0000000020000290       0x38 CMakeFiles/pico_stdio_test_usb.dir/__/__/src/rp2_common/hardware_flash/flash.c.obj
 .time_critical.flash_do_cmd
                0x00000000200002c8       0xc0 CMakeFiles/pico_stdio_test_usb.dir/__/__/src/rp2_common/hardware_flash/flash.c.obj
                0x00000000200002c8                flash_do_cmd
 .time_critical.reset_non_control_endpoints
                0x0000000020000388       0x68 CMakeFiles/pico_stdio_test_usb.dir/__/__/lib/tinyusb/src/portable/raspberrypi/rp2040/dcd_rp2040.c.obj
 .time_critical.hw_handle_buff_status
                0x00000000200003f0       0xac CMakeFiles/pico_stdio_test_usb.dir/__/__/lib/tinyusb/src/portable/raspberrypi/rp2040/dcd_rp2040.c.obj
 .time_critical.dcd_rp2040_irq
                0x000000002000049c      0x510 CMakeFiles/pico_stdio_test_usb.dir/__/__/lib/tinyusb/src/portable/raspberrypi/rp2040/dcd_rp2040.c.obj
 .time_critical.e15_is_bulkin_ep
                0x00000000200009ac       0x28 CMakeFiles/pico_stdio_test_usb.dir/__/__/lib/tinyusb/src/portable/raspberrypi/rp2040/rp2040_usb.c.obj
 .time_critical.e15_is_critical_frame_period
                0x00000000200009d4       0x34 CMakeFiles/pico_stdio_test_usb.dir/__/__/lib/tinyusb/src/portable/raspberrypi/rp2040/rp2040_usb.c.obj
 .time_critical.prepare_ep_buffer
                0x0000000020000a08       0x6c CMakeFiles/pico_stdio_test_usb.dir/__/__/lib/tinyusb/src/portable/raspberrypi/rp2040/rp2040_usb.c.obj
 .time_critical.sync_ep_buffer
                0x0000000020000a74       0x48 CMakeFiles/pico_stdio_test_usb.dir/__/__/lib/tinyusb/src/portable/raspberrypi/rp2040/rp2040_usb.c.obj
 .time_critical._hw_endpoint_xfer_sync
                0x0000000020000abc       0x28 CMakeFiles/pico_stdio_test_usb.dir/__/__/lib/tinyusb/src/portable/raspberrypi/rp2040/rp2040_usb.c.obj
 .time_critical.hw_endpoint_reset_transfer
                0x0000000020000ae4        0xc CMakeFiles/pico_stdio_test_usb.dir/__/__/lib/tinyusb/src/portable/raspberrypi/rp2040/rp2040_usb.c.obj
                0x0000000020000ae4                hw_endpoint_reset_transfer
 .time_critical._hw_endpoint_buffer_control_update32
                0x0000000020000af0       0x58 CMakeFiles/pico_stdio_test_usb.dir/__/__/lib/tinyusb/src/portable/raspberrypi/rp2040/rp2040_usb.c.obj
                0x0000000020000af0                _hw_endpoint_buffer_control_update32
 .time_critical.hw_endpoint_start_next_buffer
                0x0000000020000b48       0x6c CMakeFiles/pico_stdio_test_usb.dir/__/__/lib/tinyusb/src/portable/raspberrypi/rp2040/rp2040_usb.c.obj
                0x0000000020000b48                hw_endpoint_start_next_buffer
 .time_critical.hw_endpoint_xfer_continue
                0x0000000020000bb4       0x50 CMakeFiles/pico_stdio_test_usb.dir/__/__/lib/tinyusb/src/portable/raspberrypi/rp2040/rp2040_usb.c.obj
                0x0000000020000bb4                hw_endpoint_xfer_continue
 .time_critical.tinyusb
                0x0000000020000c04      0x170 CMakeFiles/pico_stdio_test_usb.dir/__/__/lib/tinyusb/src/device/usbd.c.obj
                0x0000000020000c04                dcd_event_handler
 *(.text*)
 .text          0x0000000020000d74        0x4 /usr/lib/gcc/arm-none-eabi/12.2.1/thumb/v6-m/nofp/libgcc.a(_dvmd_tls.o)
                0x0000000020000d74                __aeabi_ldiv0
                0x0000000020000d74                __aeabi_idiv0
 .text.__stub   0x0000000020000d78       0x70 linker stubs
                0x0000000020000de8                . = ALIGN (0x4)
 *(.rodata*)
                0x0000000020000de8                . = ALIGN (0x4)
 *(.data*)
 .data.picotest_description
                0x0000000020000de8        0x4 CMakeFiles/pico_stdio_test_usb.dir/pico_stdio_test.c.obj
                0x0000000020000de8                picotest_description
 .data.picotest_module
                0x0000000020000dec        0x4 CMakeFiles/pico_stdio_test_usb.dir/pico_stdio_test.c.obj
                0x0000000020000dec                picotest_module
 .data.striped_spin_lock_num
                0x0000000020000df0        0x1 CMakeFiles/pico_stdio_test_usb.dir/__/__/src/rp2_common/hardware_sync/sync.c.obj
 *fill*         0x0000000020000df1        0x3 
 .data          0x0000000020000df4       0x48 CMakeFiles/pico_stdio_test_usb.dir/__/__/src/rp2_common/hardware_irq/irq_handler_chain.S.obj
                0x0000000020000df4                irq_handler_chain_slots
                0x0000000020000e24                irq_handler_chain_first_slot
                0x0000000020000e2e                irq_handler_chain_remove_tail
 .data.default_alarm_pool
                0x0000000020000e3c       0x18 CMakeFiles/pico_stdio_test_usb.dir/__/__/src/common/pico_time/time.c.obj
 .data.default_alarm_pool_heap
                0x0000000020000e54       0x10 CMakeFiles/pico_stdio_test_usb.dir/__/__/src/common/pico_time/time.c.obj
 *fill*         0x0000000020000e64        0xc 
 .data.aeabi_bits_funcs
                0x0000000020000e70       0x10 CMakeFiles/pico_stdio_test_usb.dir/__/__/src/rp2_common/pico_bit_ops/bit_ops_aeabi.S.obj
                0x0000000020000e70                aeabi_bits_funcs
                0x0000000020000e80                aeabi_bits_funcs_end
 .data.aeabi_mem_funcs
                0x0000000020000e80       0x10 CMakeFiles/pico_stdio_test_usb.dir/__/__/src/rp2_common/pico_mem_ops/mem_ops_aeabi.S.obj
                0x0000000020000e80                aeabi_mem_funcs
                0x0000000020000e90                aeabi_mem_funcs_end
 .data.stdio_usb
                0x0000000020000e90       0x18 CMakeFiles/pico_stdio_test_usb.dir/__/__/src/rp2_common/pico_stdio_usb/stdio_usb.c.obj
                0x0000000020000e90                stdio_usb
 .data.ep_dir_string
                0x0000000020000ea8        0x8 CMakeFiles/pico_stdio_test_usb.dir/__/__/lib/tinyusb/src/portable/raspberrypi/rp2040/rp2040_usb.c.obj
                0x0000000020000ea8                ep_dir_string
 .data._usbd_qdef
                0x0000000020000eb0       0x1c CMakeFiles/pico_stdio_test_usb.dir/__/__/lib/tinyusb/src/device/usbd.c.obj
                0x0000000020000eb0                _usbd_qdef
 .data._usbd_rhport
                0x0000000020000ecc        0x1 CMakeFiles/pico_stdio_test_usb.dir/__/__/lib/tinyusb/src/device/usbd.c.obj
                0x0000000020000ed0                . = ALIGN (0x4)
 *fill*         0x0000000020000ecd        0x3 
 *(.after_data.*)
                0x0000000020000ed0                . = ALIGN (0x4)
                0x0000000020000ed0                PROVIDE (__mutex_array_start = .)
 *(SORT_BY_NAME(.mutex_array.*))
 *(.mutex_array)
 .mutex_array   0x0000000020000ed0        0x8 CMakeFiles/pico_stdio_test_usb.dir/__/__/src/rp2_common/pico_malloc/pico_malloc.c.obj
 .mutex_array   0x0000000020000ed8        0x8 CMakeFiles/pico_stdio_test_usb.dir/__/__/src/rp2_common/pico_stdio/stdio.c.obj
                0x0000000020000ee0                PROVIDE (__mutex_array_end = .)
                0x0000000020000ee0                . = ALIGN (0x4)
                0x0000000020000ee0                PROVIDE (__preinit_array_start = .)
 *(SORT_BY_NAME(.preinit_array.*))
 .preinit_array.00001
                0x0000000020000ee0        0x4 CMakeFiles/pico_stdio_test_usb.dir/__/__/src/rp2_common/pico_mem_ops/mem_ops_aeabi.S.obj
 .preinit_array.00010
                0x0000000020000ee4        0x4 CMakeFiles/pico_stdio_test_usb.dir/__/__/src/rp2_common/pico_bit_ops/bit_ops_aeabi.S.obj
 .preinit_array.00020
                0x0000000020000ee8        0x4 CMakeFiles/pico_stdio_test_usb.dir/__/__/src/rp2_common/pico_double/double_aeabi.S.obj
 .preinit_array.00020
                0x0000000020000eec        0x4 CMakeFiles/pico_stdio_test_usb.dir/__/__/src/rp2_common/pico_float/float_aeabi.S.obj
 *(.preinit_array)
                0x0000000020000ef0                PROVIDE (__preinit_array_end = .)
                0x0000000020000ef0                . = ALIGN (0x4)
                0x0000000020000ef0                PROVIDE (__init_array_start = .)
 *(SORT_BY_NAME(.init_array.*))
 *(.init_array)
 .init_array    0x0000000020000ef0        0x4 /usr/lib/gcc/arm-none-eabi/12.2.1/thumb/v6-m/nofp/crtbegin.o
 .init_array    0x0000000020000ef4        0x4 CMakeFiles/pico_stdio_test_usb.dir/__/__/src/rp2_common/pico_unique_id/unique_id.c.obj
                0x0000000020000ef8                PROVIDE (__init_array_end = .)
                0x0000000020000ef8                . = ALIGN (0x4)
                0x0000000020000ef8                PROVIDE (__fini_array_start = .)
 *(SORT_BY_NAME(.fini_array.*))
 *(.fini_array)
                0x0000000020000ef8                PROVIDE (__fini_array_end = .)
 *(.jcr)
                0x0000000020000ef8                . = ALIGN (0x4)
                0x0000000020000ef8                __data_end__ = .
                0x0000000010007490                __etext = LOADADDR (.data)

.tm_clone_table
                0x0000000020000ef8        0x0 load address 0x00000000100082c8
 .tm_clone_table
                0x0000000020000ef8        0x0 /usr/lib/gcc/arm-none-eabi/12.2.1/thumb/v6-m/nofp/crtbegin.o
 .tm_clone_table
                0x0000000020000ef8        0x0 /usr/lib/gcc/arm-none-eabi/12.2.1/thumb/v6-m/nofp/crtend.o

.igot.plt       0x0000000020000ef8        0x0 load address 0x00000000100082c8
 .igot.plt      0x0000000020000ef8        0x0 /usr/lib/gcc/arm-none-eabi/12.2.1/thumb/v6-m/nofp/crtbegin.o

.uninitialized_data
                0x0000000020000ef8        0x0 load address 0x00000000100082c8
                0x0000000020000ef8                . = ALIGN (0x4)
 *(.uninitialized_data*)

.scratch_x      0x0000000020040000        0x0 load address 0x00000000100082c8
                0x0000000020040000                __scratch_x_start__ = .
 *(.scratch_x.*)
                0x0000000020040000                . = ALIGN (0x4)
                0x0000000020040000                __scratch_x_end__ = .
                0x00000000100082c8                __scratch_x_source__ = LOADADDR (.scratch_x)

.scratch_y      0x0000000020041000        0x0 load address 0x00000000100082c8
                0x0000000020041000                __scratch_y_start__ = .
 *(.scratch_y.*)
                0x0000000020041000                . = ALIGN (0x4)
                0x0000000020041000                __scratch_y_end__ = .
                0x00000000100082c8                __scratch_y_source__ = LOADADDR (.scratch_y)

.bss            0x0000000020000ef8      0xd94
                0x0000000020000ef8                . = ALIGN (0x4)
                0x0000000020000ef8                __bss_start__ = .
 *(SORT_BY_ALIGNMENT(SORT_BY_NAME(.bss*)))
 .bss.configured_freq
                0x0000000020000ef8       0x28 CMakeFiles/pico_stdio_test_usb.dir/__/__/src/rp2_common/hardware_clocks/clocks.c.obj
 .bss.default_alarm_pool_entries
                0x0000000020000f20      0x100 CMakeFiles/pico_stdio_test_usb.dir/__/__/src/common/pico_time/time.c.obj
 .bss.last_avail_time.1
                0x0000000020001020        0x8 CMakeFiles/pico_stdio_test_usb.dir/__/__/src/rp2_common/pico_stdio_usb/stdio_usb.c.obj
 .bss.sd_table  0x0000000020001028      0x100 CMakeFiles/pico_stdio_test_usb.dir/__/__/src/rp2_common/pico_double/double_init_rom.c.obj
                0x0000000020001028                sd_table
 .bss.sf_table  0x0000000020001128      0x100 CMakeFiles/pico_stdio_test_usb.dir/__/__/src/rp2_common/pico_float/float_init_rom.c.obj
                0x0000000020001128                sf_table
 .bss           0x0000000020001228       0x1c /usr/lib/gcc/arm-none-eabi/12.2.1/thumb/v6-m/nofp/crtbegin.o
 .bss._app_driver
                0x0000000020001244        0x4 CMakeFiles/pico_stdio_test_usb.dir/__/__/lib/tinyusb/src/device/usbd.c.obj
 .bss._cdcd_itf
                0x0000000020001248      0x2c8 CMakeFiles/pico_stdio_test_usb.dir/__/__/lib/tinyusb/src/class/cdc/cdc_device.c.obj
 .bss._ctrl_xfer
                0x0000000020001510       0x14 CMakeFiles/pico_stdio_test_usb.dir/__/__/lib/tinyusb/src/device/usbd_control.c.obj
 .bss._ubsd_mutexdef
                0x0000000020001524        0x8 CMakeFiles/pico_stdio_test_usb.dir/__/__/lib/tinyusb/src/device/usbd.c.obj
 .bss._usbd_ctrl_buf
                0x000000002000152c       0x40 CMakeFiles/pico_stdio_test_usb.dir/__/__/lib/tinyusb/src/device/usbd_control.c.obj
 .bss._usbd_dev
                0x000000002000156c       0x53 CMakeFiles/pico_stdio_test_usb.dir/__/__/lib/tinyusb/src/device/usbd.c.obj
 *fill*         0x00000000200015bf        0x1 
 .bss._usbd_mutex
                0x00000000200015c0        0x4 CMakeFiles/pico_stdio_test_usb.dir/__/__/lib/tinyusb/src/device/usbd.c.obj
 .bss._usbd_q   0x00000000200015c4        0x4 CMakeFiles/pico_stdio_test_usb.dir/__/__/lib/tinyusb/src/device/usbd.c.obj
 .bss._usbd_qdef_buf
                0x00000000200015c8       0xc0 CMakeFiles/pico_stdio_test_usb.dir/__/__/lib/tinyusb/src/device/usbd.c.obj
                0x00000000200015c8                _usbd_qdef_buf
 .bss.alarm_callbacks
                0x0000000020001688       0x10 CMakeFiles/pico_stdio_test_usb.dir/__/__/src/rp2_common/hardware_timer/timer.c.obj
 .bss.boot2_copyout
                0x0000000020001698      0x100 CMakeFiles/pico_stdio_test_usb.dir/__/__/src/rp2_common/hardware_flash/flash.c.obj
 .bss.chars_available_callback
                0x0000000020001798        0x4 CMakeFiles/pico_stdio_test_usb.dir/__/__/src/rp2_common/pico_stdio_usb/stdio_usb.c.obj
 .bss.chars_available_param
                0x000000002000179c        0x4 CMakeFiles/pico_stdio_test_usb.dir/__/__/src/rp2_common/pico_stdio_usb/stdio_usb.c.obj
 .bss.claimed   0x00000000200017a0        0x4 CMakeFiles/pico_stdio_test_usb.dir/__/__/src/rp2_common/hardware_sync/sync.c.obj
 .bss.default_alarm_pool_entry_ids_high
                0x00000000200017a4       0x10 CMakeFiles/pico_stdio_test_usb.dir/__/__/src/common/pico_time/time.c.obj
 .bss.default_alarm_pool_heap_nodes
                0x00000000200017b4       0x30 CMakeFiles/pico_stdio_test_usb.dir/__/__/src/common/pico_time/time.c.obj
 .bss.desc_str.0
                0x00000000200017e4       0x28 CMakeFiles/pico_stdio_test_usb.dir/__/__/src/rp2_common/pico_stdio_usb/stdio_usb_descriptors.c.obj
 .bss.drivers   0x000000002000180c        0x4 CMakeFiles/pico_stdio_test_usb.dir/__/__/src/rp2_common/pico_stdio/stdio.c.obj
 .bss.e15_last_sof
                0x0000000020001810        0x4 CMakeFiles/pico_stdio_test_usb.dir/__/__/lib/tinyusb/src/portable/raspberrypi/rp2040/rp2040_usb.c.obj
                0x0000000020001810                e15_last_sof
 .bss.filter    0x0000000020001814        0x4 CMakeFiles/pico_stdio_test_usb.dir/__/__/src/rp2_common/pico_stdio/stdio.c.obj
 .bss.foo.0     0x0000000020001818        0x4 CMakeFiles/pico_stdio_test_usb.dir/pico_stdio_test.c.obj
 .bss.hw_endpoints
                0x000000002000181c      0x400 CMakeFiles/pico_stdio_test_usb.dir/__/__/lib/tinyusb/src/portable/raspberrypi/rp2040/dcd_rp2040.c.obj
 .bss.lazy_vsnprintf
                0x0000000020001c1c        0x4 CMakeFiles/pico_stdio_test_usb.dir/__/__/src/rp2_common/pico_printf/printf.c.obj
 .bss.load_value
                0x0000000020001c20        0x4 CMakeFiles/pico_stdio_test_usb.dir/__/__/src/rp2_common/hardware_watchdog/watchdog.c.obj
 .bss.next_buffer_ptr
                0x0000000020001c24        0x4 CMakeFiles/pico_stdio_test_usb.dir/__/__/lib/tinyusb/src/portable/raspberrypi/rp2040/dcd_rp2040.c.obj
 .bss.one_shot_timer_crit_sec
                0x0000000020001c28        0x8 CMakeFiles/pico_stdio_test_usb.dir/__/__/src/rp2_common/pico_stdio_usb/stdio_usb.c.obj
 .bss.picotest_error_code
                0x0000000020001c30        0x4 CMakeFiles/pico_stdio_test_usb.dir/pico_stdio_test.c.obj
                0x0000000020001c30                picotest_error_code
 .bss.pools     0x0000000020001c34       0x10 CMakeFiles/pico_stdio_test_usb.dir/__/__/src/common/pico_time/time.c.obj
 .bss.retrieved_id
                0x0000000020001c44        0x8 CMakeFiles/pico_stdio_test_usb.dir/__/__/src/rp2_common/pico_unique_id/unique_id.c.obj
 .bss.sf_clz_func
                0x0000000020001c4c        0x4 CMakeFiles/pico_stdio_test_usb.dir/__/__/src/rp2_common/pico_double/double_init_rom.c.obj
                0x0000000020001c4c                sf_clz_func
 .bss.sleep_notifier
                0x0000000020001c50        0x4 CMakeFiles/pico_stdio_test_usb.dir/__/__/src/common/pico_time/time.c.obj
 .bss.stdio_usb_mutex
                0x0000000020001c54        0x8 CMakeFiles/pico_stdio_test_usb.dir/__/__/src/rp2_common/pico_stdio_usb/stdio_usb.c.obj
 .bss.target_hi
                0x0000000020001c5c       0x10 CMakeFiles/pico_stdio_test_usb.dir/__/__/src/rp2_common/hardware_timer/timer.c.obj
 .bss.usbd_serial_str
                0x0000000020001c6c       0x11 CMakeFiles/pico_stdio_test_usb.dir/__/__/src/rp2_common/pico_stdio_usb/stdio_usb_descriptors.c.obj
 .bss._app_driver_count
                0x0000000020001c7d        0x1 CMakeFiles/pico_stdio_test_usb.dir/__/__/lib/tinyusb/src/device/usbd.c.obj
 .bss._sof_enable
                0x0000000020001c7e        0x1 CMakeFiles/pico_stdio_test_usb.dir/__/__/lib/tinyusb/src/portable/raspberrypi/rp2040/dcd_rp2040.c.obj
 .bss.boot2_copyout_valid
                0x0000000020001c7f        0x1 CMakeFiles/pico_stdio_test_usb.dir/__/__/src/rp2_common/hardware_flash/flash.c.obj
 .bss.claimed   0x0000000020001c80        0x1 CMakeFiles/pico_stdio_test_usb.dir/__/__/src/rp2_common/hardware_timer/timer.c.obj
 .bss.deadlock_test_done
                0x0000000020001c81        0x1 CMakeFiles/pico_stdio_test_usb.dir/pico_stdio_test.c.obj
 .bss.deadlock_test_irq_called
                0x0000000020001c82        0x1 CMakeFiles/pico_stdio_test_usb.dir/pico_stdio_test.c.obj
 .bss.irq_hander_chain_free_slot_head
                0x0000000020001c83        0x1 CMakeFiles/pico_stdio_test_usb.dir/__/__/src/rp2_common/hardware_irq/irq.c.obj
 .bss.itf_num   0x0000000020001c84        0x1 CMakeFiles/pico_stdio_test_usb.dir/__/__/src/rp2_common/pico_stdio_usb/reset_interface.c.obj
 .bss.low_priority_irq_num
                0x0000000020001c85        0x1 CMakeFiles/pico_stdio_test_usb.dir/__/__/src/rp2_common/pico_stdio_usb/stdio_usb.c.obj
 .bss.one_shot_timer_pending
                0x0000000020001c86        0x1 CMakeFiles/pico_stdio_test_usb.dir/__/__/src/rp2_common/pico_stdio_usb/stdio_usb.c.obj
 .bss.timer_callbacks_pending
                0x0000000020001c87        0x1 CMakeFiles/pico_stdio_test_usb.dir/__/__/src/rp2_common/hardware_timer/timer.c.obj
 .bss.user_irq_claimed
                0x0000000020001c88        0x1 CMakeFiles/pico_stdio_test_usb.dir/__/__/src/rp2_common/hardware_irq/irq.c.obj
 *(COMMON)
                0x0000000020001c8c                . = ALIGN (0x4)
 *fill*         0x0000000020001c89        0x3 
                0x0000000020001c8c                __bss_end__ = .

.heap           0x0000000020001c8c      0x800
                0x0000000020001c8c                __end__ = .
                0x0000000020001c8c                end = __end__
 *(.heap*)
 .heap          0x0000000020001c8c      0x800 CMakeFiles/pico_stdio_test_usb.dir/__/__/src/rp2_common/pico_standard_link/crt0.S.obj
                0x000000002000248c                __HeapLimit = .

.stack1_dummy   0x0000000020040000      0x800
 *(.stack1*)
 .stack1        0x0000000020040000      0x800 CMakeFiles/pico_stdio_test_usb.dir/__/__/src/rp2_common/pico_multicore/multicore.c.obj

.stack_dummy    0x0000000020041000      0x800
 *(.stack*)
 .stack         0x0000000020041000      0x800 CMakeFiles/pico_stdio_test_usb.dir/__/__/src/rp2_common/pico_standard_link/crt0.S.obj

.flash_end      0x00000000100082c8        0x0
                0x00000000100082c8                PROVIDE (__flash_binary_end = .)
                0x0000000020040000                __StackLimit = (ORIGIN (RAM) + LENGTH (RAM))
                0x0000000020041000                __StackOneTop = (ORIGIN (SCRATCH_X) + LENGTH (SCRATCH_X))
                0x0000000020042000                __StackTop = (ORIGIN (SCRATCH_Y) + LENGTH (SCRATCH_Y))
                0x0000000020040800                __StackOneBottom = (__StackOneTop - SIZEOF (.stack1_dummy))
                0x0000000020041800                __StackBottom = (__StackTop - SIZEOF (.stack_dummy))
                0x0000000020042000                PROVIDE (__stack = __StackTop)
                0x0000000000000001                ASSERT ((__StackLimit >= __HeapLimit), region RAM overflowed)
                0x0000000000000001                ASSERT (((__binary_info_header_end - __logical_binary_start) <= 0x100), Binary info must be in first 256 bytes of the binary)
LOAD CMakeFiles/pico_stdio_test_usb.dir/pico_stdio_test.c.obj
LOAD CMakeFiles/pico_stdio_test_usb.dir/__/__/src/rp2_common/pico_stdlib/stdlib.c.obj
LOAD CMakeFiles/pico_stdio_test_usb.dir/__/__/src/rp2_common/hardware_gpio/gpio.c.obj
LOAD CMakeFiles/pico_stdio_test_usb.dir/__/__/src/rp2_common/pico_platform/platform.c.obj
LOAD CMakeFiles/pico_stdio_test_usb.dir/__/__/src/rp2_common/hardware_claim/claim.c.obj
LOAD CMakeFiles/pico_stdio_test_usb.dir/__/__/src/rp2_common/hardware_sync/sync.c.obj
LOAD CMakeFiles/pico_stdio_test_usb.dir/__/__/src/rp2_common/hardware_irq/irq.c.obj
LOAD CMakeFiles/pico_stdio_test_usb.dir/__/__/src/rp2_common/hardware_irq/irq_handler_chain.S.obj
LOAD CMakeFiles/pico_stdio_test_usb.dir/__/__/src/common/pico_sync/sem.c.obj
LOAD CMakeFiles/pico_stdio_test_usb.dir/__/__/src/common/pico_sync/lock_core.c.obj
LOAD CMakeFiles/pico_stdio_test_usb.dir/__/__/src/common/pico_sync/mutex.c.obj
LOAD CMakeFiles/pico_stdio_test_usb.dir/__/__/src/common/pico_sync/critical_section.c.obj
LOAD CMakeFiles/pico_stdio_test_usb.dir/__/__/src/common/pico_time/time.c.obj
LOAD CMakeFiles/pico_stdio_test_usb.dir/__/__/src/common/pico_time/timeout_helper.c.obj
LOAD CMakeFiles/pico_stdio_test_usb.dir/__/__/src/rp2_common/hardware_timer/timer.c.obj
LOAD CMakeFiles/pico_stdio_test_usb.dir/__/__/src/common/pico_util/datetime.c.obj
LOAD CMakeFiles/pico_stdio_test_usb.dir/__/__/src/common/pico_util/pheap.c.obj
LOAD CMakeFiles/pico_stdio_test_usb.dir/__/__/src/common/pico_util/queue.c.obj
LOAD CMakeFiles/pico_stdio_test_usb.dir/__/__/src/rp2_common/hardware_uart/uart.c.obj
LOAD CMakeFiles/pico_stdio_test_usb.dir/__/__/src/rp2_common/hardware_clocks/clocks.c.obj
LOAD CMakeFiles/pico_stdio_test_usb.dir/__/__/src/rp2_common/hardware_pll/pll.c.obj
LOAD CMakeFiles/pico_stdio_test_usb.dir/__/__/src/rp2_common/hardware_vreg/vreg.c.obj
LOAD CMakeFiles/pico_stdio_test_usb.dir/__/__/src/rp2_common/hardware_watchdog/watchdog.c.obj
LOAD CMakeFiles/pico_stdio_test_usb.dir/__/__/src/rp2_common/hardware_xosc/xosc.c.obj
LOAD CMakeFiles/pico_stdio_test_usb.dir/__/__/src/rp2_common/hardware_divider/divider.S.obj
LOAD CMakeFiles/pico_stdio_test_usb.dir/__/__/src/rp2_common/pico_runtime/runtime.c.obj
LOAD CMakeFiles/pico_stdio_test_usb.dir/__/__/src/rp2_common/pico_printf/printf.c.obj
LOAD CMakeFiles/pico_stdio_test_usb.dir/__/__/src/rp2_common/pico_bit_ops/bit_ops_aeabi.S.obj
LOAD CMakeFiles/pico_stdio_test_usb.dir/__/__/src/rp2_common/pico_bootrom/bootrom.c.obj
LOAD CMakeFiles/pico_stdio_test_usb.dir/__/__/src/rp2_common/pico_divider/divider.S.obj
LOAD CMakeFiles/pico_stdio_test_usb.dir/__/__/src/rp2_common/pico_double/double_aeabi.S.obj
LOAD CMakeFiles/pico_stdio_test_usb.dir/__/__/src/rp2_common/pico_double/double_init_rom.c.obj
LOAD CMakeFiles/pico_stdio_test_usb.dir/__/__/src/rp2_common/pico_double/double_math.c.obj
LOAD CMakeFiles/pico_stdio_test_usb.dir/__/__/src/rp2_common/pico_double/double_v1_rom_shim.S.obj
LOAD CMakeFiles/pico_stdio_test_usb.dir/__/__/src/rp2_common/pico_int64_ops/pico_int64_ops_aeabi.S.obj
LOAD CMakeFiles/pico_stdio_test_usb.dir/__/__/src/rp2_common/pico_float/float_aeabi.S.obj
LOAD CMakeFiles/pico_stdio_test_usb.dir/__/__/src/rp2_common/pico_float/float_init_rom.c.obj
LOAD CMakeFiles/pico_stdio_test_usb.dir/__/__/src/rp2_common/pico_float/float_math.c.obj
LOAD CMakeFiles/pico_stdio_test_usb.dir/__/__/src/rp2_common/pico_float/float_v1_rom_shim.S.obj
LOAD CMakeFiles/pico_stdio_test_usb.dir/__/__/src/rp2_common/pico_malloc/pico_malloc.c.obj
LOAD CMakeFiles/pico_stdio_test_usb.dir/__/__/src/rp2_common/pico_mem_ops/mem_ops_aeabi.S.obj
LOAD CMakeFiles/pico_stdio_test_usb.dir/__/__/src/rp2_common/pico_standard_link/crt0.S.obj
LOAD CMakeFiles/pico_stdio_test_usb.dir/__/__/src/rp2_common/pico_standard_link/new_delete.cpp.obj
LOAD CMakeFiles/pico_stdio_test_usb.dir/__/__/src/rp2_common/pico_standard_link/binary_info.c.obj
LOAD CMakeFiles/pico_stdio_test_usb.dir/__/__/src/rp2_common/pico_stdio/stdio.c.obj
LOAD CMakeFiles/pico_stdio_test_usb.dir/__/__/src/rp2_common/pico_stdio_usb/reset_interface.c.obj
LOAD CMakeFiles/pico_stdio_test_usb.dir/__/__/src/rp2_common/pico_stdio_usb/stdio_usb.c.obj
LOAD CMakeFiles/pico_stdio_test_usb.dir/__/__/src/rp2_common/pico_stdio_usb/stdio_usb_descriptors.c.obj
LOAD CMakeFiles/pico_stdio_test_usb.dir/__/__/src/rp2_common/pico_unique_id/unique_id.c.obj
LOAD CMakeFiles/pico_stdio_test_usb.dir/__/__/src/rp2_common/hardware_flash/flash.c.obj
LOAD CMakeFiles/pico_stdio_test_usb.dir/__/__/lib/tinyusb/src/portable/raspberrypi/rp2040/dcd_rp2040.c.obj
LOAD CMakeFiles/pico_stdio_test_usb.dir/__/__/lib/tinyusb/src/portable/raspberrypi/rp2040/rp2040_usb.c.obj
LOAD CMakeFiles/pico_stdio_test_usb.dir/__/__/lib/tinyusb/src/device/usbd.c.obj
LOAD CMakeFiles/pico_stdio_test_usb.dir/__/__/lib/tinyusb/src/device/usbd_control.c.obj
LOAD CMakeFiles/pico_stdio_test_usb.dir/__/__/lib/tinyusb/src/class/audio/audio_device.c.obj
LOAD CMakeFiles/pico_stdio_test_usb.dir/__/__/lib/tinyusb/src/class/cdc/cdc_device.c.obj
LOAD CMakeFiles/pico_stdio_test_usb.dir/__/__/lib/tinyusb/src/class/dfu/dfu_device.c.obj
LOAD CMakeFiles/pico_stdio_test_usb.dir/__/__/lib/tinyusb/src/class/dfu/dfu_rt_device.c.obj
LOAD CMakeFiles/pico_stdio_test_usb.dir/__/__/lib/tinyusb/src/class/hid/hid_device.c.obj
LOAD CMakeFiles/pico_stdio_test_usb.dir/__/__/lib/tinyusb/src/class/midi/midi_device.c.obj
LOAD CMakeFiles/pico_stdio_test_usb.dir/__/__/lib/tinyusb/src/class/msc/msc_device.c.obj
LOAD CMakeFiles/pico_stdio_test_usb.dir/__/__/lib/tinyusb/src/class/net/ecm_rndis_device.c.obj
LOAD CMakeFiles/pico_stdio_test_usb.dir/__/__/lib/tinyusb/src/class/net/ncm_device.c.obj
LOAD CMakeFiles/pico_stdio_test_usb.dir/__/__/lib/tinyusb/src/class/usbtmc/usbtmc_device.c.obj
LOAD CMakeFiles/pico_stdio_test_usb.dir/__/__/lib/tinyusb/src/class/vendor/vendor_device.c.obj
LOAD CMakeFiles/pico_stdio_test_usb.dir/__/__/lib/tinyusb/src/class/video/video_device.c.obj
LOAD CMakeFiles/pico_stdio_test_usb.dir/__/__/lib/tinyusb/src/tusb.c.obj
LOAD CMakeFiles/pico_stdio_test_usb.dir/__/__/lib/tinyusb/src/common/tusb_fifo.c.obj
LOAD CMakeFiles/pico_stdio_test_usb.dir/__/__/src/rp2_common/pico_fix/rp2040_usb_device_enumeration/rp2040_usb_device_enumeration.c.obj
LOAD CMakeFiles/pico_stdio_test_usb.dir/__/__/src/rp2_common/pico_multicore/multicore.c.obj
LOAD /tmp/ccK91vTO.o
LOAD /usr/lib/gcc/arm-none-eabi/12.2.1/../../../arm-none-eabi/lib/thumb/v6-m/nofp/libstdc++.a
LOAD /usr/lib/gcc/arm-none-eabi/12.2.1/../../../arm-none-eabi/lib/thumb/v6-m/nofp/libm.a
START GROUP
LOAD /usr/lib/gcc/arm-none-eabi/12.2.1/thumb/v6-m/nofp/libgcc.a
LOAD /usr/lib/gcc/arm-none-eabi/12.2.1/../../../arm-none-eabi/lib/thumb/v6-m/nofp/libc.a
END GROUP
START GROUP
LOAD /usr/lib/gcc/arm-none-eabi/12.2.1/thumb/v6-m/nofp/libgcc.a
LOAD /usr/lib/gcc/arm-none-eabi/12.2.1/../../../arm-none-eabi/lib/thumb/v6-m/nofp/libc.a
LOAD /usr/lib/gcc/arm-none-eabi/12.2.1/../../../arm-none-eabi/lib/thumb/v6-m/nofp/libnosys.a
END GROUP
LOAD /usr/lib/gcc/arm-none-eabi/12.2.1/thumb/v6-m/nofp/crtend.o
LOAD /usr/lib/gcc/arm-none-eabi/12.2.1/thumb/v6-m/nofp/crtn.o
OUTPUT(pico_stdio_test_usb.elf elf32-littlearm)
LOAD linker stubs

.ARM.attributes
                0x0000000000000000       0x28
 .ARM.attributes
                0x0000000000000000       0x1e /usr/lib/gcc/arm-none-eabi/12.2.1/thumb/v6-m/nofp/crti.o
 .ARM.attributes
                0x000000000000001e       0x2c /usr/lib/gcc/arm-none-eabi/12.2.1/thumb/v6-m/nofp/crtbegin.o
 .ARM.attributes
                0x000000000000004a       0x2c CMakeFiles/pico_stdio_test_usb.dir/pico_stdio_test.c.obj
 .ARM.attributes
                0x0000000000000076       0x2c CMakeFiles/pico_stdio_test_usb.dir/__/__/src/rp2_common/pico_platform/platform.c.obj
 .ARM.attributes
                0x00000000000000a2       0x2c CMakeFiles/pico_stdio_test_usb.dir/__/__/src/rp2_common/hardware_claim/claim.c.obj
 .ARM.attributes
                0x00000000000000ce       0x2c CMakeFiles/pico_stdio_test_usb.dir/__/__/src/rp2_common/hardware_sync/sync.c.obj
 .ARM.attributes
                0x00000000000000fa       0x2c CMakeFiles/pico_stdio_test_usb.dir/__/__/src/rp2_common/hardware_irq/irq.c.obj
 .ARM.attributes
                0x0000000000000126       0x22 CMakeFiles/pico_stdio_test_usb.dir/__/__/src/rp2_common/hardware_irq/irq_handler_chain.S.obj
 .ARM.attributes
                0x0000000000000148       0x2c CMakeFiles/pico_stdio_test_usb.dir/__/__/src/common/pico_sync/lock_core.c.obj
 .ARM.attributes
                0x0000000000000174       0x2c CMakeFiles/pico_stdio_test_usb.dir/__/__/src/common/pico_sync/mutex.c.obj
 .ARM.attributes
                0x00000000000001a0       0x2c CMakeFiles/pico_stdio_test_usb.dir/__/__/src/common/pico_sync/critical_section.c.obj
 .ARM.attributes
                0x00000000000001cc       0x2c CMakeFiles/pico_stdio_test_usb.dir/__/__/src/common/pico_time/time.c.obj
 .ARM.attributes
                0x00000000000001f8       0x2c CMakeFiles/pico_stdio_test_usb.dir/__/__/src/rp2_common/hardware_timer/timer.c.obj
 .ARM.attributes
                0x0000000000000224       0x2c CMakeFiles/pico_stdio_test_usb.dir/__/__/src/common/pico_util/pheap.c.obj
 .ARM.attributes
                0x0000000000000250       0x2c CMakeFiles/pico_stdio_test_usb.dir/__/__/src/rp2_common/hardware_clocks/clocks.c.obj
 .ARM.attributes
                0x000000000000027c       0x2c CMakeFiles/pico_stdio_test_usb.dir/__/__/src/rp2_common/hardware_pll/pll.c.obj
 .ARM.attributes
                0x00000000000002a8       0x2c CMakeFiles/pico_stdio_test_usb.dir/__/__/src/rp2_common/hardware_watchdog/watchdog.c.obj
 .ARM.attributes
                0x00000000000002d4       0x2c CMakeFiles/pico_stdio_test_usb.dir/__/__/src/rp2_common/hardware_xosc/xosc.c.obj
 .ARM.attributes
                0x0000000000000300       0x2c CMakeFiles/pico_stdio_test_usb.dir/__/__/src/rp2_common/pico_runtime/runtime.c.obj
 .ARM.attributes
                0x000000000000032c       0x2c CMakeFiles/pico_stdio_test_usb.dir/__/__/src/rp2_common/pico_printf/printf.c.obj
 .ARM.attributes
                0x0000000000000358       0x22 CMakeFiles/pico_stdio_test_usb.dir/__/__/src/rp2_common/pico_bit_ops/bit_ops_aeabi.S.obj
 .ARM.attributes
                0x000000000000037a       0x2c CMakeFiles/pico_stdio_test_usb.dir/__/__/src/rp2_common/pico_bootrom/bootrom.c.obj
 .ARM.attributes
                0x00000000000003a6       0x22 CMakeFiles/pico_stdio_test_usb.dir/__/__/src/rp2_common/pico_divider/divider.S.obj
 .ARM.attributes
                0x00000000000003c8       0x22 CMakeFiles/pico_stdio_test_usb.dir/__/__/src/rp2_common/pico_double/double_aeabi.S.obj
 .ARM.attributes
                0x00000000000003ea       0x2c CMakeFiles/pico_stdio_test_usb.dir/__/__/src/rp2_common/pico_double/double_init_rom.c.obj
 .ARM.attributes
                0x0000000000000416       0x22 CMakeFiles/pico_stdio_test_usb.dir/__/__/src/rp2_common/pico_double/double_v1_rom_shim.S.obj
 .ARM.attributes
                0x0000000000000438       0x22 CMakeFiles/pico_stdio_test_usb.dir/__/__/src/rp2_common/pico_int64_ops/pico_int64_ops_aeabi.S.obj
 .ARM.attributes
                0x000000000000045a       0x22 CMakeFiles/pico_stdio_test_usb.dir/__/__/src/rp2_common/pico_float/float_aeabi.S.obj
 .ARM.attributes
                0x000000000000047c       0x2c CMakeFiles/pico_stdio_test_usb.dir/__/__/src/rp2_common/pico_float/float_init_rom.c.obj
 .ARM.attributes
                0x00000000000004a8       0x22 CMakeFiles/pico_stdio_test_usb.dir/__/__/src/rp2_common/pico_float/float_v1_rom_shim.S.obj
 .ARM.attributes
                0x00000000000004ca       0x2c CMakeFiles/pico_stdio_test_usb.dir/__/__/src/rp2_common/pico_malloc/pico_malloc.c.obj
 .ARM.attributes
                0x00000000000004f6       0x22 CMakeFiles/pico_stdio_test_usb.dir/__/__/src/rp2_common/pico_mem_ops/mem_ops_aeabi.S.obj
 .ARM.attributes
                0x0000000000000518       0x22 CMakeFiles/pico_stdio_test_usb.dir/__/__/src/rp2_common/pico_standard_link/crt0.S.obj
 .ARM.attributes
                0x000000000000053a       0x2c CMakeFiles/pico_stdio_test_usb.dir/__/__/src/rp2_common/pico_standard_link/binary_info.c.obj
 .ARM.attributes
                0x0000000000000566       0x2c CMakeFiles/pico_stdio_test_usb.dir/__/__/src/rp2_common/pico_stdio/stdio.c.obj
 .ARM.attributes
                0x0000000000000592       0x2c CMakeFiles/pico_stdio_test_usb.dir/__/__/src/rp2_common/pico_stdio_usb/reset_interface.c.obj
 .ARM.attributes
                0x00000000000005be       0x2c CMakeFiles/pico_stdio_test_usb.dir/__/__/src/rp2_common/pico_stdio_usb/stdio_usb.c.obj
 .ARM.attributes
                0x00000000000005ea       0x2c CMakeFiles/pico_stdio_test_usb.dir/__/__/src/rp2_common/pico_stdio_usb/stdio_usb_descriptors.c.obj
 .ARM.attributes
                0x0000000000000616       0x2c CMakeFiles/pico_stdio_test_usb.dir/__/__/src/rp2_common/pico_unique_id/unique_id.c.obj
 .ARM.attributes
                0x0000000000000642       0x2c CMakeFiles/pico_stdio_test_usb.dir/__/__/src/rp2_common/hardware_flash/flash.c.obj
 .ARM.attributes
                0x000000000000066e       0x2c CMakeFiles/pico_stdio_test_usb.dir/__/__/lib/tinyusb/src/portable/raspberrypi/rp2040/dcd_rp2040.c.obj
 .ARM.attributes
                0x000000000000069a       0x2c CMakeFiles/pico_stdio_test_usb.dir/__/__/lib/tinyusb/src/portable/raspberrypi/rp2040/rp2040_usb.c.obj
 .ARM.attributes
                0x00000000000006c6       0x2c CMakeFiles/pico_stdio_test_usb.dir/__/__/lib/tinyusb/src/device/usbd.c.obj
 .ARM.attributes
                0x00000000000006f2       0x2c CMakeFiles/pico_stdio_test_usb.dir/__/__/lib/tinyusb/src/device/usbd_control.c.obj
 .ARM.attributes
                0x000000000000071e       0x2c CMakeFiles/pico_stdio_test_usb.dir/__/__/lib/tinyusb/src/class/cdc/cdc_device.c.obj
 .ARM.attributes
                0x000000000000074a       0x2c CMakeFiles/pico_stdio_test_usb.dir/__/__/lib/tinyusb/src/tusb.c.obj
 .ARM.attributes
                0x0000000000000776       0x2c CMakeFiles/pico_stdio_test_usb.dir/__/__/lib/tinyusb/src/common/tusb_fifo.c.obj
 .ARM.attributes
                0x00000000000007a2       0x2c CMakeFiles/pico_stdio_test_usb.dir/__/__/src/rp2_common/pico_multicore/multicore.c.obj
 .ARM.attributes
                0x00000000000007ce       0x22 /tmp/ccK91vTO.o
 .ARM.attributes
                0x00000000000007f0       0x1e /usr/lib/gcc/arm-none-eabi/12.2.1/thumb/v6-m/nofp/libgcc.a(_dvmd_tls.o)
 .ARM.attributes
                0x000000000000080e       0x2c /usr/lib/gcc/arm-none-eabi/12.2.1/../../../arm-none-eabi/lib/thumb/v6-m/nofp/libc.a(lib_a-strlen-stub.o)
 .ARM.attributes
                0x000000000000083a       0x2c /usr/lib/gcc/arm-none-eabi/12.2.1/thumb/v6-m/nofp/crtend.o

.comment        0x0000000000000000       0x59
 .comment       0x0000000000000000       0x26 /usr/lib/gcc/arm-none-eabi/12.2.1/thumb/v6-m/nofp/crtbegin.o
                                         0x27 (size before relaxing)
 .comment       0x0000000000000026       0x27 CMakeFiles/pico_stdio_test_usb.dir/pico_stdio_test.c.obj
 .comment       0x0000000000000026       0x27 CMakeFiles/pico_stdio_test_usb.dir/__/__/src/rp2_common/pico_platform/platform.c.obj
 .comment       0x0000000000000026       0x27 CMakeFiles/pico_stdio_test_usb.dir/__/__/src/rp2_common/hardware_claim/claim.c.obj
 .comment       0x0000000000000026       0x27 CMakeFiles/pico_stdio_test_usb.dir/__/__/src/rp2_common/hardware_sync/sync.c.obj